Component: Arm Compiler for Embedded 6.18 Tool: armlink [5e4cc100]

==============================================================================

Section Cross References

    startup_at32f415.o(RESET) refers to startup_at32f415.o(STACK) for __initial_sp
    startup_at32f415.o(RESET) refers to startup_at32f415.o(.text) for Reset_Handler
    startup_at32f415.o(RESET) refers to lto-llvm-a2ddd2.o(.text.NMI_Handler) for NMI_Handler
    startup_at32f415.o(RESET) refers to lto-llvm-a2ddd2.o(.text.HardFault_Handler) for HardFault_Handler
    startup_at32f415.o(RESET) refers to lto-llvm-a2ddd2.o(.text.MemManage_Handler) for MemManage_Handler
    startup_at32f415.o(RESET) refers to lto-llvm-a2ddd2.o(.text.BusFault_Handler) for BusFault_Handler
    startup_at32f415.o(RESET) refers to lto-llvm-a2ddd2.o(.text.UsageFault_Handler) for UsageFault_Handler
    startup_at32f415.o(RESET) refers to lto-llvm-a2ddd2.o(.text.SVC_Handler) for SVC_Handler
    startup_at32f415.o(RESET) refers to lto-llvm-a2ddd2.o(.text.DebugMon_Handler) for DebugMon_Handler
    startup_at32f415.o(RESET) refers to lto-llvm-a2ddd2.o(.text.PendSV_Handler) for PendSV_Handler
    startup_at32f415.o(RESET) refers to lto-llvm-a2ddd2.o(.text.SysTick_Handler) for SysTick_Handler
    startup_at32f415.o(RESET) refers to lto-llvm-a2ddd2.o(.text.TMR2_GLOBAL_IRQHandler) for TMR2_GLOBAL_IRQHandler
    startup_at32f415.o(RESET) refers to lto-llvm-a2ddd2.o(.text.TMR3_GLOBAL_IRQHandler) for TMR3_GLOBAL_IRQHandler
    startup_at32f415.o(RESET) refers to lto-llvm-a2ddd2.o(.text.USART1_IRQHandler) for USART1_IRQHandler
    startup_at32f415.o(RESET) refers to lto-llvm-a2ddd2.o(.text.USART2_IRQHandler) for USART2_IRQHandler
    startup_at32f415.o(RESET) refers to lto-llvm-a2ddd2.o(.text.USART3_IRQHandler) for USART3_IRQHandler
    startup_at32f415.o(RESET) refers to lto-llvm-a2ddd2.o(.text.EXINT15_10_IRQHandler) for EXINT15_10_IRQHandler
    startup_at32f415.o(RESET) refers to lto-llvm-a2ddd2.o(.text.UART4_IRQHandler) for UART4_IRQHandler
    startup_at32f415.o(RESET) refers to lto-llvm-a2ddd2.o(.text.UART5_IRQHandler) for UART5_IRQHandler
    startup_at32f415.o(.text) refers to lto-llvm-a2ddd2.o(.text.SystemInit) for SystemInit
    startup_at32f415.o(.text) refers to entry.o(.ARM.Collect$$$$00000000) for __main
    entry.o(.ARM.Collect$$$$00000000) refers (Special) to entry10a.o(.ARM.Collect$$$$0000000D) for __rt_final_cpp
    entry.o(.ARM.Collect$$$$00000000) refers (Special) to entry11a.o(.ARM.Collect$$$$0000000F) for __rt_final_exit
    entry.o(.ARM.Collect$$$$00000000) refers (Special) to entry7b.o(.ARM.Collect$$$$00000008) for _main_clock
    entry.o(.ARM.Collect$$$$00000000) refers (Special) to entry8b.o(.ARM.Collect$$$$0000000A) for _main_cpp_init
    entry.o(.ARM.Collect$$$$00000000) refers (Special) to entry9a.o(.ARM.Collect$$$$0000000B) for _main_init
    entry.o(.ARM.Collect$$$$00000000) refers (Special) to entry5.o(.ARM.Collect$$$$00000004) for _main_scatterload
    entry.o(.ARM.Collect$$$$00000000) refers (Special) to entry2.o(.ARM.Collect$$$$00000001) for _main_stk
    fputs.o(i.fputs) refers to lto-llvm-a2ddd2.o(.text.fputc) for fputc
    fputs_e.o(.text) refers to lto-llvm-a2ddd2.o(.text.fputc) for fputc
    printfa.o(i.__0fprintf) refers (Special) to iusefp.o(.text) for __I$use$fp
    printfa.o(i.__0fprintf) refers to printfa.o(i._printf_core) for _printf_core
    printfa.o(i.__0fprintf) refers to lto-llvm-a2ddd2.o(.text.fputc) for fputc
    printfa.o(i.__0printf) refers (Special) to iusefp.o(.text) for __I$use$fp
    printfa.o(i.__0printf) refers to printfa.o(i._printf_core) for _printf_core
    printfa.o(i.__0printf) refers to lto-llvm-a2ddd2.o(.text.fputc) for fputc
    printfa.o(i.__0printf) refers to stdout.o(.data) for __stdout
    printfa.o(i.__0snprintf) refers (Special) to iusefp.o(.text) for __I$use$fp
    printfa.o(i.__0snprintf) refers to printfa.o(i._printf_core) for _printf_core
    printfa.o(i.__0snprintf) refers to printfa.o(i._snputc) for _snputc
    printfa.o(i.__0sprintf) refers (Special) to iusefp.o(.text) for __I$use$fp
    printfa.o(i.__0sprintf) refers to printfa.o(i._printf_core) for _printf_core
    printfa.o(i.__0sprintf) refers to printfa.o(i._sputc) for _sputc
    printfa.o(i.__0vfprintf) refers (Special) to iusefp.o(.text) for __I$use$fp
    printfa.o(i.__0vfprintf) refers to printfa.o(i._printf_core) for _printf_core
    printfa.o(i.__0vfprintf) refers to lto-llvm-a2ddd2.o(.text.fputc) for fputc
    printfa.o(i.__0vprintf) refers (Special) to iusefp.o(.text) for __I$use$fp
    printfa.o(i.__0vprintf) refers to printfa.o(i._printf_core) for _printf_core
    printfa.o(i.__0vprintf) refers to lto-llvm-a2ddd2.o(.text.fputc) for fputc
    printfa.o(i.__0vprintf) refers to stdout.o(.data) for __stdout
    printfa.o(i.__0vsnprintf) refers (Special) to iusefp.o(.text) for __I$use$fp
    printfa.o(i.__0vsnprintf) refers to printfa.o(i._printf_core) for _printf_core
[...]
    [Anonymous Symbol]                       0x0801cdc0   Section        0  lto-llvm-a2ddd2.o(.text.usart_flag_get)
    usart_hardware_flow_control_set          0x0801cded   Thumb Code   146  lto-llvm-a2ddd2.o(.text.usart_hardware_flow_control_set)
    [Anonymous Symbol]                       0x0801cdec   Section        0  lto-llvm-a2ddd2.o(.text.usart_hardware_flow_control_set)
    usart_init                               0x0801ce81   Thumb Code   212  lto-llvm-a2ddd2.o(.text.usart_init)
    [Anonymous Symbol]                       0x0801ce80   Section        0  lto-llvm-a2ddd2.o(.text.usart_init)
    usart_interrupt_enable                   0x0801cf55   Thumb Code    76  lto-llvm-a2ddd2.o(.text.usart_interrupt_enable)
    [Anonymous Symbol]                       0x0801cf54   Section        0  lto-llvm-a2ddd2.o(.text.usart_interrupt_enable)
    usart_parity_selection_config            0x0801cfa1   Thumb Code   112  lto-llvm-a2ddd2.o(.text.usart_parity_selection_config)
    [Anonymous Symbol]                       0x0801cfa0   Section        0  lto-llvm-a2ddd2.o(.text.usart_parity_selection_config)
    usart_receiveData                        0x0801d011   Thumb Code   228  lto-llvm-a2ddd2.o(.text.usart_receiveData)
    [Anonymous Symbol]                       0x0801d010   Section        0  lto-llvm-a2ddd2.o(.text.usart_receiveData)
    usart_receiver_enable                    0x0801d0f5   Thumb Code    36  lto-llvm-a2ddd2.o(.text.usart_receiver_enable)
    [Anonymous Symbol]                       0x0801d0f4   Section        0  lto-llvm-a2ddd2.o(.text.usart_receiver_enable)
    usart_sendData                           0x0801d119   Thumb Code   270  lto-llvm-a2ddd2.o(.text.usart_sendData)
    [Anonymous Symbol]                       0x0801d118   Section        0  lto-llvm-a2ddd2.o(.text.usart_sendData)
    usart_transmitter_enable                 0x0801d229   Thumb Code    36  lto-llvm-a2ddd2.o(.text.usart_transmitter_enable)
    [Anonymous Symbol]                       0x0801d228   Section        0  lto-llvm-a2ddd2.o(.text.usart_transmitter_enable)
    wdt_counter_reload                       0x0801d24d   Thumb Code    16  lto-llvm-a2ddd2.o(.text.wdt_counter_reload)
    [Anonymous Symbol]                       0x0801d24c   Section        0  lto-llvm-a2ddd2.o(.text.wdt_counter_reload)
    wdt_divider_set                          0x0801d25d   Thumb Code    32  lto-llvm-a2ddd2.o(.text.wdt_divider_set)
    [Anonymous Symbol]                       0x0801d25c   Section        0  lto-llvm-a2ddd2.o(.text.wdt_divider_set)
    wdt_register_write_enable                0x0801d27d   Thumb Code    50  lto-llvm-a2ddd2.o(.text.wdt_register_write_enable)
    [Anonymous Symbol]                       0x0801d27c   Section        0  lto-llvm-a2ddd2.o(.text.wdt_register_write_enable)
    wdt_reload_value_set                     0x0801d2b1   Thumb Code    28  lto-llvm-a2ddd2.o(.text.wdt_reload_value_set)
    [Anonymous Symbol]                       0x0801d2b0   Section        0  lto-llvm-a2ddd2.o(.text.wdt_reload_value_set)
    wk_adc1_init                             0x0801d2cd   Thumb Code   138  lto-llvm-a2ddd2.o(.text.wk_adc1_init)
    [Anonymous Symbol]                       0x0801d2cc   Section        0  lto-llvm-a2ddd2.o(.text.wk_adc1_init)
    wk_crc_init                              0x0801d359   Thumb Code    28  lto-llvm-a2ddd2.o(.text.wk_crc_init)
    [Anonymous Symbol]                       0x0801d358   Section        0  lto-llvm-a2ddd2.o(.text.wk_crc_init)
    wk_debug_config                          0x0801d375   Thumb Code    16  lto-llvm-a2ddd2.o(.text.wk_debug_config)
    [Anonymous Symbol]                       0x0801d374   Section        0  lto-llvm-a2ddd2.o(.text.wk_debug_config)
    wk_delay_ms                              0x0801d385   Thumb Code    56  lto-llvm-a2ddd2.o(.text.wk_delay_ms)
    [Anonymous Symbol]                       0x0801d384   Section        0  lto-llvm-a2ddd2.o(.text.wk_delay_ms)
    wk_dma1_channel1_init                    0x0801d3bd   Thumb Code    62  lto-llvm-a2ddd2.o(.text.wk_dma1_channel1_init)
    [Anonymous Symbol]                       0x0801d3bc   Section        0  lto-llvm-a2ddd2.o(.text.wk_dma1_channel1_init)
    wk_dma_channel_config                    0x0801d3fd   Thumb Code    44  lto-llvm-a2ddd2.o(.text.wk_dma_channel_config)
    [Anonymous Symbol]                       0x0801d3fc   Section        0  lto-llvm-a2ddd2.o(.text.wk_dma_channel_config)
    wk_exint_config                          0x0801d429   Thumb Code    84  lto-llvm-a2ddd2.o(.text.wk_exint_config)
    [Anonymous Symbol]                       0x0801d428   Section        0  lto-llvm-a2ddd2.o(.text.wk_exint_config)
    wk_gpio_config                           0x0801d47d   Thumb Code   276  lto-llvm-a2ddd2.o(.text.wk_gpio_config)
    [Anonymous Symbol]                       0x0801d47c   Section        0  lto-llvm-a2ddd2.o(.text.wk_gpio_config)
    wk_nvic_config                           0x0801d591   Thumb Code   196  lto-llvm-a2ddd2.o(.text.wk_nvic_config)
    [Anonymous Symbol]                       0x0801d590   Section        0  lto-llvm-a2ddd2.o(.text.wk_nvic_config)
    wk_periph_clock_config                   0x0801d655   Thumb Code   178  lto-llvm-a2ddd2.o(.text.wk_periph_clock_config)
    [Anonymous Symbol]                       0x0801d654   Section        0  lto-llvm-a2ddd2.o(.text.wk_periph_clock_config)
    wk_spi1_init                             0x0801d709   Thumb Code   176  lto-llvm-a2ddd2.o(.text.wk_spi1_init)
    [Anonymous Symbol]                       0x0801d708   Section        0  lto-llvm-a2ddd2.o(.text.wk_spi1_init)
    wk_system_clock_config                   0x0801d7b9   Thumb Code   158  lto-llvm-a2ddd2.o(.text.wk_system_clock_config)
    [Anonymous Symbol]                       0x0801d7b8   Section        0  lto-llvm-a2ddd2.o(.text.wk_system_clock_config)
    wk_timebase_get                          0x0801d859   Thumb Code    12  lto-llvm-a2ddd2.o(.text.wk_timebase_get)
    [Anonymous Symbol]                       0x0801d858   Section        0  lto-llvm-a2ddd2.o(.text.wk_timebase_get)
    wk_timebase_handler                      0x0801d865   Thumb Code     8  lto-llvm-a2ddd2.o(.text.wk_timebase_handler)
    [Anonymous Symbol]                       0x0801d864   Section        0  lto-llvm-a2ddd2.o(.text.wk_timebase_handler)
    wk_timebase_increase                     0x0801d86d   Thumb Code    16  lto-llvm-a2ddd2.o(.text.wk_timebase_increase)
    [Anonymous Symbol]                       0x0801d86c   Section        0  lto-llvm-a2ddd2.o(.text.wk_timebase_increase)
    wk_timebase_init                         0x0801d87d   Thumb Code    86  lto-llvm-a2ddd2.o(.text.wk_timebase_init)
    [Anonymous Symbol]                       0x0801d87c   Section        0  lto-llvm-a2ddd2.o(.text.wk_timebase_init)
    wk_tmr2_init                             0x0801d8d5   Thumb Code   214  lto-llvm-a2ddd2.o(.text.wk_tmr2_init)
    [Anonymous Symbol]                       0x0801d8d4   Section        0  lto-llvm-a2ddd2.o(.text.wk_tmr2_init)
    wk_tmr3_init                             0x0801d9ad   Thumb Code   160  lto-llvm-a2ddd2.o(.text.wk_tmr3_init)
    [Anonymous Symbol]                       0x0801d9ac   Section        0  lto-llvm-a2ddd2.o(.text.wk_tmr3_init)
    wk_tmr9_init                             0x0801da4d   Thumb Code   188  lto-llvm-a2ddd2.o(.text.wk_tmr9_init)
    [Anonymous Symbol]                       0x0801da4c   Section        0  lto-llvm-a2ddd2.o(.text.wk_tmr9_init)
    wk_uart4_init                            0x0801db09   Thumb Code   174  lto-llvm-a2ddd2.o(.text.wk_uart4_init)
    [Anonymous Symbol]                       0x0801db08   Section        0  lto-llvm-a2ddd2.o(.text.wk_uart4_init)
    wk_uart5_init                            0x0801dbb9   Thumb Code   160  lto-llvm-a2ddd2.o(.text.wk_uart5_init)
    [Anonymous Symbol]                       0x0801dbb8   Section        0  lto-llvm-a2ddd2.o(.text.wk_uart5_init)
    wk_usart1_init                           0x0801dc59   Thumb Code   166  lto-llvm-a2ddd2.o(.text.wk_usart1_init)
    [Anonymous Symbol]                       0x0801dc58   Section        0  lto-llvm-a2ddd2.o(.text.wk_usart1_init)
    wk_usart2_init                           0x0801dd01   Thumb Code   162  lto-llvm-a2ddd2.o(.text.wk_usart2_init)
    [Anonymous Symbol]                       0x0801dd00   Section        0  lto-llvm-a2ddd2.o(.text.wk_usart2_init)
    wk_usart3_init                           0x0801dda5   Thumb Code   166  lto-llvm-a2ddd2.o(.text.wk_usart3_init)
    [Anonymous Symbol]                       0x0801dda4   Section        0  lto-llvm-a2ddd2.o(.text.wk_usart3_init)
    wk_wdt_init                              0x0801de4d   Thumb Code    20  lto-llvm-a2ddd2.o(.text.wk_wdt_init)
    [Anonymous Symbol]                       0x0801de4c   Section        0  lto-llvm-a2ddd2.o(.text.wk_wdt_init)
    work_task                                0x0801de61   Thumb Code     8  lto-llvm-a2ddd2.o(.text.work_task)
    [Anonymous Symbol]                       0x0801de60   Section        0  lto-llvm-a2ddd2.o(.text.work_task)
    i.__scatterload_copy                     0x0801de68   Section       14  handlers.o(i.__scatterload_copy)
    i.__scatterload_null                     0x0801de76   Section        2  handlers.o(i.__scatterload_null)
    i.__scatterload_zeroinit                 0x0801de78   Section       14  handlers.o(i.__scatterload_zeroinit)
    direct_handle_temp_cal_buff              0x0801de86   Data          41  lto-llvm-a2ddd2.o(.rodata)
    [Anonymous Symbol]                       0x0801de86   Section        0  lto-llvm-a2ddd2.o(.rodata)
    direct_handle_wind_20_cal_buff           0x0801deaf   Data          41  lto-llvm-a2ddd2.o(.rodata)
    __tagsym$$used.0                         0x0801ded8   Number         0  lto-llvm-a2ddd2.o(.rodata.EventRecorderInfo)
    system_core_clock_update.sys_ahb_div_table 0x0801def0   Data          16  lto-llvm-a2ddd2.o(.rodata.cst16)
    [Anonymous Symbol]                       0x0801def0   Section        0  lto-llvm-a2ddd2.o(.rodata.cst16)
    crm_clocks_freq_get.ahb_apb2_div_table   0x0801df00   Data           8  lto-llvm-a2ddd2.o(.rodata.cst8)
    [Anonymous Symbol]                       0x0801df00   Section        0  lto-llvm-a2ddd2.o(.rodata.cst8)
    crm_clocks_freq_get.adc_div_table        0x0801df08   Data           8  lto-llvm-a2ddd2.o(.rodata.cst8)
    [Anonymous Symbol]                       0x0801df10   Section        0  lto-llvm-a2ddd2.o(.rodata.str1.1)
    SysTick_Handler.time_out                 0x20000000   Data           2  lto-llvm-a2ddd2.o(.data)
    [Anonymous Symbol]                       0x20000000   Section        0  lto-llvm-a2ddd2.o(.data)
    code_mode_time.code_mode_countdown_time  0x20000002   Data           2  lto-llvm-a2ddd2.o(.data)
    count_down.countdown_time                0x20000004   Data           2  lto-llvm-a2ddd2.o(.data)
    enhance_mode_countdown.direct_handle_enhance_countdown_time 0x20000006   Data           2  lto-llvm-a2ddd2.o(.data)
    keys                                     0x20000008   Data          64  lto-llvm-a2ddd2.o(.data)
    EVENT                                    0x20000048   Data           1  lto-llvm-a2ddd2.o(.data)
    hot_control.relay_open_delay             0x2000004a   Data           2  lto-llvm-a2ddd2.o(.data)
    Page_Direct_Work_Heartbeat_Packet.direct_temp_refirsh_time 0x2000004c   Data           1  lto-llvm-a2ddd2.o(.data)
    Page_Direct_Curve_Heartbeat_Packet.delay_time 0x2000004e   Data           2  lto-llvm-a2ddd2.o(.data)
    direct_temp_buff                         0x20000050   Data          14  lto-llvm-a2ddd2.o(.data)
    direct_wind_buff                         0x2000005e   Data          14  lto-llvm-a2ddd2.o(.data)
    Page_General_Heartbeat_Packet.last_page  0x2000006c   Data           1  lto-llvm-a2ddd2.o(.data)
    software_buff                            0x2000006d   Data           9  lto-llvm-a2ddd2.o(.data)
    hardtware_buff                           0x20000076   Data           9  lto-llvm-a2ddd2.o(.data)
    uast4_event                              0x2000007f   Data           1  lto-llvm-a2ddd2.o(.data)
    uart5_event                              0x20000080   Data           1  lto-llvm-a2ddd2.o(.data)
    sbeep                                    0x20000084   Data          20  lto-llvm-a2ddd2.o(.data)
    page_switch                              0x20000098   Data          10  lto-llvm-a2ddd2.o(.data)
    key_event_check.key_event                0x200000a2   Data           1  lto-llvm-a2ddd2.o(.data)
    SystemCoreClock                          0x200000a4   Data           4  lto-llvm-a2ddd2.o(.data)
    beep_task.time                           0x200000c0   Data           1  lto-llvm-a2ddd2.o(.bss)
    [Anonymous Symbol]                       0x200000c0   Section        0  lto-llvm-a2ddd2.o(.bss)
    dwin_task.time_count                     0x200000c2   Data           2  lto-llvm-a2ddd2.o(.bss)
    dwin_task.first_in                       0x200000c4   Data           1  lto-llvm-a2ddd2.o(.bss)
    feed_dog_task.first_in                   0x200000c5   Data           1  lto-llvm-a2ddd2.o(.bss)
    adc1_ordinary_value                      0x200000c6   Data           2  lto-llvm-a2ddd2.o(.bss)
    tmr3_ch1_readvalue                       0x200000c8   Data           4  lto-llvm-a2ddd2.o(.bss)
    SysTick_Handler.first_in                 0x200000cc   Data           1  lto-llvm-a2ddd2.o(.bss)
    Direct_Handle_PWM_Out.Direct_handle_last_set_temp 0x200000ce   Data           2  lto-llvm-a2ddd2.o(.bss)
    Direct_Handle_PWM_Out.last_code_mode_step 0x200000d0   Data           1  lto-llvm-a2ddd2.o(.bss)
    Direct_Handle_PWM_Out.direct_hot_run_time_ms 0x200000d2   Data           2  lto-llvm-a2ddd2.o(.bss)
    code_mode_time.first_in                  0x200000d4   Data           1  lto-llvm-a2ddd2.o(.bss)
    timebase_ticks                           0x200000d8   Data           4  lto-llvm-a2ddd2.o(.bss)
    object                                   0x200000dc   Data         196  lto-llvm-a2ddd2.o(.bss)
    tmt                                      0x200001a0   Data          24  lto-llvm-a2ddd2.o(.bss)
    direct_pid                               0x200001b8   Data          44  lto-llvm-a2ddd2.o(.bss)
    BeepProc.s_tate                          0x200001e4   Data           1  lto-llvm-a2ddd2.o(.bss)
    BeepProc.s_BeepStartTime                 0x200001e8   Data           8  lto-llvm-a2ddd2.o(.bss)
    FlashProc.sflash.0                       0x200001f0   Data           1  lto-llvm-a2ddd2.o(.bss)
    FlashProc.last_direct_set_temp           0x200001f2   Data           2  lto-llvm-a2ddd2.o(.bss)
    FlashProc.last_direct_set_wind           0x200001f4   Data           2  lto-llvm-a2ddd2.o(.bss)
    FlashProc.last_direct_set_cold_mode_wind 0x200001f6   Data           2  lto-llvm-a2ddd2.o(.bss)
    FlashProc.last_set_direct_calibration_temp 0x200001f8   Data           2  lto-llvm-a2ddd2.o(.bss)
    FlashProc.last_set_quick_work_temp       0x200001fa   Data           2  lto-llvm-a2ddd2.o(.bss)
    FlashProc.last_set_quick_work_time       0x200001fc   Data           2  lto-llvm-a2ddd2.o(.bss)
    FlashProc.last_set_countdown_time        0x200001fe   Data           2  lto-llvm-a2ddd2.o(.bss)
    FlashProc.last_fwg2_work_mode            0x20000200   Data           1  lto-llvm-a2ddd2.o(.bss)
    FlashProc.last_temp_uint                 0x20000201   Data           1  lto-llvm-a2ddd2.o(.bss)
    FlashProc.last_speak_state               0x20000202   Data           1  lto-llvm-a2ddd2.o(.bss)
    FlashProc.last_display_lock_state        0x20000203   Data           1  lto-llvm-a2ddd2.o(.bss)
    FlashProc.last_fn_key_long_set           0x20000204   Data           1  lto-llvm-a2ddd2.o(.bss)
    FlashProc.last_fn_key_short_set          0x20000205   Data           1  lto-llvm-a2ddd2.o(.bss)
    FlashProc.last_adjust_key_set            0x20000206   Data           1  lto-llvm-a2ddd2.o(.bss)
    FlashProc.last_ota_state                 0x20000207   Data           1  lto-llvm-a2ddd2.o(.bss)
    FlashProc.last_touch_key_set             0x20000208   Data           1  lto-llvm-a2ddd2.o(.bss)
    FlashProc.last_uart_state                0x20000209   Data           1  lto-llvm-a2ddd2.o(.bss)
    FlashProc.last_enhance_state             0x2000020a   Data           1  lto-llvm-a2ddd2.o(.bss)
    FlashProc.last_ch1_set_temp              0x2000020c   Data           2  lto-llvm-a2ddd2.o(.bss)
    FlashProc.last_ch1_set_wind              0x2000020e   Data           2  lto-llvm-a2ddd2.o(.bss)
    FlashProc.last_ch1_set_time              0x20000210   Data           2  lto-llvm-a2ddd2.o(.bss)
    FlashProc.last_ch2_set_temp              0x20000212   Data           2  lto-llvm-a2ddd2.o(.bss)
    FlashProc.last_ch2_set_wind              0x20000214   Data           2  lto-llvm-a2ddd2.o(.bss)
    FlashProc.last_ch2_set_time              0x20000216   Data           2  lto-llvm-a2ddd2.o(.bss)
    FlashProc.last_ch3_set_temp              0x20000218   Data           2  lto-llvm-a2ddd2.o(.bss)
    FlashProc.last_ch3_set_wind              0x2000021a   Data           2  lto-llvm-a2ddd2.o(.bss)
    FlashProc.last_ch3_set_time              0x2000021c   Data           2  lto-llvm-a2ddd2.o(.bss)
    FlashProc.last_ch4_set_temp              0x2000021e   Data           2  lto-llvm-a2ddd2.o(.bss)
    FlashProc.last_ch4_set_wind              0x20000220   Data           2  lto-llvm-a2ddd2.o(.bss)
    FlashProc.last_ch4_set_time              0x20000222   Data           2  lto-llvm-a2ddd2.o(.bss)
    FlashProc.last_code0_pre_temp            0x20000224   Data           2  lto-llvm-a2ddd2.o(.bss)
    FlashProc.last_code0_pre_wind            0x20000226   Data           2  lto-llvm-a2ddd2.o(.bss)
    FlashProc.last_code0_pre_time            0x20000228   Data           2  lto-llvm-a2ddd2.o(.bss)
    FlashProc.last_code0_temp_1              0x2000022a   Data           2  lto-llvm-a2ddd2.o(.bss)
    FlashProc.last_code0_wind_1              0x2000022c   Data           2  lto-llvm-a2ddd2.o(.bss)
    FlashProc.last_code0_time_1              0x2000022e   Data           2  lto-llvm-a2ddd2.o(.bss)
    FlashProc.last_code0_temp_2              0x20000230   Data           2  lto-llvm-a2ddd2.o(.bss)
    FlashProc.last_code0_wind_2              0x20000232   Data           2  lto-llvm-a2ddd2.o(.bss)
    FlashProc.last_code0_time_2              0x20000234   Data           2  lto-llvm-a2ddd2.o(.bss)
    FlashProc.last_code0_temp_3              0x20000236   Data           2  lto-llvm-a2ddd2.o(.bss)
    FlashProc.last_code0_wind_3              0x20000238   Data           2  lto-llvm-a2ddd2.o(.bss)
    FlashProc.last_code0_time_3              0x2000023a   Data           2  lto-llvm-a2ddd2.o(.bss)
    FlashProc.last_code0_temp_4              0x2000023c   Data           2  lto-llvm-a2ddd2.o(.bss)
    FlashProc.last_code0_wind_4              0x2000023e   Data           2  lto-llvm-a2ddd2.o(.bss)
    FlashProc.last_code0_time_4              0x20000240   Data           2  lto-llvm-a2ddd2.o(.bss)
    FlashProc.last_code1_pre_temp            0x20000242   Data           2  lto-llvm-a2ddd2.o(.bss)
    FlashProc.last_code1_pre_wind            0x20000244   Data           2  lto-llvm-a2ddd2.o(.bss)
    FlashProc.last_code1_pre_time            0x20000246   Data           2  lto-llvm-a2ddd2.o(.bss)
    FlashProc.last_code1_temp_1              0x20000248   Data           2  lto-llvm-a2ddd2.o(.bss)
    FlashProc.last_code1_wind_1              0x2000024a   Data           2  lto-llvm-a2ddd2.o(.bss)
    FlashProc.last_code1_time_1              0x2000024c   Data           2  lto-llvm-a2ddd2.o(.bss)
    FlashProc.last_code1_temp_2              0x2000024e   Data           2  lto-llvm-a2ddd2.o(.bss)
    FlashProc.last_code1_wind_2              0x20000250   Data           2  lto-llvm-a2ddd2.o(.bss)
    FlashProc.last_code1_time_2              0x20000252   Data           2  lto-llvm-a2ddd2.o(.bss)
    FlashProc.last_code1_temp_3              0x20000254   Data           2  lto-llvm-a2ddd2.o(.bss)
    FlashProc.last_code1_wind_3              0x20000256   Data           2  lto-llvm-a2ddd2.o(.bss)
    FlashProc.last_code1_time_3              0x20000258   Data           2  lto-llvm-a2ddd2.o(.bss)
    FlashProc.last_code1_temp_4              0x2000025a   Data           2  lto-llvm-a2ddd2.o(.bss)
    FlashProc.last_code1_wind_4              0x2000025c   Data           2  lto-llvm-a2ddd2.o(.bss)
    FlashProc.last_code1_time_4              0x2000025e   Data           2  lto-llvm-a2ddd2.o(.bss)
    FlashProc.last_code2_pre_temp            0x20000260   Data           2  lto-llvm-a2ddd2.o(.bss)
    FlashProc.last_code2_pre_wind            0x20000262   Data           2  lto-llvm-a2ddd2.o(.bss)
    FlashProc.last_code2_pre_time            0x20000264   Data           2  lto-llvm-a2ddd2.o(.bss)
    FlashProc.last_code2_temp_1              0x20000266   Data           2  lto-llvm-a2ddd2.o(.bss)
    FlashProc.last_code2_wind_1              0x20000268   Data           2  lto-llvm-a2ddd2.o(.bss)
    FlashProc.last_code2_time_1              0x2000026a   Data           2  lto-llvm-a2ddd2.o(.bss)
    FlashProc.last_code2_temp_2              0x2000026c   Data           2  lto-llvm-a2ddd2.o(.bss)
    FlashProc.last_code2_wind_2              0x2000026e   Data           2  lto-llvm-a2ddd2.o(.bss)
    FlashProc.last_code2_time_2              0x20000270   Data           2  lto-llvm-a2ddd2.o(.bss)
    FlashProc.last_code2_temp_3              0x20000272   Data           2  lto-llvm-a2ddd2.o(.bss)
    FlashProc.last_code2_wind_3              0x20000274   Data           2  lto-llvm-a2ddd2.o(.bss)
    FlashProc.last_code2_time_3              0x20000276   Data           2  lto-llvm-a2ddd2.o(.bss)
    FlashProc.last_code2_temp_4              0x20000278   Data           2  lto-llvm-a2ddd2.o(.bss)
    FlashProc.last_code2_wind_4              0x2000027a   Data           2  lto-llvm-a2ddd2.o(.bss)
    FlashProc.last_code2_time_4              0x2000027c   Data           2  lto-llvm-a2ddd2.o(.bss)
    FlashProc.last_code3_pre_temp            0x2000027e   Data           2  lto-llvm-a2ddd2.o(.bss)
    FlashProc.last_code3_pre_wind            0x20000280   Data           2  lto-llvm-a2ddd2.o(.bss)
    FlashProc.last_code3_pre_time            0x20000282   Data           2  lto-llvm-a2ddd2.o(.bss)
    FlashProc.last_code3_temp_1              0x20000284   Data           2  lto-llvm-a2ddd2.o(.bss)
    FlashProc.last_code3_wind_1              0x20000286   Data           2  lto-llvm-a2ddd2.o(.bss)
    FlashProc.last_code3_time_1              0x20000288   Data           2  lto-llvm-a2ddd2.o(.bss)
    FlashProc.last_code3_temp_2              0x2000028a   Data           2  lto-llvm-a2ddd2.o(.bss)
    FlashProc.last_code3_wind_2              0x2000028c   Data           2  lto-llvm-a2ddd2.o(.bss)
    FlashProc.last_code3_time_2              0x2000028e   Data           2  lto-llvm-a2ddd2.o(.bss)
    FlashProc.last_code3_temp_3              0x20000290   Data           2  lto-llvm-a2ddd2.o(.bss)
    FlashProc.last_code3_wind_3              0x20000292   Data           2  lto-llvm-a2ddd2.o(.bss)
    FlashProc.last_code3_time_3              0x20000294   Data           2  lto-llvm-a2ddd2.o(.bss)
    FlashProc.last_code3_temp_4              0x20000296   Data           2  lto-llvm-a2ddd2.o(.bss)
    FlashProc.last_code3_wind_4              0x20000298   Data           2  lto-llvm-a2ddd2.o(.bss)
    FlashProc.last_code3_time_4              0x2000029a   Data           2  lto-llvm-a2ddd2.o(.bss)
    FlashProc.last_code4_pre_temp            0x2000029c   Data           2  lto-llvm-a2ddd2.o(.bss)
    FlashProc.last_code4_pre_wind            0x2000029e   Data           2  lto-llvm-a2ddd2.o(.bss)
    FlashProc.last_code4_pre_time            0x200002a0   Data           2  lto-llvm-a2ddd2.o(.bss)
    FlashProc.last_code4_temp_1              0x200002a2   Data           2  lto-llvm-a2ddd2.o(.bss)
    FlashProc.last_code4_wind_1              0x200002a4   Data           2  lto-llvm-a2ddd2.o(.bss)
    FlashProc.last_code4_time_1              0x200002a6   Data           2  lto-llvm-a2ddd2.o(.bss)
    FlashProc.last_code4_temp_2              0x200002a8   Data           2  lto-llvm-a2ddd2.o(.bss)
    FlashProc.last_code4_wind_2              0x200002aa   Data           2  lto-llvm-a2ddd2.o(.bss)
    FlashProc.last_code4_time_2              0x200002ac   Data           2  lto-llvm-a2ddd2.o(.bss)
    FlashProc.last_code4_temp_3              0x200002ae   Data           2  lto-llvm-a2ddd2.o(.bss)
    FlashProc.last_code4_wind_3              0x200002b0   Data           2  lto-llvm-a2ddd2.o(.bss)
    FlashProc.last_code4_time_3              0x200002b2   Data           2  lto-llvm-a2ddd2.o(.bss)
    FlashProc.last_code4_temp_4              0x200002b4   Data           2  lto-llvm-a2ddd2.o(.bss)
    FlashProc.last_code4_wind_4              0x200002b6   Data           2  lto-llvm-a2ddd2.o(.bss)
    FlashProc.last_code4_time_4              0x200002b8   Data           2  lto-llvm-a2ddd2.o(.bss)
    FlashProc.last_system_run_time_m         0x200002c0   Data           8  lto-llvm-a2ddd2.o(.bss)
    FlashProc.last_direct_hot_work_time_m    0x200002c8   Data           8  lto-llvm-a2ddd2.o(.bss)
    FlashProc.flash_version                  0x200002d0   Data           2  lto-llvm-a2ddd2.o(.bss)
    FlashProc.flash_count                    0x200002d2   Data           1  lto-llvm-a2ddd2.o(.bss)
    FlashProc.first_start_flag               0x200002d3   Data           1  lto-llvm-a2ddd2.o(.bss)
    FlashProc.a_ver                          0x200002d4   Data           2  lto-llvm-a2ddd2.o(.bss)
    FlashProc.b_ver                          0x200002d6   Data           2  lto-llvm-a2ddd2.o(.bss)
    KeyProc.direct_set_temp_time             0x200002d8   Data           2  lto-llvm-a2ddd2.o(.bss)
    KeyProc.direct_set_temp_flag             0x200002da   Data           1  lto-llvm-a2ddd2.o(.bss)
    KeyProc.direct_set_wind_time             0x200002dc   Data           2  lto-llvm-a2ddd2.o(.bss)
    KeyProc.direct_set_wind_flag             0x200002de   Data           1  lto-llvm-a2ddd2.o(.bss)
    KeyProc.set_done                         0x200002df   Data           1  lto-llvm-a2ddd2.o(.bss)
    key_ch                                   0x200002e0   Data           1  lto-llvm-a2ddd2.o(.bss)
    key_up                                   0x200002e1   Data           1  lto-llvm-a2ddd2.o(.bss)
    key_down                                 0x200002e2   Data           1  lto-llvm-a2ddd2.o(.bss)
    fan_control.run_flag                     0x200002e3   Data           1  lto-llvm-a2ddd2.o(.bss)
    temp_get_filter_move_average.temp        0x200002e4   Data           2  lto-llvm-a2ddd2.o(.bss)
    show_popup_flag                          0x200002e6   Data           1  lto-llvm-a2ddd2.o(.bss)
    Page_Direct_Work_Heartbeat_Packet.state  0x200002e7   Data           1  lto-llvm-a2ddd2.o(.bss)
    Page_Direct_Work_Heartbeat_Packet.time   0x200002e8   Data           1  lto-llvm-a2ddd2.o(.bss)
    Page_Direct_Work_Heartbeat_Packet.first_in 0x200002e9   Data           1  lto-llvm-a2ddd2.o(.bss)
    Page_Direct_Work_Heartbeat_Packet.first_in_cold_mode 0x200002ea   Data           1  lto-llvm-a2ddd2.o(.bss)
    Page_Direct_Work_Heartbeat_Packet.exit_cold_mode_flage 0x200002eb   Data           1  lto-llvm-a2ddd2.o(.bss)
    Page_Direct_Work_Heartbeat_Packet.last_direct_handle_set_temp_f_display 0x200002ec   Data           2  lto-llvm-a2ddd2.o(.bss)
    Page_Direct_Work_Heartbeat_Packet.last_direct_handle_current_temp_f_display 0x200002ee   Data           2  lto-llvm-a2ddd2.o(.bss)
    Page_Direct_Work_Heartbeat_Packet.last_direct_handle_current_temp 0x200002f0   Data           2  lto-llvm-a2ddd2.o(.bss)
    Page_Direct_Work_Heartbeat_Packet.show_direct_set_temp_flag 0x200002f2   Data           1  lto-llvm-a2ddd2.o(.bss)
    Page_Direct_Work_Heartbeat_Packet.show_direct_set_wind_flag 0x200002f3   Data           1  lto-llvm-a2ddd2.o(.bss)
    Page_Direct_Work_Heartbeat_Packet.output_bar 0x200002f4   Data           1  lto-llvm-a2ddd2.o(.bss)
    direct_handle_pid_out                    0x200002f8   Data           4  lto-llvm-a2ddd2.o(.bss)
    show_direct_set_wind_time                0x200002fc   Data           2  lto-llvm-a2ddd2.o(.bss)
    show_direct_set_temp_time                0x200002fe   Data           2  lto-llvm-a2ddd2.o(.bss)
    Page_Direct_Curve_Heartbeat_Packet.state 0x20000300   Data           1  lto-llvm-a2ddd2.o(.bss)
    Page_Direct_Curve_Heartbeat_Packet.first_in 0x20000301   Data           1  lto-llvm-a2ddd2.o(.bss)
    Page_Direct_Curve_Heartbeat_Packet.exit_cold_mode_flage 0x20000302   Data           1  lto-llvm-a2ddd2.o(.bss)
    Page_Direct_Curve_Heartbeat_Packet.show_direct_set_wind_flag 0x20000303   Data           1  lto-llvm-a2ddd2.o(.bss)
    Page_Direct_Curve_Heartbeat_Packet.show_direct_set_temp_flag 0x20000304   Data           1  lto-llvm-a2ddd2.o(.bss)
    Page_Direct_Curve_Heartbeat_Packet.last_direct_handle_current_temp 0x20000306   Data           2  lto-llvm-a2ddd2.o(.bss)
    Page_Direct_Curve_Heartbeat_Packet.last_direct_handle_current_temp_f_display 0x20000308   Data           2  lto-llvm-a2ddd2.o(.bss)
    Page_Direct_Curve_Heartbeat_Packet.last_direct_handle_set_temp_f_display 0x2000030a   Data           2  lto-llvm-a2ddd2.o(.bss)
    Page_Direct_Curve_Heartbeat_Packet.direct_temp_refirsh_time 0x2000030c   Data           1  lto-llvm-a2ddd2.o(.bss)
    Page_General_Heartbeat_Packet.state      0x2000030d   Data           1  lto-llvm-a2ddd2.o(.bss)
    Page_Set_Heartbeat_Packet.state          0x2000030e   Data           1  lto-llvm-a2ddd2.o(.bss)
    Page_Set_Heartbeat_Packet.first_in       0x2000030f   Data           1  lto-llvm-a2ddd2.o(.bss)
    Page_Code_Heartbeat_Packet.state         0x20000310   Data           1  lto-llvm-a2ddd2.o(.bss)
    Page_Code_Heartbeat_Packet.show_temp_time 0x20000311   Data           1  lto-llvm-a2ddd2.o(.bss)
    Page_Code_Heartbeat_Packet.show_wind_time 0x20000312   Data           1  lto-llvm-a2ddd2.o(.bss)
    Page_Switch.first_in                     0x20000313   Data           1  lto-llvm-a2ddd2.o(.bss)
    Page_Switch.first_in_cal                 0x20000314   Data           1  lto-llvm-a2ddd2.o(.bss)
    Page_Switch.last_fwg2_enhance_state      0x20000315   Data           1  lto-llvm-a2ddd2.o(.bss)
    Page_Switch.last_handle_work_mode        0x20000316   Data           1  lto-llvm-a2ddd2.o(.bss)
    Page_Switch.time                         0x20000318   Data           2  lto-llvm-a2ddd2.o(.bss)
    RecvDataFromLCD.cal_temp                 0x2000031a   Data           2  lto-llvm-a2ddd2.o(.bss)
    RecvDataFromLCD.ch1_press_time           0x2000031c   Data           2  lto-llvm-a2ddd2.o(.bss)
    RecvDataFromLCD.ch1_long_press_time      0x2000031e   Data           2  lto-llvm-a2ddd2.o(.bss)
    RecvDataFromLCD.ch2_press_time           0x20000320   Data           2  lto-llvm-a2ddd2.o(.bss)
    RecvDataFromLCD.ch2_long_press_time      0x20000322   Data           2  lto-llvm-a2ddd2.o(.bss)
    RecvDataFromLCD.ch3_press_time           0x20000324   Data           2  lto-llvm-a2ddd2.o(.bss)
    RecvDataFromLCD.ch3_long_press_time      0x20000326   Data           2  lto-llvm-a2ddd2.o(.bss)
    RecvDataFromLCD.ch4_press_time           0x20000328   Data           2  lto-llvm-a2ddd2.o(.bss)
    RecvDataFromLCD.ch4_long_press_time      0x2000032a   Data           2  lto-llvm-a2ddd2.o(.bss)
    RecvDataFromLCD.ch1_short_press_flag     0x2000032c   Data           1  lto-llvm-a2ddd2.o(.bss)
    RecvDataFromLCD.ch1_long_press_flag      0x2000032d   Data           1  lto-llvm-a2ddd2.o(.bss)
    RecvDataFromLCD.ch2_short_press_flag     0x2000032e   Data           1  lto-llvm-a2ddd2.o(.bss)
    RecvDataFromLCD.ch2_long_press_flag      0x2000032f   Data           1  lto-llvm-a2ddd2.o(.bss)
    RecvDataFromLCD.ch3_short_press_flag     0x20000330   Data           1  lto-llvm-a2ddd2.o(.bss)
    RecvDataFromLCD.ch3_long_press_flag      0x20000331   Data           1  lto-llvm-a2ddd2.o(.bss)
    RecvDataFromLCD.ch4_short_press_flag     0x20000332   Data           1  lto-llvm-a2ddd2.o(.bss)
    RecvDataFromLCD.ch4_long_press_flag      0x20000333   Data           1  lto-llvm-a2ddd2.o(.bss)
    pc_comm_handle.time                      0x20000334   Data           1  lto-llvm-a2ddd2.o(.bss)
    pc_data                                  0x20000338   Data         532  lto-llvm-a2ddd2.o(.bss)
    pc_event                                 0x2000054c   Data           1  lto-llvm-a2ddd2.o(.bss)
    WriteDataToPC.crc_value                  0x20000550   Data           4  lto-llvm-a2ddd2.o(.bss)
    UART4_data                               0x20000554   Data         532  lto-llvm-a2ddd2.o(.bss)
    UART5_data                               0x20000768   Data         532  lto-llvm-a2ddd2.o(.bss)
    sdwin                                    0x2000097c   Data        2060  lto-llvm-a2ddd2.o(.bss)
    sFWG2_t                                  0x20001188   Data         312  lto-llvm-a2ddd2.o(.bss)
    iap_flag                                 0x200012c0   Data           1  lto-llvm-a2ddd2.o(.bss)
    tUsart1Buffer                            0x200012c4   Data          36  lto-llvm-a2ddd2.o(.bss)
    chUsart1RxBuffer                         0x200012e8   Data        1024  lto-llvm-a2ddd2.o(.bss)
    chUsart1TxBuffer                         0x200016e8   Data        1024  lto-llvm-a2ddd2.o(.bss)
    tUsart2Buffer                            0x20001ae8   Data          36  lto-llvm-a2ddd2.o(.bss)
    chUsart2RxBuffer                         0x20001b0c   Data        1024  lto-llvm-a2ddd2.o(.bss)
    chUsart2TxBuffer                         0x20001f0c   Data        1024  lto-llvm-a2ddd2.o(.bss)
    tUsart3Buffer                            0x2000230c   Data          36  lto-llvm-a2ddd2.o(.bss)
    chUsart3RxBuffer                         0x20002330   Data        1024  lto-llvm-a2ddd2.o(.bss)
    tUart4Buffer                             0x20002730   Data          36  lto-llvm-a2ddd2.o(.bss)
    chUart4RxBuffer                          0x20002754   Data        1024  lto-llvm-a2ddd2.o(.bss)
    tUart5Buffer                             0x20002b54   Data          36  lto-llvm-a2ddd2.o(.bss)
    chUart5RxBuffer                          0x20002b78   Data        1024  lto-llvm-a2ddd2.o(.bss)
    sum                                      0x20002f78   Data           2  lto-llvm-a2ddd2.o(.bss)
    curNum                                   0x20002f7a   Data           2  lto-llvm-a2ddd2.o(.bss)
    value_buf                                0x20002f7c   Data          20  lto-llvm-a2ddd2.o(.bss)
    stdout_putchar.index                     0x20002f90   Data           4  lto-llvm-a2ddd2.o(.bss)
    stdout_putchar.buffer                    0x20002f94   Data           8  lto-llvm-a2ddd2.o(.bss)
    EventBuffer                              0x20002fc0   Data        1024  lto-llvm-a2ddd2.o(.bss.noinit)
    [Anonymous Symbol]                       0x20002fc0   Section        0  lto-llvm-a2ddd2.o(.bss.noinit)
    EventFilter                              0x200033c0   Data         128  lto-llvm-a2ddd2.o(.bss.noinit)
    EventStatus                              0x20003440   Data          36  lto-llvm-a2ddd2.o(.bss.noinit)
    STACK                                    0x20003468   Section     1024  startup_at32f415.o(STACK)

    Global Symbols

    Symbol Name                              Value     Ov Type        Size  Object(Section)

    BuildAttributes$$THM_ISAv4$E$P$D$K$B$S$7EM$PE$A:L22UL41UL21$X:L11$S22US41US21$IEEE1$IW$~IW$USESV6$~STKCKD$USESV7$~SHL$OTIME$ROPI$IEEEF$EBA8$MICROLIB$REQ8$PRES8$EABIv2 0x00000000   Number         0  anon$$obj.o ABSOLUTE
    __cpp_initialize__aeabi_                  - Undefined Weak Reference
    __cxa_finalize                            - Undefined Weak Reference
    __decompress                              - Undefined Weak Reference
    _clock_init                               - Undefined Weak Reference
    _microlib_exit                            - Undefined Weak Reference
    __Vectors_Size                           0x00000170   Number         0  startup_at32f415.o ABSOLUTE
    __Vectors                                0x08004000   Data           4  startup_at32f415.o(RESET)
    __Vectors_End                            0x08004170   Data           0  startup_at32f415.o(RESET)
    __main                                   0x08004171   Thumb Code     0  entry.o(.ARM.Collect$$$$00000000)
    _main_stk                                0x08004171   Thumb Code     0  entry2.o(.ARM.Collect$$$$00000001)
    _main_scatterload                        0x08004175   Thumb Code     0  entry5.o(.ARM.Collect$$$$00000004)
    __main_after_scatterload                 0x08004179   Thumb Code     0  entry5.o(.ARM.Collect$$$$00000004)
    _main_clock                              0x08004179   Thumb Code     0  entry7b.o(.ARM.Collect$$$$00000008)
    _main_cpp_init                           0x08004179   Thumb Code     0  entry8b.o(.ARM.Collect$$$$0000000A)
    _main_init                               0x08004179   Thumb Code     0  entry9a.o(.ARM.Collect$$$$0000000B)
    __rt_final_cpp                           0x08004181   Thumb Code     0  entry10a.o(.ARM.Collect$$$$0000000D)
    __rt_final_exit                          0x08004181   Thumb Code     0  entry11a.o(.ARM.Collect$$$$0000000F)
    Reset_Handler                            0x08004185   Thumb Code     8  startup_at32f415.o(.text)
    ADC1_IRQHandler                          0x0800419f   Thumb Code     0  startup_at32f415.o(.text)
    CAN1_RX0_IRQHandler                      0x0800419f   Thumb Code     0  startup_at32f415.o(.text)
    CAN1_RX1_IRQHandler                      0x0800419f   Thumb Code     0  startup_at32f415.o(.text)
    CAN1_SE_IRQHandler                       0x0800419f   Thumb Code     0  startup_at32f415.o(.text)
    CAN1_TX_IRQHandler                       0x0800419f   Thumb Code     0  startup_at32f415.o(.text)
    CMP1_IRQHandler                          0x0800419f   Thumb Code     0  startup_at32f415.o(.text)
    CMP2_IRQHandler                          0x0800419f   Thumb Code     0  startup_at32f415.o(.text)
    CRM_IRQHandler                           0x0800419f   Thumb Code     0  startup_at32f415.o(.text)
    DMA1_Channel1_IRQHandler                 0x0800419f   Thumb Code     0  startup_at32f415.o(.text)
    DMA1_Channel2_IRQHandler                 0x0800419f   Thumb Code     0  startup_at32f415.o(.text)
    DMA1_Channel3_IRQHandler                 0x0800419f   Thumb Code     0  startup_at32f415.o(.text)
    DMA1_Channel4_IRQHandler                 0x0800419f   Thumb Code     0  startup_at32f415.o(.text)
    DMA1_Channel5_IRQHandler                 0x0800419f   Thumb Code     0  startup_at32f415.o(.text)
    DMA1_Channel6_IRQHandler                 0x0800419f   Thumb Code     0  startup_at32f415.o(.text)
    DMA1_Channel7_IRQHandler                 0x0800419f   Thumb Code     0  startup_at32f415.o(.text)
    DMA2_Channel1_IRQHandler                 0x0800419f   Thumb Code     0  startup_at32f415.o(.text)
    DMA2_Channel2_IRQHandler                 0x0800419f   Thumb Code     0  startup_at32f415.o(.text)
    DMA2_Channel3_IRQHandler                 0x0800419f   Thumb Code     0  startup_at32f415.o(.text)
    DMA2_Channel4_5_IRQHandler               0x0800419f   Thumb Code     0  startup_at32f415.o(.text)
    DMA2_Channel6_7_IRQHandler               0x0800419f   Thumb Code     0  startup_at32f415.o(.text)
    ERTCAlarm_IRQHandler                     0x0800419f   Thumb Code     0  startup_at32f415.o(.text)
    ERTC_WKUP_IRQHandler                     0x0800419f   Thumb Code     0  startup_at32f415.o(.text)
    EXINT0_IRQHandler                        0x0800419f   Thumb Code     0  startup_at32f415.o(.text)
    EXINT1_IRQHandler                        0x0800419f   Thumb Code     0  startup_at32f415.o(.text)
    EXINT2_IRQHandler                        0x0800419f   Thumb Code     0  startup_at32f415.o(.text)
    EXINT3_IRQHandler                        0x0800419f   Thumb Code     0  startup_at32f415.o(.text)
    EXINT4_IRQHandler                        0x0800419f   Thumb Code     0  startup_at32f415.o(.text)
    EXINT9_5_IRQHandler                      0x0800419f   Thumb Code     0  startup_at32f415.o(.text)
    FLASH_IRQHandler                         0x0800419f   Thumb Code     0  startup_at32f415.o(.text)
    I2C1_ERR_IRQHandler                      0x0800419f   Thumb Code     0  startup_at32f415.o(.text)
    I2C1_EVT_IRQHandler                      0x0800419f   Thumb Code     0  startup_at32f415.o(.text)
    I2C2_ERR_IRQHandler                      0x0800419f   Thumb Code     0  startup_at32f415.o(.text)
    I2C2_EVT_IRQHandler                      0x0800419f   Thumb Code     0  startup_at32f415.o(.text)
    OTGFS1_IRQHandler                        0x0800419f   Thumb Code     0  startup_at32f415.o(.text)
    OTGFS1_WKUP_IRQHandler                   0x0800419f   Thumb Code     0  startup_at32f415.o(.text)
    PVM_IRQHandler                           0x0800419f   Thumb Code     0  startup_at32f415.o(.text)
    SDIO1_IRQHandler                         0x0800419f   Thumb Code     0  startup_at32f415.o(.text)
    SPI1_IRQHandler                          0x0800419f   Thumb Code     0  startup_at32f415.o(.text)
    SPI2_IRQHandler                          0x0800419f   Thumb Code     0  startup_at32f415.o(.text)
    TAMP_STAMP_IRQHandler                    0x0800419f   Thumb Code     0  startup_at32f415.o(.text)
    TMR1_BRK_TMR9_IRQHandler                 0x0800419f   Thumb Code     0  startup_at32f415.o(.text)
    TMR1_CH_IRQHandler                       0x0800419f   Thumb Code     0  startup_at32f415.o(.text)
    TMR1_OVF_TMR10_IRQHandler                0x0800419f   Thumb Code     0  startup_at32f415.o(.text)
    TMR1_TRG_HALL_TMR11_IRQHandler           0x0800419f   Thumb Code     0  startup_at32f415.o(.text)
    TMR4_GLOBAL_IRQHandler                   0x0800419f   Thumb Code     0  startup_at32f415.o(.text)
    TMR5_GLOBAL_IRQHandler                   0x0800419f   Thumb Code     0  startup_at32f415.o(.text)
    WWDT_IRQHandler                          0x0800419f   Thumb Code     0  startup_at32f415.o(.text)
    __aeabi_uldivmod                         0x080041a9   Thumb Code    98  uldiv.o(.text)
    __I$use$fp                               0x0800420b   Thumb Code     0  iusefp.o(.text)
    __aeabi_dadd                             0x0800420b   Thumb Code   322  dadd.o(.text)
    __aeabi_dsub                             0x0800434d   Thumb Code     6  dadd.o(.text)
    __aeabi_drsub                            0x08004353   Thumb Code     6  dadd.o(.text)
    __aeabi_dmul                             0x08004359   Thumb Code   228  dmul.o(.text)
    __aeabi_ddiv                             0x0800443d   Thumb Code   222  ddiv.o(.text)
    __scatterload                            0x0800451d   Thumb Code    28  init.o(.text)
    __scatterload_rt2                        0x0800451d   Thumb Code     0  init.o(.text)
    __aeabi_llsl                             0x08004541   Thumb Code    30  llshl.o(.text)
    _ll_shift_l                              0x08004541   Thumb Code     0  llshl.o(.text)
    __aeabi_llsr                             0x0800455f   Thumb Code    32  llushr.o(.text)
    _ll_ushift_r                             0x0800455f   Thumb Code     0  llushr.o(.text)
    __aeabi_lasr                             0x0800457f   Thumb Code    36  llsshr.o(.text)
    _ll_sshift_r                             0x0800457f   Thumb Code     0  llsshr.o(.text)
    _double_round                            0x080045a3   Thumb Code    30  depilogue.o(.text)
    _double_epilogue                         0x080045c1   Thumb Code   156  depilogue.o(.text)
    __aeabi_memset                           0x0800465d   Thumb Code    14  memseta.o(.text)
    __aeabi_memset4                          0x0800465d   Thumb Code     0  memseta.o(.text)
    __aeabi_memset8                          0x0800465d   Thumb Code     0  memseta.o(.text)
    __aeabi_memclr                           0x0800466b   Thumb Code     4  memseta.o(.text)
    __aeabi_memclr4                          0x0800466b   Thumb Code     0  memseta.o(.text)
    __aeabi_memclr8                          0x0800466b   Thumb Code     0  memseta.o(.text)
    _memset$wrapper                          0x0800466f   Thumb Code    18  memseta.o(.text)
    __aeabi_fadd                             0x08004681   Thumb Code   164  fadd.o(.text)
    __aeabi_fsub                             0x08004725   Thumb Code     6  fadd.o(.text)
    __aeabi_frsub                            0x0800472b   Thumb Code     6  fadd.o(.text)
    __aeabi_fmul                             0x08004731   Thumb Code   100  fmul.o(.text)
    __aeabi_fdiv                             0x08004795   Thumb Code   124  fdiv.o(.text)
    __aeabi_fcmple                           0x08004811   Thumb Code    28  fcmple.o(.text)
    __aeabi_fcmplt                           0x0800482d   Thumb Code    28  fcmplt.o(.text)
    __aeabi_fcmpge                           0x08004849   Thumb Code    28  fcmpge.o(.text)
    __aeabi_fcmpgt                           0x08004865   Thumb Code    28  fcmpgt.o(.text)
    __aeabi_i2f                              0x08004881   Thumb Code    18  fflti.o(.text)
    __aeabi_ui2f                             0x08004893   Thumb Code    10  ffltui.o(.text)
    __aeabi_i2d                              0x0800489d   Thumb Code    34  dflti.o(.text)
    __aeabi_ui2d                             0x080048bf   Thumb Code    26  dfltui.o(.text)
    __aeabi_f2uiz                            0x080048d9   Thumb Code    40  ffixui.o(.text)
    __aeabi_d2iz                             0x08004901   Thumb Code    62  dfixi.o(.text)
    __aeabi_d2uiz                            0x0800493f   Thumb Code    50  dfixui.o(.text)
    _float_round                             0x08004971   Thumb Code    18  fepilogue.o(.text)
    _float_epilogue                          0x08004983   Thumb Code    92  fepilogue.o(.text)
    BusFault_Handler                         0x08004c1d   Thumb Code     4  lto-llvm-a2ddd2.o(.text.BusFault_Handler)
    DebugMon_Handler                         0x08004c21   Thumb Code     2  lto-llvm-a2ddd2.o(.text.DebugMon_Handler)
    EXINT15_10_IRQHandler                    0x080060f9   Thumb Code    18  lto-llvm-a2ddd2.o(.text.EXINT15_10_IRQHandler)
    HardFault_Handler                        0x0800c2d9   Thumb Code     4  lto-llvm-a2ddd2.o(.text.HardFault_Handler)
    MemManage_Handler                        0x0800cff1   Thumb Code     4  lto-llvm-a2ddd2.o(.text.MemManage_Handler)
    NMI_Handler                              0x0800cff5   Thumb Code     2  lto-llvm-a2ddd2.o(.text.NMI_Handler)
    PendSV_Handler                           0x08011639   Thumb Code     2  lto-llvm-a2ddd2.o(.text.PendSV_Handler)
    SVC_Handler                              0x08015519   Thumb Code     2  lto-llvm-a2ddd2.o(.text.SVC_Handler)
    SysTick_Handler                          0x0801551d   Thumb Code   322  lto-llvm-a2ddd2.o(.text.SysTick_Handler)
    SystemInit                               0x08015661   Thumb Code   208  lto-llvm-a2ddd2.o(.text.SystemInit)
    TMR2_GLOBAL_IRQHandler                   0x08015731   Thumb Code    62  lto-llvm-a2ddd2.o(.text.TMR2_GLOBAL_IRQHandler)
    TMR3_GLOBAL_IRQHandler                   0x08015771   Thumb Code    42  lto-llvm-a2ddd2.o(.text.TMR3_GLOBAL_IRQHandler)
    UART4_IRQHandler                         0x0801579d   Thumb Code   202  lto-llvm-a2ddd2.o(.text.UART4_IRQHandler)
    UART5_IRQHandler                         0x080158c9   Thumb Code   202  lto-llvm-a2ddd2.o(.text.UART5_IRQHandler)
    USART1_IRQHandler                        0x080159f5   Thumb Code   270  lto-llvm-a2ddd2.o(.text.USART1_IRQHandler)
    USART2_IRQHandler                        0x08015b65   Thumb Code   192  lto-llvm-a2ddd2.o(.text.USART2_IRQHandler)
    USART3_IRQHandler                        0x08015c85   Thumb Code   202  lto-llvm-a2ddd2.o(.text.USART3_IRQHandler)
    UsageFault_Handler                       0x08015de1   Thumb Code     4  lto-llvm-a2ddd2.o(.text.UsageFault_Handler)
    main                                     0x0801a6dd   Thumb Code   350  lto-llvm-a2ddd2.o(.text.main)
    __scatterload_copy                       0x0801de69   Thumb Code    14  handlers.o(i.__scatterload_copy)
    __scatterload_null                       0x0801de77   Thumb Code     2  handlers.o(i.__scatterload_null)
    __scatterload_zeroinit                   0x0801de79   Thumb Code    14  handlers.o(i.__scatterload_zeroinit)
    EventRecorderInfo                        0x0801ded8   Data          24  lto-llvm-a2ddd2.o(.rodata.EventRecorderInfo)
    Region$$Table$$Base                      0x0801df18   Number         0  anon$$obj.o(Region$$Table)
    Region$$Table$$Limit                     0x0801df38   Number         0  anon$$obj.o(Region$$Table)
    __initial_sp                             0x20003868   Data           0  startup_at32f415.o(STACK)



==============================================================================

Memory Map of the image

  Image Entry point : 0x08004171

  Load Region LR_IROM1 (Base: 0x08004000, Size: 0x0001a000, Max: 0x00020000, ABSOLUTE)

    Execution Region ER_IROM1 (Exec base: 0x08004000, Load base: 0x08004000, Size: 0x00019f38, Max: 0x00020000, ABSOLUTE)

    Exec Addr    Load Addr    Size         Type   Attr      Idx    E Section Name        Object

    0x08004000   0x08004000   0x00000170   Data   RO           33    RESET               startup_at32f415.o
    0x08004170   0x08004170   0x00000000   Code   RO           64  * .ARM.Collect$$$$00000000  mc_w.l(entry.o)
    0x08004170   0x08004170   0x00000004   Code   RO          101    .ARM.Collect$$$$00000001  mc_w.l(entry2.o)
    0x08004174   0x08004174   0x00000004   Code   RO          104    .ARM.Collect$$$$00000004  mc_w.l(entry5.o)
    0x08004178   0x08004178   0x00000000   Code   RO          106    .ARM.Collect$$$$00000008  mc_w.l(entry7b.o)
    0x08004178   0x08004178   0x00000000   Code   RO          108    .ARM.Collect$$$$0000000A  mc_w.l(entry8b.o)
    0x08004178   0x08004178   0x00000008   Code   RO          109    .ARM.Collect$$$$0000000B  mc_w.l(entry9a.o)
    0x08004180   0x08004180   0x00000000   Code   RO          111    .ARM.Collect$$$$0000000D  mc_w.l(entry10a.o)
    0x08004180   0x08004180   0x00000000   Code   RO          113    .ARM.Collect$$$$0000000F  mc_w.l(entry11a.o)
    0x08004180   0x08004180   0x00000004   Code   RO          102    .ARM.Collect$$$$00002712  mc_w.l(entry2.o)
    0x08004184   0x08004184   0x00000024   Code   RO           34    .text               startup_at32f415.o
    0x080041a8   0x080041a8   0x00000062   Code   RO          126    .text               mc_w.l(uldiv.o)
    0x0800420a   0x0800420a   0x00000000   Code   RO          128    .text               mc_w.l(iusefp.o)
    0x0800420a   0x0800420a   0x0000014e   Code   RO          129    .text               mf_w.l(dadd.o)
    0x08004358   0x08004358   0x000000e4   Code   RO          131    .text               mf_w.l(dmul.o)
    0x0800443c   0x0800443c   0x000000de   Code   RO          133    .text               mf_w.l(ddiv.o)
    0x0800451a   0x0800451a   0x00000002   PAD
    0x0800451c   0x0800451c   0x00000024   Code   RO          139    .text               mc_w.l(init.o)
    0x08004540   0x08004540   0x0000001e   Code   RO          141    .text               mc_w.l(llshl.o)
    0x0800455e   0x0800455e   0x00000020   Code   RO          143    .text               mc_w.l(llushr.o)
    0x0800457e   0x0800457e   0x00000024   Code   RO          145    .text               mc_w.l(llsshr.o)
    0x080045a2   0x080045a2   0x000000ba   Code   RO          147    .text               mf_w.l(depilogue.o)
    0x0800465c   0x0800465c   0x00000024   Code   RO          691    .text               mc_w.l(memseta.o)
    0x08004680   0x08004680   0x000000b0   Code   RO          695    .text               mf_w.l(fadd.o)
    0x08004730   0x08004730   0x00000064   Code   RO          697    .text               mf_w.l(fmul.o)
    0x08004794   0x08004794   0x0000007c   Code   RO          699    .text               mf_w.l(fdiv.o)
    0x08004810   0x08004810   0x0000001c   Code   RO          701    .text               mf_w.l(fcmple.o)
    0x0800482c   0x0800482c   0x0000001c   Code   RO          703    .text               mf_w.l(fcmplt.o)
    0x08004848   0x08004848   0x0000001c   Code   RO          705    .text               mf_w.l(fcmpge.o)
    0x08004864   0x08004864   0x0000001c   Code   RO          707    .text               mf_w.l(fcmpgt.o)
    0x08004880   0x08004880   0x00000012   Code   RO          709    .text               mf_w.l(fflti.o)
    0x08004892   0x08004892   0x0000000a   Code   RO          711    .text               mf_w.l(ffltui.o)
    0x0800489c   0x0800489c   0x00000022   Code   RO          713    .text               mf_w.l(dflti.o)
    0x080048be   0x080048be   0x0000001a   Code   RO          715    .text               mf_w.l(dfltui.o)
    0x080048d8   0x080048d8   0x00000028   Code   RO          717    .text               mf_w.l(ffixui.o)
    0x08004900   0x08004900   0x0000003e   Code   RO          719    .text               mf_w.l(dfixi.o)
    0x0800493e   0x0800493e   0x00000032   Code   RO          721    .text               mf_w.l(dfixui.o)
    0x08004970   0x08004970   0x0000006e   Code   RO          723    .text               mf_w.l(fepilogue.o)
    0x080049de   0x080049de   0x00000002   PAD
    0x080049e0   0x080049e0   0x000000e8   Code   RO          592    .text.BSP_UsartInit  lto-llvm-a2ddd2.o
    0x08004ac8   0x08004ac8   0x00000152   Code   RO          510    .text.BeepProc      lto-llvm-a2ddd2.o
    0x08004c1a   0x08004c1a   0x00000002   PAD
    0x08004c1c   0x08004c1c   0x00000004   Code   RO          196    .text.BusFault_Handler  lto-llvm-a2ddd2.o
    0x08004c20   0x08004c20   0x00000002   Code   RO          202    .text.DebugMon_Handler  lto-llvm-a2ddd2.o
    0x08004c22   0x08004c22   0x00000002   PAD
    0x08004c24   0x08004c24   0x0000109a   Code   RO          216    .text.Direct_Handle_PWM_Out  lto-llvm-a2ddd2.o
    0x08005cbe   0x08005cbe   0x00000002   PAD
    0x08005cc0   0x08005cc0   0x000003ce   Code   RO          540    .text.Direct_handle_switch  lto-llvm-a2ddd2.o
    0x0800608e   0x0800608e   0x00000002   PAD
    0x08006090   0x08006090   0x00000068   Code   RO          554    .text.DwinInitialization  lto-llvm-a2ddd2.o
    0x080060f8   0x080060f8   0x00000012   Code   RO          220    .text.EXINT15_10_IRQHandler  lto-llvm-a2ddd2.o
    0x0800610a   0x0800610a   0x00000002   PAD
    0x0800610c   0x0800610c   0x00000092   Code   RO          646    .text.EventGetTS    lto-llvm-a2ddd2.o
    0x0800619e   0x0800619e   0x00000002   PAD
    0x080061a0   0x080061a0   0x000000f0   Code   RO          648    .text.EventRecordItem  lto-llvm-a2ddd2.o
    0x08006290   0x08006290   0x00000090   Code   RO          644    .text.EventRecorderEnable  lto-llvm-a2ddd2.o
    0x08006320   0x08006320   0x000001aa   Code   RO          640    .text.EventRecorderInitialize  lto-llvm-a2ddd2.o
    0x080064ca   0x080064ca   0x00000002   PAD
    0x080064cc   0x080064cc   0x00000044   Code   RO          650    .text.EventRecorderStart  lto-llvm-a2ddd2.o
    0x08006510   0x08006510   0x0000000c   Code   RO          638    .text.EventRecorderTimerGetCount  lto-llvm-a2ddd2.o
    0x0800651c   0x0800651c   0x0000000c   Code   RO          636    .text.EventRecorderTimerGetFreq  lto-llvm-a2ddd2.o
    0x08006528   0x08006528   0x00000022   Code   RO          634    .text.EventRecorderTimerSetup  lto-llvm-a2ddd2.o
    0x0800654a   0x0800654a   0x00000002   PAD
    0x0800654c   0x0800654c   0x00000398   Code   RO          580    .text.FWG2_Init     lto-llvm-a2ddd2.o
    0x080068e4   0x080068e4   0x000059de   Code   RO          514    .text.FlashProc     lto-llvm-a2ddd2.o
    0x0800c2c2   0x0800c2c2   0x00000002   PAD
    0x0800c2c4   0x0800c2c4   0x00000012   Code   RO          652    .text.GetRecordIndex  lto-llvm-a2ddd2.o
    0x0800c2d6   0x0800c2d6   0x00000002   PAD
    0x0800c2d8   0x0800c2d8   0x00000004   Code   RO          192    .text.HardFault_Handler  lto-llvm-a2ddd2.o
    0x0800c2dc   0x0800c2dc   0x00000012   Code   RO          660    .text.IncrementRecordsDumped  lto-llvm-a2ddd2.o
    0x0800c2ee   0x0800c2ee   0x00000002   PAD
    0x0800c2f0   0x0800c2f0   0x00000012   Code   RO          658    .text.IncrementRecordsWritten  lto-llvm-a2ddd2.o
    0x0800c302   0x0800c302   0x00000002   PAD
    0x0800c304   0x0800c304   0x00000c5a   Code   RO          516    .text.KeyProc       lto-llvm-a2ddd2.o
    0x0800cf5e   0x0800cf5e   0x00000002   PAD
    0x0800cf60   0x0800cf60   0x0000008e   Code   RO          654    .text.LockRecord    lto-llvm-a2ddd2.o
    0x0800cfee   0x0800cfee   0x00000002   PAD
    0x0800cff0   0x0800cff0   0x00000004   Code   RO          194    .text.MemManage_Handler  lto-llvm-a2ddd2.o
    0x0800cff4   0x0800cff4   0x00000002   Code   RO          190    .text.NMI_Handler   lto-llvm-a2ddd2.o
    0x0800cff6   0x0800cff6   0x00000002   PAD
    0x0800cff8   0x0800cff8   0x00000064   Code   RO          186    .text.NVIC_EncodePriority  lto-llvm-a2ddd2.o
    0x0800d05c   0x0800d05c   0x00000062   Code   RO          336    .text.NVIC_EncodePriority.104  lto-llvm-a2ddd2.o
    0x0800d0be   0x0800d0be   0x00000002   PAD
    0x0800d0c0   0x0800d0c0   0x00000026   Code   RO          504    .text.PID_Clear     lto-llvm-a2ddd2.o
    0x0800d0e6   0x0800d0e6   0x00000002   PAD
    0x0800d0e8   0x0800d0e8   0x0000006e   Code   RO          502    .text.PID_Init      lto-llvm-a2ddd2.o
    0x0800d156   0x0800d156   0x00000002   PAD
    0x0800d158   0x0800d158   0x000000f8   Code   RO          500    .text.PID_Position_Calc  lto-llvm-a2ddd2.o
    0x0800d250   0x0800d250   0x000008e6   Code   RO          550    .text.Page_Code_Heartbeat_Packet  lto-llvm-a2ddd2.o
    0x0800db36   0x0800db36   0x00000002   PAD
    0x0800db38   0x0800db38   0x00000d4e   Code   RO          544    .text.Page_Direct_Curve_Heartbeat_Packet  lto-llvm-a2ddd2.o
    0x0800e886   0x0800e886   0x00000002   PAD
    0x0800e888   0x0800e888   0x00001426   Code   RO          542    .text.Page_Direct_Work_Heartbeat_Packet  lto-llvm-a2ddd2.o
    0x0800fcae   0x0800fcae   0x00000002   PAD
    0x0800fcb0   0x0800fcb0   0x000012f4   Code   RO          546    .text.Page_General_Heartbeat_Packet  lto-llvm-a2ddd2.o
    0x08010fa4   0x08010fa4   0x000003a4   Code   RO          548    .text.Page_Set_Heartbeat_Packet  lto-llvm-a2ddd2.o
    0x08011348   0x08011348   0x000002f0   Code   RO          552    .text.Page_Switch   lto-llvm-a2ddd2.o
    0x08011638   0x08011638   0x00000002   Code   RO          204    .text.PendSV_Handler  lto-llvm-a2ddd2.o
    0x0801163a   0x0801163a   0x00000002   PAD
    0x0801163c   0x0801163c   0x00003698   Code   RO          558    .text.RecvDataFromLCD  lto-llvm-a2ddd2.o
    0x08014cd4   0x08014cd4   0x00000102   Code   RO          564    .text.RecvDataFromPC  lto-llvm-a2ddd2.o
    0x08014dd6   0x08014dd6   0x00000002   PAD
    0x08014dd8   0x08014dd8   0x000003a0   Code   RO          570    .text.RecvDataFromUART4  lto-llvm-a2ddd2.o
    0x08015178   0x08015178   0x000003a0   Code   RO          576    .text.RecvDataFromUART5  lto-llvm-a2ddd2.o
    0x08015518   0x08015518   0x00000002   Code   RO          200    .text.SVC_Handler   lto-llvm-a2ddd2.o
    0x0801551a   0x0801551a   0x00000002   PAD
    0x0801551c   0x0801551c   0x00000142   Code   RO          206    .text.SysTick_Handler  lto-llvm-a2ddd2.o
    0x0801565e   0x0801565e   0x00000002   PAD
    0x08015660   0x08015660   0x000000d0   Code   RO          480    .text.SystemInit    lto-llvm-a2ddd2.o
    0x08015730   0x08015730   0x0000003e   Code   RO          214    .text.TMR2_GLOBAL_IRQHandler  lto-llvm-a2ddd2.o
    0x0801576e   0x0801576e   0x00000002   PAD
    0x08015770   0x08015770   0x0000002a   Code   RO          218    .text.TMR3_GLOBAL_IRQHandler  lto-llvm-a2ddd2.o
    0x0801579a   0x0801579a   0x00000002   PAD
    0x0801579c   0x0801579c   0x000000ca   Code   RO          614    .text.UART4_IRQHandler  lto-llvm-a2ddd2.o
    0x08015866   0x08015866   0x00000002   PAD
    0x08015868   0x08015868   0x0000005e   Code   RO          604    .text.UART4_TimeOutCounter  lto-llvm-a2ddd2.o
    0x080158c6   0x080158c6   0x00000002   PAD
    0x080158c8   0x080158c8   0x000000ca   Code   RO          616    .text.UART5_IRQHandler  lto-llvm-a2ddd2.o
    0x08015992   0x08015992   0x00000002   PAD
    0x08015994   0x08015994   0x0000005e   Code   RO          606    .text.UART5_TimeOutCounter  lto-llvm-a2ddd2.o
    0x080159f2   0x080159f2   0x00000002   PAD
    0x080159f4   0x080159f4   0x0000010e   Code   RO          608    .text.USART1_IRQHandler  lto-llvm-a2ddd2.o
    0x08015b02   0x08015b02   0x00000002   PAD
    0x08015b04   0x08015b04   0x0000005e   Code   RO          598    .text.USART1_TimeOutCounter  lto-llvm-a2ddd2.o
    0x08015b62   0x08015b62   0x00000002   PAD
    0x08015b64   0x08015b64   0x000000c0   Code   RO          610    .text.USART2_IRQHandler  lto-llvm-a2ddd2.o
    0x08015c24   0x08015c24   0x0000005e   Code   RO          600    .text.USART2_TimeOutCounter  lto-llvm-a2ddd2.o
    0x08015c82   0x08015c82   0x00000002   PAD
    0x08015c84   0x08015c84   0x000000ca   Code   RO          612    .text.USART3_IRQHandler  lto-llvm-a2ddd2.o
    0x08015d4e   0x08015d4e   0x00000002   PAD
    0x08015d50   0x08015d50   0x0000005e   Code   RO          602    .text.USART3_TimeOutCounter  lto-llvm-a2ddd2.o
    0x08015dae   0x08015dae   0x00000002   PAD
    0x08015db0   0x08015db0   0x00000030   Code   RO          656    .text.UnlockRecord  lto-llvm-a2ddd2.o
    0x08015de0   0x08015de0   0x00000004   Code   RO          198    .text.UsageFault_Handler  lto-llvm-a2ddd2.o
    0x08015de4   0x08015de4   0x00000070   Code   RO          556    .text.WriteDataToLCD  lto-llvm-a2ddd2.o
    0x08015e54   0x08015e54   0x00000142   Code   RO          566    .text.WriteDataToPC  lto-llvm-a2ddd2.o
    0x08015f96   0x08015f96   0x00000002   PAD
    0x08015f98   0x08015f98   0x00000032   Code   RO          340    .text.__NVIC_EnableIRQ  lto-llvm-a2ddd2.o
    0x08015fca   0x08015fca   0x00000002   PAD
    0x08015fcc   0x08015fcc   0x00000010   Code   RO          184    .text.__NVIC_GetPriorityGrouping  lto-llvm-a2ddd2.o
    0x08015fdc   0x08015fdc   0x00000010   Code   RO          334    .text.__NVIC_GetPriorityGrouping.103  lto-llvm-a2ddd2.o
    0x08015fec   0x08015fec   0x00000042   Code   RO          188    .text.__NVIC_SetPriority  lto-llvm-a2ddd2.o
    0x0801602e   0x0801602e   0x00000002   PAD
    0x08016030   0x08016030   0x00000042   Code   RO          338    .text.__NVIC_SetPriority.105  lto-llvm-a2ddd2.o
    0x08016072   0x08016072   0x00000002   PAD
    0x08016074   0x08016074   0x0000003c   Code   RO          344    .text.__NVIC_SetPriorityGrouping  lto-llvm-a2ddd2.o
    0x080160b0   0x080160b0   0x00000026   Code   RO          330    .text.__NVIC_SystemReset  lto-llvm-a2ddd2.o
    0x080160d6   0x080160d6   0x00000002   PAD
    0x080160d8   0x080160d8   0x0000003a   Code   RO          498    .text.abs_limit     lto-llvm-a2ddd2.o
    0x08016112   0x08016112   0x00000002   PAD
    0x08016114   0x08016114   0x0000006c   Code   RO          412    .text.adc_base_config  lto-llvm-a2ddd2.o
    0x08016180   0x08016180   0x0000001c   Code   RO          410    .text.adc_base_default_para_init  lto-llvm-a2ddd2.o
    0x0801619c   0x0801619c   0x0000001a   Code   RO          414    .text.adc_calibration_init  lto-llvm-a2ddd2.o
    0x080161b6   0x080161b6   0x00000002   PAD
    0x080161b8   0x080161b8   0x00000030   Code   RO          416    .text.adc_calibration_init_status_get  lto-llvm-a2ddd2.o
    0x080161e8   0x080161e8   0x0000001a   Code   RO          418    .text.adc_calibration_start  lto-llvm-a2ddd2.o
    0x08016202   0x08016202   0x00000002   PAD
    0x08016204   0x08016204   0x00000030   Code   RO          420    .text.adc_calibration_status_get  lto-llvm-a2ddd2.o
    0x08016234   0x08016234   0x00000024   Code   RO          408    .text.adc_enable    lto-llvm-a2ddd2.o
    0x08016258   0x08016258   0x0000003e   Code   RO          434    .text.adc_flag_get  lto-llvm-a2ddd2.o
    0x08016296   0x08016296   0x00000002   PAD
    0x08016298   0x08016298   0x00000168   Code   RO          422    .text.adc_ordinary_channel_set  lto-llvm-a2ddd2.o
    0x08016400   0x08016400   0x00000016   Code   RO          432    .text.adc_ordinary_conversion_data_get  lto-llvm-a2ddd2.o
    0x08016416   0x08016416   0x00000002   PAD
    0x08016418   0x08016418   0x00000080   Code   RO          424    .text.adc_ordinary_conversion_trigger_set  lto-llvm-a2ddd2.o
    0x08016498   0x08016498   0x0000002c   Code   RO          426    .text.adc_ordinary_part_mode_enable  lto-llvm-a2ddd2.o
    0x080164c4   0x080164c4   0x0000002c   Code   RO          430    .text.adc_ordinary_software_trigger_enable  lto-llvm-a2ddd2.o
    0x080164f0   0x080164f0   0x00000028   Code   RO          406    .text.adc_reset     lto-llvm-a2ddd2.o
    0x08016518   0x08016518   0x00000002   Code   RO          156    .text.adc_task      lto-llvm-a2ddd2.o
    0x0801651a   0x0801651a   0x00000002   PAD
    0x0801651c   0x0801651c   0x00000028   Code   RO          428    .text.adc_tempersensor_vintrv_enable  lto-llvm-a2ddd2.o
    0x08016544   0x08016544   0x0000006e   Code   RO          664    .text.atomic_cmp_xch_32  lto-llvm-a2ddd2.o
    0x080165b2   0x080165b2   0x00000002   PAD
    0x080165b4   0x080165b4   0x0000002a   Code   RO          662    .text.atomic_inc_32  lto-llvm-a2ddd2.o
    0x080165de   0x080165de   0x00000002   PAD
    0x080165e0   0x080165e0   0x00000014   Code   RO          508    .text.beep_off      lto-llvm-a2ddd2.o
    0x080165f4   0x080165f4   0x0000000c   Code   RO          506    .text.beep_on       lto-llvm-a2ddd2.o
    0x08016600   0x08016600   0x00000070   Code   RO          158    .text.beep_task     lto-llvm-a2ddd2.o
    0x08016670   0x08016670   0x00000036   Code   RO          538    .text.check_handle_position  lto-llvm-a2ddd2.o
    0x080166a6   0x080166a6   0x00000002   PAD
    0x080166a8   0x080166a8   0x00000a34   Code   RO          210    .text.code_mode_time  lto-llvm-a2ddd2.o
    0x080170dc   0x080170dc   0x000000e2   Code   RO          618    .text.convert_data  lto-llvm-a2ddd2.o
    0x080171be   0x080171be   0x00000002   PAD
    0x080171c0   0x080171c0   0x000000cc   Code   RO          212    .text.count_down    lto-llvm-a2ddd2.o
    0x0801728c   0x0801728c   0x0000008c   Code   RO          642    .text.crc16_ccitt   lto-llvm-a2ddd2.o
    0x08017318   0x08017318   0x00000044   Code   RO          468    .text.crc_block_calculate  lto-llvm-a2ddd2.o
    0x0801735c   0x0801735c   0x00000012   Code   RO          466    .text.crc_data_reset  lto-llvm-a2ddd2.o
    0x0801736e   0x0801736e   0x00000002   PAD
    0x08017370   0x08017370   0x00000018   Code   RO          470    .text.crc_init_data_set  lto-llvm-a2ddd2.o
    0x08017388   0x08017388   0x00000028   Code   RO          478    .text.crc_poly_size_set  lto-llvm-a2ddd2.o
    0x080173b0   0x080173b0   0x0000001c   Code   RO          476    .text.crc_poly_value_set  lto-llvm-a2ddd2.o
    0x080173cc   0x080173cc   0x00000028   Code   RO          472    .text.crc_reverse_input_data_set  lto-llvm-a2ddd2.o
    0x080173f4   0x080173f4   0x00000028   Code   RO          474    .text.crc_reverse_output_data_set  lto-llvm-a2ddd2.o
    0x0801741c   0x0801741c   0x00000038   Code   RO          288    .text.crm_adc_clock_div_set  lto-llvm-a2ddd2.o
    0x08017454   0x08017454   0x00000028   Code   RO          282    .text.crm_ahb_div_set  lto-llvm-a2ddd2.o
    0x0801747c   0x0801747c   0x00000028   Code   RO          284    .text.crm_apb1_div_set  lto-llvm-a2ddd2.o
    0x080174a4   0x080174a4   0x00000028   Code   RO          286    .text.crm_apb2_div_set  lto-llvm-a2ddd2.o
    0x080174cc   0x080174cc   0x00000038   Code   RO          298    .text.crm_auto_step_mode_enable  lto-llvm-a2ddd2.o
    0x08017504   0x08017504   0x000000a2   Code   RO          280    .text.crm_clock_source_enable  lto-llvm-a2ddd2.o
    0x080175a6   0x080175a6   0x00000002   PAD
    0x080175a8   0x080175a8   0x00000262   Code   RO          296    .text.crm_clocks_freq_get  lto-llvm-a2ddd2.o
    0x0801780a   0x0801780a   0x00000002   PAD
    0x0801780c   0x0801780c   0x0000003e   Code   RO          272    .text.crm_flag_get  lto-llvm-a2ddd2.o
    0x0801784a   0x0801784a   0x00000002   PAD
    0x0801784c   0x0801784c   0x0000005c   Code   RO          274    .text.crm_hext_stable_wait  lto-llvm-a2ddd2.o
    0x080178a8   0x080178a8   0x00000056   Code   RO          276    .text.crm_periph_clock_enable  lto-llvm-a2ddd2.o
    0x080178fe   0x080178fe   0x00000002   PAD
    0x08017900   0x08017900   0x0000005a   Code   RO          278    .text.crm_periph_reset  lto-llvm-a2ddd2.o
    0x0801795a   0x0801795a   0x00000002   PAD
    0x0801795c   0x0801795c   0x000000cc   Code   RO          290    .text.crm_pll_config2  lto-llvm-a2ddd2.o
    0x08017a28   0x08017a28   0x0000009a   Code   RO          270    .text.crm_reset     lto-llvm-a2ddd2.o
    0x08017ac2   0x08017ac2   0x00000002   PAD
    0x08017ac4   0x08017ac4   0x00000048   Code   RO          292    .text.crm_sysclk_switch  lto-llvm-a2ddd2.o
    0x08017b0c   0x08017b0c   0x00000010   Code   RO          294    .text.crm_sysclk_switch_status_get  lto-llvm-a2ddd2.o
    0x08017b1c   0x08017b1c   0x0000005a   Code   RO          512    .text.data_check_len  lto-llvm-a2ddd2.o
    0x08017b76   0x08017b76   0x00000002   PAD
    0x08017b78   0x08017b78   0x0000021e   Code   RO          534    .text.direct_linear_correction  lto-llvm-a2ddd2.o
    0x08017d96   0x08017d96   0x00000002   PAD
    0x08017d98   0x08017d98   0x00000022   Code   RO          444    .text.dma_channel_enable  lto-llvm-a2ddd2.o
    0x08017dba   0x08017dba   0x00000002   PAD
    0x08017dbc   0x08017dbc   0x00000032   Code   RO          446    .text.dma_default_para_init  lto-llvm-a2ddd2.o
    0x08017dee   0x08017dee   0x00000002   PAD
    0x08017df0   0x08017df0   0x000000c4   Code   RO          448    .text.dma_init      lto-llvm-a2ddd2.o
    0x08017eb4   0x08017eb4   0x000000ac   Code   RO          442    .text.dma_reset     lto-llvm-a2ddd2.o
    0x08017f60   0x08017f60   0x0000019c   Code   RO          160    .text.dwin_task     lto-llvm-a2ddd2.o
    0x080180fc   0x080180fc   0x0000008c   Code   RO          208    .text.enhance_mode_countdown  lto-llvm-a2ddd2.o
    0x08018188   0x08018188   0x0000001c   Code   RO          450    .text.exint_default_para_init  lto-llvm-a2ddd2.o
    0x080181a4   0x080181a4   0x00000018   Code   RO          454    .text.exint_flag_clear  lto-llvm-a2ddd2.o
    0x080181bc   0x080181bc   0x0000003e   Code   RO          456    .text.exint_flag_get  lto-llvm-a2ddd2.o
    0x080181fa   0x080181fa   0x00000002   PAD
    0x080181fc   0x080181fc   0x000000ec   Code   RO          452    .text.exint_init    lto-llvm-a2ddd2.o
    0x080182e8   0x080182e8   0x00000bb8   Code   RO          530    .text.fan_control   lto-llvm-a2ddd2.o
    0x08018ea0   0x08018ea0   0x00000024   Code   RO          166    .text.feed_dog_task  lto-llvm-a2ddd2.o
    0x08018ec4   0x08018ec4   0x00000040   Code   RO          312    .text.flash_halfword_program  lto-llvm-a2ddd2.o
    0x08018f04   0x08018f04   0x00000012   Code   RO          306    .text.flash_lock    lto-llvm-a2ddd2.o
    0x08018f16   0x08018f16   0x00000002   PAD
    0x08018f18   0x08018f18   0x00000068   Code   RO          300    .text.flash_operation_status_get  lto-llvm-a2ddd2.o
    0x08018f80   0x08018f80   0x00000056   Code   RO          302    .text.flash_operation_wait_for  lto-llvm-a2ddd2.o
    0x08018fd6   0x08018fd6   0x00000002   PAD
    0x08018fd8   0x08018fd8   0x00000048   Code   RO          308    .text.flash_sector_erase  lto-llvm-a2ddd2.o
    0x08019020   0x08019020   0x00000008   Code   RO          176    .text.flash_task    lto-llvm-a2ddd2.o
    0x08019028   0x08019028   0x0000001e   Code   RO          304    .text.flash_unlock  lto-llvm-a2ddd2.o
    0x08019046   0x08019046   0x00000002   PAD
    0x08019048   0x08019048   0x0000004c   Code   RO          310    .text.flash_word_program  lto-llvm-a2ddd2.o
    0x08019094   0x08019094   0x00000032   Code   RO          624    .text.flash_wred_halfword  lto-llvm-a2ddd2.o
    0x080190c6   0x080190c6   0x00000002   PAD
    0x080190c8   0x080190c8   0x00000028   Code   RO          620    .text.get_adcval    lto-llvm-a2ddd2.o
    0x080190f0   0x080190f0   0x0000002e   Code   RO          522    .text.get_key_ch    lto-llvm-a2ddd2.o
    0x0801911e   0x0801911e   0x00000002   PAD
    0x08019120   0x08019120   0x0000002e   Code   RO          520    .text.get_key_down  lto-llvm-a2ddd2.o
    0x0801914e   0x0801914e   0x00000002   PAD
    0x08019150   0x08019150   0x0000002e   Code   RO          524    .text.get_key_touch  lto-llvm-a2ddd2.o
    0x0801917e   0x0801917e   0x00000002   PAD
    0x08019180   0x08019180   0x0000002e   Code   RO          518    .text.get_key_up    lto-llvm-a2ddd2.o
    0x080191ae   0x080191ae   0x00000002   PAD
    0x080191b0   0x080191b0   0x00000014   Code   RO          322    .text.gpio_bits_reset  lto-llvm-a2ddd2.o
    0x080191c4   0x080191c4   0x0000001c   Code   RO          320    .text.gpio_bits_set  lto-llvm-a2ddd2.o
    0x080191e0   0x080191e0   0x00000026   Code   RO          316    .text.gpio_default_para_init  lto-llvm-a2ddd2.o
    0x08019206   0x08019206   0x00000002   PAD
    0x08019208   0x08019208   0x000000dc   Code   RO          326    .text.gpio_exint_line_config  lto-llvm-a2ddd2.o
    0x080192e4   0x080192e4   0x00000144   Code   RO          314    .text.gpio_init     lto-llvm-a2ddd2.o
    0x08019428   0x08019428   0x00000036   Code   RO          318    .text.gpio_input_data_bit_read  lto-llvm-a2ddd2.o
    0x0801945e   0x0801945e   0x00000002   PAD
    0x08019460   0x08019460   0x0000009a   Code   RO          324    .text.gpio_pin_remap_config  lto-llvm-a2ddd2.o
    0x080194fa   0x080194fa   0x00000002   PAD
    0x080194fc   0x080194fc   0x00000274   Code   RO          532    .text.hot_control   lto-llvm-a2ddd2.o
    0x08019770   0x08019770   0x00000038   Code   RO          244    .text.iap_command_handle  lto-llvm-a2ddd2.o
    0x080197a8   0x080197a8   0x00000032   Code   RO          246    .text.iap_init      lto-llvm-a2ddd2.o
    0x080197da   0x080197da   0x00000002   PAD
    0x080197dc   0x080197dc   0x00000008   Code   RO          152    .text.iap_task      lto-llvm-a2ddd2.o
    0x080197e4   0x080197e4   0x000000f6   Code   RO          626    .text.key_event_check  lto-llvm-a2ddd2.o
    0x080198da   0x080198da   0x00000002   PAD
    0x080198dc   0x080198dc   0x00000d86   Code   RO          528    .text.key_event_handle  lto-llvm-a2ddd2.o
    0x0801a662   0x0801a662   0x00000002   PAD
    0x0801a664   0x0801a664   0x0000006e   Code   RO          526    .text.key_handle    lto-llvm-a2ddd2.o
    0x0801a6d2   0x0801a6d2   0x00000002   PAD
    0x0801a6d4   0x0801a6d4   0x00000008   Code   RO          154    .text.key_task      lto-llvm-a2ddd2.o
    0x0801a6dc   0x0801a6dc   0x0000015e   Code   RO          150    .text.main          lto-llvm-a2ddd2.o
    0x0801a83a   0x0801a83a   0x00000002   PAD
    0x0801a83c   0x0801a83c   0x0000009e   Code   RO          622    .text.moveAverageFilter  lto-llvm-a2ddd2.o
    0x0801a8da   0x0801a8da   0x00000002   PAD
    0x0801a8dc   0x0801a8dc   0x00000034   Code   RO          332    .text.nvic_irq_enable  lto-llvm-a2ddd2.o
    0x0801a910   0x0801a910   0x00000016   Code   RO          342    .text.nvic_priority_group_config  lto-llvm-a2ddd2.o
    0x0801a926   0x0801a926   0x00000002   PAD
    0x0801a928   0x0801a928   0x00000004   Code   RO          328    .text.nvic_system_reset  lto-llvm-a2ddd2.o
    0x0801a92c   0x0801a92c   0x0000002c   Code   RO          346    .text.nvic_vector_table_set  lto-llvm-a2ddd2.o
    0x0801a958   0x0801a958   0x0000000c   Code   RO          164    .text.output_task   lto-llvm-a2ddd2.o
    0x0801a964   0x0801a964   0x00000030   Code   RO          560    .text.pc_comm_handle  lto-llvm-a2ddd2.o
    0x0801a994   0x0801a994   0x00000008   Code   RO          168    .text.pc_comm_task  lto-llvm-a2ddd2.o
    0x0801a99c   0x0801a99c   0x0000004e   Code   RO          562    .text.pc_event_handle  lto-llvm-a2ddd2.o
    0x0801a9ea   0x0801a9ea   0x00000002   PAD
    0x0801a9ec   0x0801a9ec   0x00000050   Code   RO          582    .text.queue_init    lto-llvm-a2ddd2.o
    0x0801aa3c   0x0801aa3c   0x00000016   Code   RO          590    .text.queue_isEmpty  lto-llvm-a2ddd2.o
    0x0801aa52   0x0801aa52   0x00000002   PAD
    0x0801aa54   0x0801aa54   0x00000022   Code   RO          586    .text.queue_isFull  lto-llvm-a2ddd2.o
    0x0801aa76   0x0801aa76   0x00000002   PAD
    0x0801aa78   0x0801aa78   0x00000048   Code   RO          588    .text.queue_read    lto-llvm-a2ddd2.o
    0x0801aac0   0x0801aac0   0x0000004a   Code   RO          584    .text.queue_write   lto-llvm-a2ddd2.o
    0x0801ab0a   0x0801ab0a   0x00000002   PAD
    0x0801ab0c   0x0801ab0c   0x00000020   Code   RO          174    .text.record_task   lto-llvm-a2ddd2.o
    0x0801ab2c   0x0801ab2c   0x0000002c   Code   RO          436    .text.spi_default_para_init  lto-llvm-a2ddd2.o
    0x0801ab58   0x0801ab58   0x0000002c   Code   RO          440    .text.spi_enable    lto-llvm-a2ddd2.o
    0x0801ab84   0x0801ab84   0x000001be   Code   RO          438    .text.spi_init      lto-llvm-a2ddd2.o
    0x0801ad42   0x0801ad42   0x00000002   PAD
    0x0801ad44   0x0801ad44   0x00000228   Code   RO          482    .text.system_core_clock_update  lto-llvm-a2ddd2.o
    0x0801af6c   0x0801af6c   0x0000003a   Code   RO          348    .text.systick_clock_source_config  lto-llvm-a2ddd2.o
    0x0801afa6   0x0801afa6   0x00000002   PAD
    0x0801afa8   0x0801afa8   0x00000046   Code   RO          536    .text.temp_get_filter_move_average  lto-llvm-a2ddd2.o
    0x0801afee   0x0801afee   0x00000002   PAD
    0x0801aff0   0x0801aff0   0x00000022   Code   RO          374    .text.tmr_base_init  lto-llvm-a2ddd2.o
    0x0801b012   0x0801b012   0x00000002   PAD
    0x0801b014   0x0801b014   0x0000004c   Code   RO          382    .text.tmr_channel_value_set  lto-llvm-a2ddd2.o
    0x0801b060   0x0801b060   0x00000022   Code   RO          376    .text.tmr_clock_source_div_set  lto-llvm-a2ddd2.o
    0x0801b082   0x0801b082   0x00000002   PAD
    0x0801b084   0x0801b084   0x00000022   Code   RO          378    .text.tmr_cnt_dir_set  lto-llvm-a2ddd2.o
    0x0801b0a6   0x0801b0a6   0x00000002   PAD
    0x0801b0a8   0x0801b0a8   0x0000001c   Code   RO          372    .text.tmr_counter_enable  lto-llvm-a2ddd2.o
    0x0801b0c4   0x0801b0c4   0x00000012   Code   RO          404    .text.tmr_flag_clear  lto-llvm-a2ddd2.o
    0x0801b0d6   0x0801b0d6   0x00000002   PAD
    0x0801b0d8   0x0801b0d8   0x00000036   Code   RO          402    .text.tmr_flag_get  lto-llvm-a2ddd2.o
    0x0801b10e   0x0801b10e   0x00000002   PAD
    0x0801b110   0x0801b110   0x0000022c   Code   RO          392    .text.tmr_input_channel_init  lto-llvm-a2ddd2.o
    0x0801b33c   0x0801b33c   0x0000003e   Code   RO          398    .text.tmr_interrupt_enable  lto-llvm-a2ddd2.o
    0x0801b37a   0x0801b37a   0x00000002   PAD
    0x0801b37c   0x0801b37c   0x00000046   Code   RO          400    .text.tmr_interrupt_flag_get  lto-llvm-a2ddd2.o
    0x0801b3c2   0x0801b3c2   0x00000002   PAD
    0x0801b3c4   0x0801b3c4   0x00000028   Code   RO          390    .text.tmr_one_cycle_mode_enable  lto-llvm-a2ddd2.o
    0x0801b3ec   0x0801b3ec   0x00000090   Code   RO          386    .text.tmr_output_channel_buffer_enable  lto-llvm-a2ddd2.o
    0x0801b47c   0x0801b47c   0x000001f0   Code   RO          380    .text.tmr_output_channel_config  lto-llvm-a2ddd2.o
    0x0801b66c   0x0801b66c   0x0000008e   Code   RO          388    .text.tmr_output_channel_immediately_set  lto-llvm-a2ddd2.o
    0x0801b6fa   0x0801b6fa   0x00000002   PAD
    0x0801b6fc   0x0801b6fc   0x00000024   Code   RO          384    .text.tmr_period_buffer_enable  lto-llvm-a2ddd2.o
    0x0801b720   0x0801b720   0x00000024   Code   RO          394    .text.tmr_primary_mode_select  lto-llvm-a2ddd2.o
    0x0801b744   0x0801b744   0x00000024   Code   RO          396    .text.tmr_sub_sync_mode_set  lto-llvm-a2ddd2.o
    0x0801b768   0x0801b768   0x00000088   Code   RO          490    .text.tmt_create    lto-llvm-a2ddd2.o
    0x0801b7f0   0x0801b7f0   0x0000012a   Code   RO          492    .text.tmt_delete    lto-llvm-a2ddd2.o
    0x0801b91a   0x0801b91a   0x00000002   PAD
    0x0801b91c   0x0801b91c   0x00000076   Code   RO          484    .text.tmt_init      lto-llvm-a2ddd2.o
    0x0801b992   0x0801b992   0x00000002   PAD
    0x0801b994   0x0801b994   0x000000b2   Code   RO          486    .text.tmt_run       lto-llvm-a2ddd2.o
    0x0801ba46   0x0801ba46   0x00000002   PAD
    0x0801ba48   0x0801ba48   0x00000086   Code   RO          496    .text.tmt_run_ctrl  lto-llvm-a2ddd2.o
    0x0801bace   0x0801bace   0x00000002   PAD
    0x0801bad0   0x0801bad0   0x00000098   Code   RO          494    .text.tmt_time_ctrl  lto-llvm-a2ddd2.o
    0x0801bb68   0x0801bb68   0x0000006a   Code   RO          488    .text.tmt_update_tick  lto-llvm-a2ddd2.o
    0x0801bbd2   0x0801bbd2   0x00000002   PAD
    0x0801bbd4   0x0801bbd4   0x0000000e   Code   RO          568    .text.uart4_comm_handle  lto-llvm-a2ddd2.o
    0x0801bbe2   0x0801bbe2   0x00000002   PAD
    0x0801bbe4   0x0801bbe4   0x00000008   Code   RO          170    .text.uart4_comm_task  lto-llvm-a2ddd2.o
    0x0801bbec   0x0801bbec   0x000008a4   Code   RO          572    .text.uart4_event_handle  lto-llvm-a2ddd2.o
    0x0801c490   0x0801c490   0x0000000e   Code   RO          574    .text.uart5_comm_handle  lto-llvm-a2ddd2.o
    0x0801c49e   0x0801c49e   0x00000002   PAD
    0x0801c4a0   0x0801c4a0   0x00000008   Code   RO          172    .text.uart5_comm_task  lto-llvm-a2ddd2.o
    0x0801c4a8   0x0801c4a8   0x000008a4   Code   RO          578    .text.uart5_event_handle  lto-llvm-a2ddd2.o
    0x0801cd4c   0x0801cd4c   0x0000000e   Code   RO          364    .text.usart_data_receive  lto-llvm-a2ddd2.o
    0x0801cd5a   0x0801cd5a   0x00000002   PAD
    0x0801cd5c   0x0801cd5c   0x00000018   Code   RO          362    .text.usart_data_transmit  lto-llvm-a2ddd2.o
    0x0801cd74   0x0801cd74   0x00000024   Code   RO          354    .text.usart_enable  lto-llvm-a2ddd2.o
    0x0801cd98   0x0801cd98   0x00000028   Code   RO          370    .text.usart_flag_clear  lto-llvm-a2ddd2.o
    0x0801cdc0   0x0801cdc0   0x0000002a   Code   RO          368    .text.usart_flag_get  lto-llvm-a2ddd2.o
    0x0801cdea   0x0801cdea   0x00000002   PAD
    0x0801cdec   0x0801cdec   0x00000092   Code   RO          366    .text.usart_hardware_flow_control_set  lto-llvm-a2ddd2.o
    0x0801ce7e   0x0801ce7e   0x00000002   PAD
    0x0801ce80   0x0801ce80   0x000000d4   Code   RO          350    .text.usart_init    lto-llvm-a2ddd2.o
    0x0801cf54   0x0801cf54   0x0000004c   Code   RO          360    .text.usart_interrupt_enable  lto-llvm-a2ddd2.o
    0x0801cfa0   0x0801cfa0   0x00000070   Code   RO          352    .text.usart_parity_selection_config  lto-llvm-a2ddd2.o
    0x0801d010   0x0801d010   0x000000e4   Code   RO          596    .text.usart_receiveData  lto-llvm-a2ddd2.o
    0x0801d0f4   0x0801d0f4   0x00000024   Code   RO          358    .text.usart_receiver_enable  lto-llvm-a2ddd2.o
    0x0801d118   0x0801d118   0x0000010e   Code   RO          594    .text.usart_sendData  lto-llvm-a2ddd2.o
    0x0801d226   0x0801d226   0x00000002   PAD
    0x0801d228   0x0801d228   0x00000024   Code   RO          356    .text.usart_transmitter_enable  lto-llvm-a2ddd2.o
    0x0801d24c   0x0801d24c   0x00000010   Code   RO          458    .text.wdt_counter_reload  lto-llvm-a2ddd2.o
    0x0801d25c   0x0801d25c   0x00000020   Code   RO          462    .text.wdt_divider_set  lto-llvm-a2ddd2.o
    0x0801d27c   0x0801d27c   0x00000032   Code   RO          464    .text.wdt_register_write_enable  lto-llvm-a2ddd2.o
    0x0801d2ae   0x0801d2ae   0x00000002   PAD
    0x0801d2b0   0x0801d2b0   0x0000001c   Code   RO          460    .text.wdt_reload_value_set  lto-llvm-a2ddd2.o
    0x0801d2cc   0x0801d2cc   0x0000008a   Code   RO          256    .text.wk_adc1_init  lto-llvm-a2ddd2.o
    0x0801d356   0x0801d356   0x00000002   PAD
    0x0801d358   0x0801d358   0x0000001c   Code   RO          268    .text.wk_crc_init   lto-llvm-a2ddd2.o
    0x0801d374   0x0801d374   0x00000010   Code   RO          232    .text.wk_debug_config  lto-llvm-a2ddd2.o
    0x0801d384   0x0801d384   0x00000038   Code   RO          226    .text.wk_delay_ms   lto-llvm-a2ddd2.o
    0x0801d3bc   0x0801d3bc   0x0000003e   Code   RO          260    .text.wk_dma1_channel1_init  lto-llvm-a2ddd2.o
    0x0801d3fa   0x0801d3fa   0x00000002   PAD
    0x0801d3fc   0x0801d3fc   0x0000002c   Code   RO          262    .text.wk_dma_channel_config  lto-llvm-a2ddd2.o
    0x0801d428   0x0801d428   0x00000054   Code   RO          264    .text.wk_exint_config  lto-llvm-a2ddd2.o
    0x0801d47c   0x0801d47c   0x00000114   Code   RO          248    .text.wk_gpio_config  lto-llvm-a2ddd2.o
    0x0801d590   0x0801d590   0x000000c4   Code   RO          182    .text.wk_nvic_config  lto-llvm-a2ddd2.o
    0x0801d654   0x0801d654   0x000000b2   Code   RO          180    .text.wk_periph_clock_config  lto-llvm-a2ddd2.o
    0x0801d706   0x0801d706   0x00000002   PAD
    0x0801d708   0x0801d708   0x000000b0   Code   RO          258    .text.wk_spi1_init  lto-llvm-a2ddd2.o
    0x0801d7b8   0x0801d7b8   0x0000009e   Code   RO          178    .text.wk_system_clock_config  lto-llvm-a2ddd2.o
    0x0801d856   0x0801d856   0x00000002   PAD
    0x0801d858   0x0801d858   0x0000000c   Code   RO          224    .text.wk_timebase_get  lto-llvm-a2ddd2.o
    0x0801d864   0x0801d864   0x00000008   Code   RO          230    .text.wk_timebase_handler  lto-llvm-a2ddd2.o
    0x0801d86c   0x0801d86c   0x00000010   Code   RO          222    .text.wk_timebase_increase  lto-llvm-a2ddd2.o
    0x0801d87c   0x0801d87c   0x00000056   Code   RO          228    .text.wk_timebase_init  lto-llvm-a2ddd2.o
    0x0801d8d2   0x0801d8d2   0x00000002   PAD
    0x0801d8d4   0x0801d8d4   0x000000d6   Code   RO          250    .text.wk_tmr2_init  lto-llvm-a2ddd2.o
    0x0801d9aa   0x0801d9aa   0x00000002   PAD
    0x0801d9ac   0x0801d9ac   0x000000a0   Code   RO          252    .text.wk_tmr3_init  lto-llvm-a2ddd2.o
    0x0801da4c   0x0801da4c   0x000000bc   Code   RO          254    .text.wk_tmr9_init  lto-llvm-a2ddd2.o
    0x0801db08   0x0801db08   0x000000ae   Code   RO          240    .text.wk_uart4_init  lto-llvm-a2ddd2.o
    0x0801dbb6   0x0801dbb6   0x00000002   PAD
    0x0801dbb8   0x0801dbb8   0x000000a0   Code   RO          242    .text.wk_uart5_init  lto-llvm-a2ddd2.o
    0x0801dc58   0x0801dc58   0x000000a6   Code   RO          234    .text.wk_usart1_init  lto-llvm-a2ddd2.o
    0x0801dcfe   0x0801dcfe   0x00000002   PAD
    0x0801dd00   0x0801dd00   0x000000a2   Code   RO          236    .text.wk_usart2_init  lto-llvm-a2ddd2.o
    0x0801dda2   0x0801dda2   0x00000002   PAD
    0x0801dda4   0x0801dda4   0x000000a6   Code   RO          238    .text.wk_usart3_init  lto-llvm-a2ddd2.o
    0x0801de4a   0x0801de4a   0x00000002   PAD
    0x0801de4c   0x0801de4c   0x00000014   Code   RO          266    .text.wk_wdt_init   lto-llvm-a2ddd2.o
    0x0801de60   0x0801de60   0x00000008   Code   RO          162    .text.work_task     lto-llvm-a2ddd2.o
    0x0801de68   0x0801de68   0x0000000e   Code   RO          727    i.__scatterload_copy  mc_w.l(handlers.o)
    0x0801de76   0x0801de76   0x00000002   Code   RO          728    i.__scatterload_null  mc_w.l(handlers.o)
    0x0801de78   0x0801de78   0x0000000e   Code   RO          729    i.__scatterload_zeroinit  mc_w.l(handlers.o)
    0x0801de86   0x0801de86   0x00000052   Data   RO          680    .rodata             lto-llvm-a2ddd2.o
    0x0801ded8   0x0801ded8   0x00000018   Data   RO          682    .rodata.EventRecorderInfo  lto-llvm-a2ddd2.o
    0x0801def0   0x0801def0   0x00000010   Data   RO          678    .rodata.cst16       lto-llvm-a2ddd2.o
    0x0801df00   0x0801df00   0x00000010   Data   RO          677    .rodata.cst8        lto-llvm-a2ddd2.o
    0x0801df10   0x0801df10   0x00000005   Data   RO          679    .rodata.str1.1      lto-llvm-a2ddd2.o
    0x0801df15   0x0801df15   0x00000003   PAD
    0x0801df18   0x0801df18   0x00000020   Data   RO          726    Region$$Table       anon$$obj.o


    Execution Region RW_IRAM1 (Exec base: 0x20000000, Load base: 0x0801df40, Size: 0x00003868, Max: 0x00008000, ABSOLUTE)

    Exec Addr    Load Addr    Size         Type   Attr      Idx    E Section Name        Object

    0x20000000   0x0801df40   0x000000a8   Data   RW          676    .data               lto-llvm-a2ddd2.o
    0x200000a8   0x0801dfe8   0x00000018   PAD
    0x200000c0        -       0x00002edc   Zero   RW          674    .bss                lto-llvm-a2ddd2.o
    0x20002f9c   0x0801dfe8   0x00000024   PAD
    0x20002fc0        -       0x000004a4   Zero   RW          681    .bss.noinit         lto-llvm-a2ddd2.o
    0x20003464   0x0801dfe8   0x00000004   PAD
    0x20003468        -       0x00000400   Zero   RW           31    STACK               startup_at32f415.o


==============================================================================

Image component sizes


      Code (inc. data)   RO Data    RW Data    ZI Data      Debug   Object Name

    103324        424        143        168      13184     238350   lto-llvm-a2ddd2.o
        36          8        368          0       1024        800   startup_at32f415.o

    ----------------------------------------------------------------------
    103596        432        546        168      14272     239150   Object Totals
         0          0         32          0          0          0   (incl. Generated)
       236          0          3          0         64          0   (incl. Padding)

    ----------------------------------------------------------------------

      Code (inc. data)   RO Data    RW Data    ZI Data      Debug   Library Member Name

         0          0          0          0          0          0   entry.o
         0          0          0          0          0          0   entry10a.o
         0          0          0          0          0          0   entry11a.o
         8          4          0          0          0          0   entry2.o
         4          0          0          0          0          0   entry5.o
         0          0          0          0          0          0   entry7b.o
         0          0          0          0          0          0   entry8b.o
         8          4          0          0          0          0   entry9a.o
        30          0          0          0          0          0   handlers.o
        36          8          0          0          0         68   init.o
         0          0          0          0          0          0   iusefp.o
        30          0          0          0          0         68   llshl.o
        36          0          0          0          0         68   llsshr.o
        32          0          0          0          0         68   llushr.o
        36          0          0          0          0        108   memseta.o
        98          0          0          0          0         92   uldiv.o
       334          0          0          0          0        148   dadd.o
       222          0          0          0          0        100   ddiv.o
       186          0          0          0          0        176   depilogue.o
        62          0          0          0          0         80   dfixi.o
        50          0          0          0          0         76   dfixui.o
        34          0          0          0          0         76   dflti.o
        26          0          0          0          0         76   dfltui.o
       228          0          0          0          0         96   dmul.o
       176          0          0          0          0        140   fadd.o
        28          0          0          0          0         68   fcmpge.o
        28          0          0          0          0         68   fcmpgt.o
        28          0          0          0          0         68   fcmple.o
        28          0          0          0          0         68   fcmplt.o
       124          0          0          0          0         88   fdiv.o
       110          0          0          0          0        168   fepilogue.o
        40          0          0          0          0         68   ffixui.o
        18          0          0          0          0         68   fflti.o
        10          0          0          0          0         68   ffltui.o
       100          0          0          0          0         76   fmul.o

    ----------------------------------------------------------------------
      2154         16          0          0          0       2248   Library Totals
         4          0          0          0          0          0   (incl. Padding)

    ----------------------------------------------------------------------

      Code (inc. data)   RO Data    RW Data    ZI Data      Debug   Library Name

       318         16          0          0          0        472   mc_w.l
      1832          0          0          0          0       1776   mf_w.l

    ----------------------------------------------------------------------
      2154         16          0          0          0       2248   Library Totals

    ----------------------------------------------------------------------

==============================================================================


      Code (inc. data)   RO Data    RW Data    ZI Data      Debug   

    105750        448        546        168      14272     240354   Grand Totals
    105750        448        546        168      14272     240354   ELF Image Totals
    105750        448        546        168          0          0   ROM Totals

==============================================================================

    Total RO  Size (Code + RO Data)               106296 ( 103.80kB)
    Total RW  Size (RW Data + ZI Data)             14440 (  14.10kB)
    Total ROM Size (Code + RO Data + RW Data)     106464 ( 103.97kB)

==============================================================================

