<html>
<body>
<pre>
<h1>µVision Build Log</h1>
<h2>Tool Versions:</h2>
IDE-Version: ¦ÌVision V5.38.0.0
Copyright (C) 2022 ARM Ltd and ARM Germany GmbH. All rights reserved.
License Information: H Administrator, wz, LIC=EXJT4-FSWG5-MMD9I-TXPID-X4RU1-TLSPW
 
Tool Versions:
Toolchain:       MDK-ARM Plus  Version: 5.37.0.0
Toolchain Path:  D:\Work Program\Keil_v5\ARM\ARM_Compiler_5.06u7\Bin
C Compiler:      Armcc.exe V5.06 update 7 (build 960)
Assembler:       Armasm.exe V5.06 update 7 (build 960)
Linker/Locator:  ArmLink.exe V5.06 update 7 (build 960)
Library Manager: ArmAr.exe V5.06 update 7 (build 960)
Hex Converter:   FromElf.exe V5.06 update 7 (build 960)
CPU DLL:         SARMCM3.DLL V5.37.0.0
Dialog DLL:      DCM.DLL V1.17.5.0
Target DLL:      Segger\JL2CM3.dll V2.99.42.0
Dialog DLL:      TCM.DLL V1.56.1.0
 
<h2>Project:</h2>
D:\Work Area\Code For WorkBench\BF05_Direct\bootloader\mdk_v5\bootloader.uvprojx
Project File Date:  06/30/2025

<h2>Output:</h2>
*** Using Compiler 'V5.06 update 7 (build 960)', folder: 'D:\Work Program\Keil_v5\ARM\ARM_Compiler_5.06u7\Bin'
Rebuild target 'bootloader'
compiling usart.c...
compiling at32f415_clock.c...
compiling flash.c...
compiling at32f415_board.c...
compiling at32f415_int.c...
compiling at32f415_flash.c...
compiling system_at32f415.c...
compiling at32f415_gpio.c...
compiling tmr.c...
assembling startup_at32f415.s...
compiling at32f415_usart.c...
compiling main.c...
compiling at32f415_misc.c...
compiling iap.c...
compiling at32f415_crm.c...
compiling at32f415_tmr.c...
linking...
Program Size: Code=5774 RO-data=458 RW-data=68 ZI-data=5132  
FromELF: creating hex file...
After Build - User command #1: fromelf.exe --bin --output .\Listings\bootloader.bin .\objects\bootloader.axf
".\objects\bootloader.axf" - 0 Error(s), 0 Warning(s).

<h2>Software Packages used:</h2>

Package Vendor: ArteryTek
                
                ArteryTek.AT32F415_DFP.2.1.6
                ArteryTek AT32F415 Series Device Support,Drivers

<h2>Collection of Component include folders:</h2>
  C:/Users/Administrator/AppData/Local/Arm/Packs/ArteryTek/AT32F415_DFP/2.1.6/Device/Include

<h2>Collection of Component Files used:</h2>
Build Time Elapsed:  00:00:01
</pre>
</body>
</html>
