Component: Arm Compiler for Embedded 6.18 Tool: armlink [5e4cc100]

==============================================================================

Section Cross References

    startup_at32f415.o(RESET) refers to startup_at32f415.o(STACK) for __initial_sp
    startup_at32f415.o(RESET) refers to startup_at32f415.o(.text) for Reset_Handler
    startup_at32f415.o(RESET) refers to lto-llvm-736de3.o(.text.NMI_Handler) for NMI_Handler
    startup_at32f415.o(RESET) refers to lto-llvm-736de3.o(.text.HardFault_Handler) for HardFault_Handler
    startup_at32f415.o(RESET) refers to lto-llvm-736de3.o(.text.MemManage_Handler) for MemManage_Handler
    startup_at32f415.o(RESET) refers to lto-llvm-736de3.o(.text.BusFault_Handler) for BusFault_Handler
    startup_at32f415.o(RESET) refers to lto-llvm-736de3.o(.text.UsageFault_Handler) for UsageFault_Handler
    startup_at32f415.o(RESET) refers to lto-llvm-736de3.o(.text.SVC_Handler) for SVC_Handler
    startup_at32f415.o(RESET) refers to lto-llvm-736de3.o(.text.DebugMon_Handler) for DebugMon_Handler
    startup_at32f415.o(RESET) refers to lto-llvm-736de3.o(.text.PendSV_Handler) for PendSV_Handler
    startup_at32f415.o(RESET) refers to lto-llvm-736de3.o(.text.SysTick_Handler) for SysTick_Handler
    startup_at32f415.o(RESET) refers to lto-llvm-736de3.o(.text.TMR3_GLOBAL_IRQHandler) for TMR3_GLOBAL_IRQHandler
    startup_at32f415.o(RESET) refers to lto-llvm-736de3.o(.text.USART1_IRQHandler) for USART1_IRQHandler
    startup_at32f415.o(RESET) refers to lto-llvm-736de3.o(.text.USART3_IRQHandler) for USART3_IRQHandler
    startup_at32f415.o(RESET) refers to lto-llvm-736de3.o(.text.EXINT15_10_IRQHandler) for EXINT15_10_IRQHandler
    startup_at32f415.o(.text) refers to lto-llvm-736de3.o(.text.SystemInit) for SystemInit
    startup_at32f415.o(.text) refers to entry.o(.ARM.Collect$$$$00000000) for __main
    entry.o(.ARM.Collect$$$$00000000) refers (Special) to entry10a.o(.ARM.Collect$$$$0000000D) for __rt_final_cpp
    entry.o(.ARM.Collect$$$$00000000) refers (Special) to entry11a.o(.ARM.Collect$$$$0000000F) for __rt_final_exit
    entry.o(.ARM.Collect$$$$00000000) refers (Special) to entry7b.o(.ARM.Collect$$$$00000008) for _main_clock
    entry.o(.ARM.Collect$$$$00000000) refers (Special) to entry8b.o(.ARM.Collect$$$$0000000A) for _main_cpp_init
    entry.o(.ARM.Collect$$$$00000000) refers (Special) to entry9a.o(.ARM.Collect$$$$0000000B) for _main_init
    entry.o(.ARM.Collect$$$$00000000) refers (Special) to entry5.o(.ARM.Collect$$$$00000004) for _main_scatterload
    entry.o(.ARM.Collect$$$$00000000) refers (Special) to entry2.o(.ARM.Collect$$$$00000001) for _main_stk
    fputs.o(i.fputs) refers to lto-llvm-736de3.o(.text.fputc) for fputc
    fputs_e.o(.text) refers to lto-llvm-736de3.o(.text.fputc) for fputc
    printfa.o(i.__0fprintf) refers (Special) to iusefp.o(.text) for __I$use$fp
    printfa.o(i.__0fprintf) refers to printfa.o(i._printf_core) for _printf_core
    printfa.o(i.__0fprintf) refers to lto-llvm-736de3.o(.text.fputc) for fputc
    printfa.o(i.__0printf) refers (Special) to iusefp.o(.text) for __I$use$fp
    printfa.o(i.__0printf) refers to printfa.o(i._printf_core) for _printf_core
    printfa.o(i.__0printf) refers to lto-llvm-736de3.o(.text.fputc) for fputc
    printfa.o(i.__0printf) refers to stdout.o(.data) for __stdout
    printfa.o(i.__0snprintf) refers (Special) to iusefp.o(.text) for __I$use$fp
    printfa.o(i.__0snprintf) refers to printfa.o(i._printf_core) for _printf_core
    printfa.o(i.__0snprintf) refers to printfa.o(i._snputc) for _snputc
    printfa.o(i.__0sprintf) refers (Special) to iusefp.o(.text) for __I$use$fp
    printfa.o(i.__0sprintf) refers to printfa.o(i._printf_core) for _printf_core
    printfa.o(i.__0sprintf) refers to printfa.o(i._sputc) for _sputc
    printfa.o(i.__0vfprintf) refers (Special) to iusefp.o(.text) for __I$use$fp
    printfa.o(i.__0vfprintf) refers to printfa.o(i._printf_core) for _printf_core
    printfa.o(i.__0vfprintf) refers to lto-llvm-736de3.o(.text.fputc) for fputc
    printfa.o(i.__0vprintf) refers (Special) to iusefp.o(.text) for __I$use$fp
    printfa.o(i.__0vprintf) refers to printfa.o(i._printf_core) for _printf_core
    printfa.o(i.__0vprintf) refers to lto-llvm-736de3.o(.text.fputc) for fputc
    printfa.o(i.__0vprintf) refers to stdout.o(.data) for __stdout
    printfa.o(i.__0vsnprintf) refers (Special) to iusefp.o(.text) for __I$use$fp
    printfa.o(i.__0vsnprintf) refers to printfa.o(i._printf_core) for _printf_core
    printfa.o(i.__0vsnprintf) refers to printfa.o(i._snputc) for _snputc
    printfa.o(i.__0vsprintf) refers (Special) to iusefp.o(.text) for __I$use$fp
    printfa.o(i.__0vsprintf) refers to printfa.o(i._printf_core) for _printf_core
    printfa.o(i.__0vsprintf) refers to printfa.o(i._sputc) for _sputc
    printfa.o(i._fp_digits) refers (Special) to iusefp.o(.text) for __I$use$fp
    printfa.o(i._fp_digits) refers to dmul.o(.text) for __aeabi_dmul
[...]
    tmr_counter_enable                       0x080173f9   Thumb Code    26  lto-llvm-736de3.o(.text.tmr_counter_enable)
    [Anonymous Symbol]                       0x080173f8   Section        0  lto-llvm-736de3.o(.text.tmr_counter_enable)
    tmr_flag_clear                           0x08017415   Thumb Code    28  lto-llvm-736de3.o(.text.tmr_flag_clear)
    [Anonymous Symbol]                       0x08017414   Section        0  lto-llvm-736de3.o(.text.tmr_flag_clear)
    tmr_input_channel_init                   0x08017431   Thumb Code   556  lto-llvm-736de3.o(.text.tmr_input_channel_init)
    [Anonymous Symbol]                       0x08017430   Section        0  lto-llvm-736de3.o(.text.tmr_input_channel_init)
    tmr_interrupt_enable                     0x0801765d   Thumb Code    72  lto-llvm-736de3.o(.text.tmr_interrupt_enable)
    [Anonymous Symbol]                       0x0801765c   Section        0  lto-llvm-736de3.o(.text.tmr_interrupt_enable)
    tmr_interrupt_flag_get                   0x080176a5   Thumb Code    70  lto-llvm-736de3.o(.text.tmr_interrupt_flag_get)
    [Anonymous Symbol]                       0x080176a4   Section        0  lto-llvm-736de3.o(.text.tmr_interrupt_flag_get)
    tmr_one_cycle_mode_enable                0x080176ed   Thumb Code    40  lto-llvm-736de3.o(.text.tmr_one_cycle_mode_enable)
    [Anonymous Symbol]                       0x080176ec   Section        0  lto-llvm-736de3.o(.text.tmr_one_cycle_mode_enable)
    tmr_output_channel_buffer_enable         0x08017715   Thumb Code   144  lto-llvm-736de3.o(.text.tmr_output_channel_buffer_enable)
    [Anonymous Symbol]                       0x08017714   Section        0  lto-llvm-736de3.o(.text.tmr_output_channel_buffer_enable)
    tmr_output_channel_config                0x080177a5   Thumb Code   496  lto-llvm-736de3.o(.text.tmr_output_channel_config)
    [Anonymous Symbol]                       0x080177a4   Section        0  lto-llvm-736de3.o(.text.tmr_output_channel_config)
    tmr_output_channel_immediately_set       0x08017995   Thumb Code   142  lto-llvm-736de3.o(.text.tmr_output_channel_immediately_set)
    [Anonymous Symbol]                       0x08017994   Section        0  lto-llvm-736de3.o(.text.tmr_output_channel_immediately_set)
    tmr_period_buffer_enable                 0x08017a25   Thumb Code    36  lto-llvm-736de3.o(.text.tmr_period_buffer_enable)
    [Anonymous Symbol]                       0x08017a24   Section        0  lto-llvm-736de3.o(.text.tmr_period_buffer_enable)
    tmr_primary_mode_select                  0x08017a49   Thumb Code    36  lto-llvm-736de3.o(.text.tmr_primary_mode_select)
    [Anonymous Symbol]                       0x08017a48   Section        0  lto-llvm-736de3.o(.text.tmr_primary_mode_select)
    tmr_sub_sync_mode_set                    0x08017a6d   Thumb Code    36  lto-llvm-736de3.o(.text.tmr_sub_sync_mode_set)
    [Anonymous Symbol]                       0x08017a6c   Section        0  lto-llvm-736de3.o(.text.tmr_sub_sync_mode_set)
    tmt_create                               0x08017a91   Thumb Code   136  lto-llvm-736de3.o(.text.tmt_create)
    [Anonymous Symbol]                       0x08017a90   Section        0  lto-llvm-736de3.o(.text.tmt_create)
    tmt_delete                               0x08017b19   Thumb Code   298  lto-llvm-736de3.o(.text.tmt_delete)
    [Anonymous Symbol]                       0x08017b18   Section        0  lto-llvm-736de3.o(.text.tmt_delete)
    tmt_init                                 0x08017c45   Thumb Code   118  lto-llvm-736de3.o(.text.tmt_init)
    [Anonymous Symbol]                       0x08017c44   Section        0  lto-llvm-736de3.o(.text.tmt_init)
    tmt_run                                  0x08017cbd   Thumb Code   178  lto-llvm-736de3.o(.text.tmt_run)
    [Anonymous Symbol]                       0x08017cbc   Section        0  lto-llvm-736de3.o(.text.tmt_run)
    tmt_run_ctrl                             0x08017d71   Thumb Code   134  lto-llvm-736de3.o(.text.tmt_run_ctrl)
    [Anonymous Symbol]                       0x08017d70   Section        0  lto-llvm-736de3.o(.text.tmt_run_ctrl)
    tmt_time_ctrl                            0x08017df9   Thumb Code   152  lto-llvm-736de3.o(.text.tmt_time_ctrl)
    [Anonymous Symbol]                       0x08017df8   Section        0  lto-llvm-736de3.o(.text.tmt_time_ctrl)
    tmt_update_tick                          0x08017e91   Thumb Code   106  lto-llvm-736de3.o(.text.tmt_update_tick)
    [Anonymous Symbol]                       0x08017e90   Section        0  lto-llvm-736de3.o(.text.tmt_update_tick)
    usart_data_receive                       0x08017efd   Thumb Code    14  lto-llvm-736de3.o(.text.usart_data_receive)
    [Anonymous Symbol]                       0x08017efc   Section        0  lto-llvm-736de3.o(.text.usart_data_receive)
    usart_data_transmit                      0x08017f0d   Thumb Code    24  lto-llvm-736de3.o(.text.usart_data_transmit)
    [Anonymous Symbol]                       0x08017f0c   Section        0  lto-llvm-736de3.o(.text.usart_data_transmit)
    usart_enable                             0x08017f25   Thumb Code    36  lto-llvm-736de3.o(.text.usart_enable)
    [Anonymous Symbol]                       0x08017f24   Section        0  lto-llvm-736de3.o(.text.usart_enable)
    usart_flag_clear                         0x08017f49   Thumb Code    50  lto-llvm-736de3.o(.text.usart_flag_clear)
    [Anonymous Symbol]                       0x08017f48   Section        0  lto-llvm-736de3.o(.text.usart_flag_clear)
    usart_flag_get                           0x08017f7d   Thumb Code    50  lto-llvm-736de3.o(.text.usart_flag_get)
    [Anonymous Symbol]                       0x08017f7c   Section        0  lto-llvm-736de3.o(.text.usart_flag_get)
    usart_hardware_flow_control_set          0x08017fb1   Thumb Code   146  lto-llvm-736de3.o(.text.usart_hardware_flow_control_set)
    [Anonymous Symbol]                       0x08017fb0   Section        0  lto-llvm-736de3.o(.text.usart_hardware_flow_control_set)
    usart_init                               0x08018045   Thumb Code   212  lto-llvm-736de3.o(.text.usart_init)
    [Anonymous Symbol]                       0x08018044   Section        0  lto-llvm-736de3.o(.text.usart_init)
    usart_interrupt_enable                   0x08018119   Thumb Code    76  lto-llvm-736de3.o(.text.usart_interrupt_enable)
    [Anonymous Symbol]                       0x08018118   Section        0  lto-llvm-736de3.o(.text.usart_interrupt_enable)
    usart_interrupt_flag_get                 0x08018165   Thumb Code   296  lto-llvm-736de3.o(.text.usart_interrupt_flag_get)
    [Anonymous Symbol]                       0x08018164   Section        0  lto-llvm-736de3.o(.text.usart_interrupt_flag_get)
    usart_parity_selection_config            0x0801828d   Thumb Code   112  lto-llvm-736de3.o(.text.usart_parity_selection_config)
    [Anonymous Symbol]                       0x0801828c   Section        0  lto-llvm-736de3.o(.text.usart_parity_selection_config)
    usart_receiveData                        0x080182fd   Thumb Code   220  lto-llvm-736de3.o(.text.usart_receiveData)
    [Anonymous Symbol]                       0x080182fc   Section        0  lto-llvm-736de3.o(.text.usart_receiveData)
    usart_receiver_enable                    0x080183d9   Thumb Code    36  lto-llvm-736de3.o(.text.usart_receiver_enable)
    [Anonymous Symbol]                       0x080183d8   Section        0  lto-llvm-736de3.o(.text.usart_receiver_enable)
    usart_sendData                           0x080183fd   Thumb Code   212  lto-llvm-736de3.o(.text.usart_sendData)
    [Anonymous Symbol]                       0x080183fc   Section        0  lto-llvm-736de3.o(.text.usart_sendData)
    usart_transmitter_enable                 0x080184d1   Thumb Code    36  lto-llvm-736de3.o(.text.usart_transmitter_enable)
    [Anonymous Symbol]                       0x080184d0   Section        0  lto-llvm-736de3.o(.text.usart_transmitter_enable)
    wk_adc1_init                             0x080184f5   Thumb Code   134  lto-llvm-736de3.o(.text.wk_adc1_init)
    [Anonymous Symbol]                       0x080184f4   Section        0  lto-llvm-736de3.o(.text.wk_adc1_init)
    wk_debug_config                          0x0801857d   Thumb Code    16  lto-llvm-736de3.o(.text.wk_debug_config)
    [Anonymous Symbol]                       0x0801857c   Section        0  lto-llvm-736de3.o(.text.wk_debug_config)
    wk_delay_ms                              0x0801858d   Thumb Code    56  lto-llvm-736de3.o(.text.wk_delay_ms)
    [Anonymous Symbol]                       0x0801858c   Section        0  lto-llvm-736de3.o(.text.wk_delay_ms)
    wk_dma1_channel1_init                    0x080185c5   Thumb Code    62  lto-llvm-736de3.o(.text.wk_dma1_channel1_init)
    [Anonymous Symbol]                       0x080185c4   Section        0  lto-llvm-736de3.o(.text.wk_dma1_channel1_init)
    wk_dma_channel_config                    0x08018605   Thumb Code    44  lto-llvm-736de3.o(.text.wk_dma_channel_config)
    [Anonymous Symbol]                       0x08018604   Section        0  lto-llvm-736de3.o(.text.wk_dma_channel_config)
    wk_exint_config                          0x08018631   Thumb Code    84  lto-llvm-736de3.o(.text.wk_exint_config)
    [Anonymous Symbol]                       0x08018630   Section        0  lto-llvm-736de3.o(.text.wk_exint_config)
    wk_gpio_config                           0x08018685   Thumb Code   278  lto-llvm-736de3.o(.text.wk_gpio_config)
    [Anonymous Symbol]                       0x08018684   Section        0  lto-llvm-736de3.o(.text.wk_gpio_config)
    wk_nvic_config                           0x0801879d   Thumb Code   172  lto-llvm-736de3.o(.text.wk_nvic_config)
    [Anonymous Symbol]                       0x0801879c   Section        0  lto-llvm-736de3.o(.text.wk_nvic_config)
    wk_periph_clock_config                   0x08018849   Thumb Code   168  lto-llvm-736de3.o(.text.wk_periph_clock_config)
    [Anonymous Symbol]                       0x08018848   Section        0  lto-llvm-736de3.o(.text.wk_periph_clock_config)
    wk_spi1_init                             0x080188f1   Thumb Code   176  lto-llvm-736de3.o(.text.wk_spi1_init)
    [Anonymous Symbol]                       0x080188f0   Section        0  lto-llvm-736de3.o(.text.wk_spi1_init)
    wk_system_clock_config                   0x080189a1   Thumb Code   158  lto-llvm-736de3.o(.text.wk_system_clock_config)
    [Anonymous Symbol]                       0x080189a0   Section        0  lto-llvm-736de3.o(.text.wk_system_clock_config)
    wk_timebase_get                          0x08018a41   Thumb Code    12  lto-llvm-736de3.o(.text.wk_timebase_get)
    [Anonymous Symbol]                       0x08018a40   Section        0  lto-llvm-736de3.o(.text.wk_timebase_get)
    wk_timebase_handler                      0x08018a4d   Thumb Code     8  lto-llvm-736de3.o(.text.wk_timebase_handler)
    [Anonymous Symbol]                       0x08018a4c   Section        0  lto-llvm-736de3.o(.text.wk_timebase_handler)
    wk_timebase_increase                     0x08018a55   Thumb Code    16  lto-llvm-736de3.o(.text.wk_timebase_increase)
    [Anonymous Symbol]                       0x08018a54   Section        0  lto-llvm-736de3.o(.text.wk_timebase_increase)
    wk_timebase_init                         0x08018a65   Thumb Code    86  lto-llvm-736de3.o(.text.wk_timebase_init)
    [Anonymous Symbol]                       0x08018a64   Section        0  lto-llvm-736de3.o(.text.wk_timebase_init)
    wk_tmr2_init                             0x08018abd   Thumb Code   204  lto-llvm-736de3.o(.text.wk_tmr2_init)
    [Anonymous Symbol]                       0x08018abc   Section        0  lto-llvm-736de3.o(.text.wk_tmr2_init)
    wk_tmr3_init                             0x08018b89   Thumb Code   154  lto-llvm-736de3.o(.text.wk_tmr3_init)
    [Anonymous Symbol]                       0x08018b88   Section        0  lto-llvm-736de3.o(.text.wk_tmr3_init)
    wk_tmr9_init                             0x08018c25   Thumb Code   188  lto-llvm-736de3.o(.text.wk_tmr9_init)
    [Anonymous Symbol]                       0x08018c24   Section        0  lto-llvm-736de3.o(.text.wk_tmr9_init)
    wk_uart4_init                            0x08018ce1   Thumb Code   162  lto-llvm-736de3.o(.text.wk_uart4_init)
    [Anonymous Symbol]                       0x08018ce0   Section        0  lto-llvm-736de3.o(.text.wk_uart4_init)
    wk_uart5_init                            0x08018d85   Thumb Code   148  lto-llvm-736de3.o(.text.wk_uart5_init)
    [Anonymous Symbol]                       0x08018d84   Section        0  lto-llvm-736de3.o(.text.wk_uart5_init)
    wk_usart1_init                           0x08018e19   Thumb Code   154  lto-llvm-736de3.o(.text.wk_usart1_init)
    [Anonymous Symbol]                       0x08018e18   Section        0  lto-llvm-736de3.o(.text.wk_usart1_init)
    wk_usart2_init                           0x08018eb5   Thumb Code   150  lto-llvm-736de3.o(.text.wk_usart2_init)
    [Anonymous Symbol]                       0x08018eb4   Section        0  lto-llvm-736de3.o(.text.wk_usart2_init)
    wk_usart3_init                           0x08018f4d   Thumb Code   166  lto-llvm-736de3.o(.text.wk_usart3_init)
    [Anonymous Symbol]                       0x08018f4c   Section        0  lto-llvm-736de3.o(.text.wk_usart3_init)
    work_task                                0x08018ff5   Thumb Code     8  lto-llvm-736de3.o(.text.work_task)
    [Anonymous Symbol]                       0x08018ff4   Section        0  lto-llvm-736de3.o(.text.work_task)
    i.__0printf                              0x08018ffc   Section        0  printfa.o(i.__0printf)
    i.__scatterload_copy                     0x0801901c   Section       14  handlers.o(i.__scatterload_copy)
    i.__scatterload_null                     0x0801902a   Section        2  handlers.o(i.__scatterload_null)
    i.__scatterload_zeroinit                 0x0801902c   Section       14  handlers.o(i.__scatterload_zeroinit)
    _fp_digits                               0x0801903d   Thumb Code   366  printfa.o(i._fp_digits)
    i._fp_digits                             0x0801903c   Section        0  printfa.o(i._fp_digits)
    _printf_core                             0x080191c1   Thumb Code  1744  printfa.o(i._printf_core)
    i._printf_core                           0x080191c0   Section        0  printfa.o(i._printf_core)
    _printf_post_padding                     0x0801989d   Thumb Code    36  printfa.o(i._printf_post_padding)
    i._printf_post_padding                   0x0801989c   Section        0  printfa.o(i._printf_post_padding)
    _printf_pre_padding                      0x080198c1   Thumb Code    46  printfa.o(i._printf_pre_padding)
    i._printf_pre_padding                    0x080198c0   Section        0  printfa.o(i._printf_pre_padding)
    __tagsym$$used.0                         0x080198f0   Number         0  lto-llvm-736de3.o(.rodata.EventRecorderInfo)
    system_core_clock_update.sys_ahb_div_table 0x08019908   Data          16  lto-llvm-736de3.o(.rodata.cst16)
    [Anonymous Symbol]                       0x08019908   Section        0  lto-llvm-736de3.o(.rodata.cst16)
    crm_clocks_freq_get.ahb_apb2_div_table   0x08019918   Data           8  lto-llvm-736de3.o(.rodata.cst8)
    [Anonymous Symbol]                       0x08019918   Section        0  lto-llvm-736de3.o(.rodata.cst8)
    crm_clocks_freq_get.adc_div_table        0x08019920   Data           8  lto-llvm-736de3.o(.rodata.cst8)
    .L.str                                   0x08019928   Data          17  lto-llvm-736de3.o(.rodata.str1.1)
    [Anonymous Symbol]                       0x08019928   Section        0  lto-llvm-736de3.o(.rodata.str1.1)
    .L.str.7                                 0x08019939   Data          19  lto-llvm-736de3.o(.rodata.str1.1)
    .L.str.226                               0x08019951   Data           9  lto-llvm-736de3.o(.rodata.str1.1)
    .data                                    0x20000000   Section        4  stdout.o(.data)
    SysTick_Handler.time_out                 0x20000004   Data           2  lto-llvm-736de3.o(.data)
    [Anonymous Symbol]                       0x20000004   Section        0  lto-llvm-736de3.o(.data)
    code_mode_time.code_mode_countdown_time  0x20000006   Data           2  lto-llvm-736de3.o(.data)
    count_down.countdown_time                0x20000008   Data           2  lto-llvm-736de3.o(.data)
    enhance_mode_countdown.direct_handle_enhance_countdown_time 0x2000000a   Data           2  lto-llvm-736de3.o(.data)
    keys                                     0x2000000c   Data          64  lto-llvm-736de3.o(.data)
    EVENT                                    0x2000004c   Data           1  lto-llvm-736de3.o(.data)
    hot_control.relay_open_delay             0x2000004e   Data           2  lto-llvm-736de3.o(.data)
    sbeep                                    0x20000050   Data          20  lto-llvm-736de3.o(.data)
    Page_Direct_Work_Heartbeat_Packet.direct_temp_refirsh_time 0x20000064   Data           1  lto-llvm-736de3.o(.data)
    Page_General_Heartbeat_Packet.last_page  0x20000065   Data           1  lto-llvm-736de3.o(.data)
    software_buff                            0x20000066   Data           9  lto-llvm-736de3.o(.data)
    Page_Direct_Curve_Heartbeat_Packet.delay_time 0x20000070   Data           2  lto-llvm-736de3.o(.data)
    direct_temp_buff                         0x20000072   Data          14  lto-llvm-736de3.o(.data)
    direct_wind_buff                         0x20000080   Data          14  lto-llvm-736de3.o(.data)
    page_switch                              0x2000008e   Data          10  lto-llvm-736de3.o(.data)
    key_event_check.key_event                0x20000098   Data           1  lto-llvm-736de3.o(.data)
    SystemCoreClock                          0x2000009c   Data           4  lto-llvm-736de3.o(.data)
    adc_task.first_in                        0x200000c0   Data           1  lto-llvm-736de3.o(.bss)
    [Anonymous Symbol]                       0x200000c0   Section        0  lto-llvm-736de3.o(.bss)
    dwin_task.time_count                     0x200000c2   Data           2  lto-llvm-736de3.o(.bss)
    dwin_task.first_in                       0x200000c4   Data           1  lto-llvm-736de3.o(.bss)
    tmr3_ch1_readvalue                       0x200000c8   Data           4  lto-llvm-736de3.o(.bss)
    Direct_Handle_PWM_Out.direct_handle_run_flag 0x200000cc   Data           1  lto-llvm-736de3.o(.bss)
    Direct_Handle_PWM_Out.Direct_handle_last_set_temp 0x200000ce   Data           2  lto-llvm-736de3.o(.bss)
    Direct_Handle_PWM_Out.last_code_mode_step 0x200000d0   Data           1  lto-llvm-736de3.o(.bss)
    code_mode_time.first_in                  0x200000d1   Data           1  lto-llvm-736de3.o(.bss)
    timebase_ticks                           0x200000d4   Data           4  lto-llvm-736de3.o(.bss)
    object                                   0x200000d8   Data         124  lto-llvm-736de3.o(.bss)
    tmt                                      0x20000154   Data          24  lto-llvm-736de3.o(.bss)
    direct_pid                               0x2000016c   Data          44  lto-llvm-736de3.o(.bss)
    BeepProc.s_tate                          0x20000198   Data           1  lto-llvm-736de3.o(.bss)
    BeepProc.s_BeepStartTime                 0x200001a0   Data           8  lto-llvm-736de3.o(.bss)
    FlashProc.sflash.0                       0x200001a8   Data           1  lto-llvm-736de3.o(.bss)
    FlashProc.last_direct_set_temp           0x200001aa   Data           2  lto-llvm-736de3.o(.bss)
    FlashProc.last_direct_set_wind           0x200001ac   Data           2  lto-llvm-736de3.o(.bss)
    FlashProc.last_direct_set_cold_mode_wind 0x200001ae   Data           2  lto-llvm-736de3.o(.bss)
    FlashProc.last_set_direct_calibration_temp 0x200001b0   Data           2  lto-llvm-736de3.o(.bss)
    FlashProc.last_set_quick_work_temp       0x200001b2   Data           2  lto-llvm-736de3.o(.bss)
    FlashProc.last_set_quick_work_time       0x200001b4   Data           2  lto-llvm-736de3.o(.bss)
    FlashProc.last_set_countdown_time        0x200001b6   Data           2  lto-llvm-736de3.o(.bss)
    FlashProc.last_fwg2_work_mode            0x200001b8   Data           1  lto-llvm-736de3.o(.bss)
    FlashProc.last_temp_uint                 0x200001b9   Data           1  lto-llvm-736de3.o(.bss)
    FlashProc.last_speak_state               0x200001ba   Data           1  lto-llvm-736de3.o(.bss)
    FlashProc.last_display_lock_state        0x200001bb   Data           1  lto-llvm-736de3.o(.bss)
    FlashProc.last_fn_key_set                0x200001bc   Data           1  lto-llvm-736de3.o(.bss)
    FlashProc.last_adjust_key_set            0x200001bd   Data           1  lto-llvm-736de3.o(.bss)
    FlashProc.last_ota_state                 0x200001be   Data           1  lto-llvm-736de3.o(.bss)
    FlashProc.last_touch_key_set             0x200001bf   Data           1  lto-llvm-736de3.o(.bss)
    FlashProc.last_uart_state                0x200001c0   Data           1  lto-llvm-736de3.o(.bss)
    FlashProc.last_ch1_set_temp              0x200001c2   Data           2  lto-llvm-736de3.o(.bss)
    FlashProc.last_ch1_set_wind              0x200001c4   Data           2  lto-llvm-736de3.o(.bss)
    FlashProc.last_ch1_set_time              0x200001c6   Data           2  lto-llvm-736de3.o(.bss)
    FlashProc.last_ch2_set_temp              0x200001c8   Data           2  lto-llvm-736de3.o(.bss)
    FlashProc.last_ch2_set_wind              0x200001ca   Data           2  lto-llvm-736de3.o(.bss)
    FlashProc.last_ch2_set_time              0x200001cc   Data           2  lto-llvm-736de3.o(.bss)
    FlashProc.last_ch3_set_temp              0x200001ce   Data           2  lto-llvm-736de3.o(.bss)
    FlashProc.last_ch3_set_wind              0x200001d0   Data           2  lto-llvm-736de3.o(.bss)
    FlashProc.last_ch3_set_time              0x200001d2   Data           2  lto-llvm-736de3.o(.bss)
    FlashProc.last_ch4_set_temp              0x200001d4   Data           2  lto-llvm-736de3.o(.bss)
    FlashProc.last_ch4_set_wind              0x200001d6   Data           2  lto-llvm-736de3.o(.bss)
    FlashProc.last_ch4_set_time              0x200001d8   Data           2  lto-llvm-736de3.o(.bss)
    FlashProc.last_code0_pre_temp            0x200001da   Data           2  lto-llvm-736de3.o(.bss)
    FlashProc.last_code0_pre_wind            0x200001dc   Data           2  lto-llvm-736de3.o(.bss)
    FlashProc.last_code0_pre_time            0x200001de   Data           2  lto-llvm-736de3.o(.bss)
    FlashProc.last_code0_temp_1              0x200001e0   Data           2  lto-llvm-736de3.o(.bss)
    FlashProc.last_code0_wind_1              0x200001e2   Data           2  lto-llvm-736de3.o(.bss)
    FlashProc.last_code0_time_1              0x200001e4   Data           2  lto-llvm-736de3.o(.bss)
    FlashProc.last_code0_temp_2              0x200001e6   Data           2  lto-llvm-736de3.o(.bss)
    FlashProc.last_code0_wind_2              0x200001e8   Data           2  lto-llvm-736de3.o(.bss)
    FlashProc.last_code0_time_2              0x200001ea   Data           2  lto-llvm-736de3.o(.bss)
    FlashProc.last_code0_temp_3              0x200001ec   Data           2  lto-llvm-736de3.o(.bss)
    FlashProc.last_code0_wind_3              0x200001ee   Data           2  lto-llvm-736de3.o(.bss)
    FlashProc.last_code0_time_3              0x200001f0   Data           2  lto-llvm-736de3.o(.bss)
    FlashProc.last_code0_temp_4              0x200001f2   Data           2  lto-llvm-736de3.o(.bss)
    FlashProc.last_code0_wind_4              0x200001f4   Data           2  lto-llvm-736de3.o(.bss)
    FlashProc.last_code0_time_4              0x200001f6   Data           2  lto-llvm-736de3.o(.bss)
    FlashProc.last_code1_pre_temp            0x200001f8   Data           2  lto-llvm-736de3.o(.bss)
    FlashProc.last_code1_pre_wind            0x200001fa   Data           2  lto-llvm-736de3.o(.bss)
    FlashProc.last_code1_pre_time            0x200001fc   Data           2  lto-llvm-736de3.o(.bss)
    FlashProc.last_code1_temp_1              0x200001fe   Data           2  lto-llvm-736de3.o(.bss)
    FlashProc.last_code1_wind_1              0x20000200   Data           2  lto-llvm-736de3.o(.bss)
    FlashProc.last_code1_time_1              0x20000202   Data           2  lto-llvm-736de3.o(.bss)
    FlashProc.last_code1_temp_2              0x20000204   Data           2  lto-llvm-736de3.o(.bss)
    FlashProc.last_code1_wind_2              0x20000206   Data           2  lto-llvm-736de3.o(.bss)
    FlashProc.last_code1_time_2              0x20000208   Data           2  lto-llvm-736de3.o(.bss)
    FlashProc.last_code1_temp_3              0x2000020a   Data           2  lto-llvm-736de3.o(.bss)
    FlashProc.last_code1_wind_3              0x2000020c   Data           2  lto-llvm-736de3.o(.bss)
    FlashProc.last_code1_time_3              0x2000020e   Data           2  lto-llvm-736de3.o(.bss)
    FlashProc.last_code1_temp_4              0x20000210   Data           2  lto-llvm-736de3.o(.bss)
    FlashProc.last_code1_wind_4              0x20000212   Data           2  lto-llvm-736de3.o(.bss)
    FlashProc.last_code1_time_4              0x20000214   Data           2  lto-llvm-736de3.o(.bss)
    FlashProc.last_code2_pre_temp            0x20000216   Data           2  lto-llvm-736de3.o(.bss)
    FlashProc.last_code2_pre_wind            0x20000218   Data           2  lto-llvm-736de3.o(.bss)
    FlashProc.last_code2_pre_time            0x2000021a   Data           2  lto-llvm-736de3.o(.bss)
    FlashProc.last_code2_temp_1              0x2000021c   Data           2  lto-llvm-736de3.o(.bss)
    FlashProc.last_code2_wind_1              0x2000021e   Data           2  lto-llvm-736de3.o(.bss)
    FlashProc.last_code2_time_1              0x20000220   Data           2  lto-llvm-736de3.o(.bss)
    FlashProc.last_code2_temp_2              0x20000222   Data           2  lto-llvm-736de3.o(.bss)
    FlashProc.last_code2_wind_2              0x20000224   Data           2  lto-llvm-736de3.o(.bss)
    FlashProc.last_code2_time_2              0x20000226   Data           2  lto-llvm-736de3.o(.bss)
    FlashProc.last_code2_temp_3              0x20000228   Data           2  lto-llvm-736de3.o(.bss)
    FlashProc.last_code2_wind_3              0x2000022a   Data           2  lto-llvm-736de3.o(.bss)
    FlashProc.last_code2_time_3              0x2000022c   Data           2  lto-llvm-736de3.o(.bss)
    FlashProc.last_code2_temp_4              0x2000022e   Data           2  lto-llvm-736de3.o(.bss)
    FlashProc.last_code2_wind_4              0x20000230   Data           2  lto-llvm-736de3.o(.bss)
    FlashProc.last_code2_time_4              0x20000232   Data           2  lto-llvm-736de3.o(.bss)
    FlashProc.last_code3_pre_temp            0x20000234   Data           2  lto-llvm-736de3.o(.bss)
    FlashProc.last_code3_pre_wind            0x20000236   Data           2  lto-llvm-736de3.o(.bss)
    FlashProc.last_code3_pre_time            0x20000238   Data           2  lto-llvm-736de3.o(.bss)
    FlashProc.last_code3_temp_1              0x2000023a   Data           2  lto-llvm-736de3.o(.bss)
    FlashProc.last_code3_wind_1              0x2000023c   Data           2  lto-llvm-736de3.o(.bss)
    FlashProc.last_code3_time_1              0x2000023e   Data           2  lto-llvm-736de3.o(.bss)
    FlashProc.last_code3_temp_2              0x20000240   Data           2  lto-llvm-736de3.o(.bss)
    FlashProc.last_code3_wind_2              0x20000242   Data           2  lto-llvm-736de3.o(.bss)
    FlashProc.last_code3_time_2              0x20000244   Data           2  lto-llvm-736de3.o(.bss)
    FlashProc.last_code3_temp_3              0x20000246   Data           2  lto-llvm-736de3.o(.bss)
    FlashProc.last_code3_wind_3              0x20000248   Data           2  lto-llvm-736de3.o(.bss)
    FlashProc.last_code3_time_3              0x2000024a   Data           2  lto-llvm-736de3.o(.bss)
    FlashProc.last_code3_temp_4              0x2000024c   Data           2  lto-llvm-736de3.o(.bss)
    FlashProc.last_code3_wind_4              0x2000024e   Data           2  lto-llvm-736de3.o(.bss)
    FlashProc.last_code3_time_4              0x20000250   Data           2  lto-llvm-736de3.o(.bss)
    FlashProc.last_code4_pre_temp            0x20000252   Data           2  lto-llvm-736de3.o(.bss)
    FlashProc.last_code4_pre_wind            0x20000254   Data           2  lto-llvm-736de3.o(.bss)
    FlashProc.last_code4_pre_time            0x20000256   Data           2  lto-llvm-736de3.o(.bss)
    FlashProc.last_code4_temp_1              0x20000258   Data           2  lto-llvm-736de3.o(.bss)
    FlashProc.last_code4_wind_1              0x2000025a   Data           2  lto-llvm-736de3.o(.bss)
    FlashProc.last_code4_time_1              0x2000025c   Data           2  lto-llvm-736de3.o(.bss)
    FlashProc.last_code4_temp_2              0x2000025e   Data           2  lto-llvm-736de3.o(.bss)
    FlashProc.last_code4_wind_2              0x20000260   Data           2  lto-llvm-736de3.o(.bss)
    FlashProc.last_code4_time_2              0x20000262   Data           2  lto-llvm-736de3.o(.bss)
    FlashProc.last_code4_temp_3              0x20000264   Data           2  lto-llvm-736de3.o(.bss)
    FlashProc.last_code4_wind_3              0x20000266   Data           2  lto-llvm-736de3.o(.bss)
    FlashProc.last_code4_time_3              0x20000268   Data           2  lto-llvm-736de3.o(.bss)
    FlashProc.last_code4_temp_4              0x2000026a   Data           2  lto-llvm-736de3.o(.bss)
    FlashProc.last_code4_wind_4              0x2000026c   Data           2  lto-llvm-736de3.o(.bss)
    FlashProc.last_code4_time_4              0x2000026e   Data           2  lto-llvm-736de3.o(.bss)
    FlashProc.flash_version                  0x20000270   Data           2  lto-llvm-736de3.o(.bss)
    FlashProc.flash_count                    0x20000272   Data           1  lto-llvm-736de3.o(.bss)
    FlashProc.first_start_flag               0x20000273   Data           1  lto-llvm-736de3.o(.bss)
    FlashProc.a_ver                          0x20000274   Data           2  lto-llvm-736de3.o(.bss)
    FlashProc.b_ver                          0x20000276   Data           2  lto-llvm-736de3.o(.bss)
    KeyProc.direct_set_temp_time             0x20000278   Data           2  lto-llvm-736de3.o(.bss)
    KeyProc.direct_set_temp_flag             0x2000027a   Data           1  lto-llvm-736de3.o(.bss)
    KeyProc.direct_set_wind_time             0x2000027c   Data           2  lto-llvm-736de3.o(.bss)
    KeyProc.direct_set_wind_flag             0x2000027e   Data           1  lto-llvm-736de3.o(.bss)
    KeyProc.set_done                         0x2000027f   Data           1  lto-llvm-736de3.o(.bss)
    key_ch                                   0x20000280   Data           1  lto-llvm-736de3.o(.bss)
    key_up                                   0x20000281   Data           1  lto-llvm-736de3.o(.bss)
    key_down                                 0x20000282   Data           1  lto-llvm-736de3.o(.bss)
    temp_get_filter_average.temp             0x20000284   Data           2  lto-llvm-736de3.o(.bss)
    Page_Direct_Work_Heartbeat_Packet.state  0x20000286   Data           1  lto-llvm-736de3.o(.bss)
    Page_Direct_Work_Heartbeat_Packet.time   0x20000287   Data           1  lto-llvm-736de3.o(.bss)
    Page_Direct_Work_Heartbeat_Packet.first_in 0x20000288   Data           1  lto-llvm-736de3.o(.bss)
    Page_Direct_Work_Heartbeat_Packet.first_in_cold_mode 0x20000289   Data           1  lto-llvm-736de3.o(.bss)
    Page_Direct_Work_Heartbeat_Packet.last_direct_handle_set_temp_f_display 0x2000028a   Data           2  lto-llvm-736de3.o(.bss)
    Page_Direct_Work_Heartbeat_Packet.last_direct_handle_current_temp_f_display 0x2000028c   Data           2  lto-llvm-736de3.o(.bss)
    Page_Direct_Work_Heartbeat_Packet.last_direct_handle_current_temp 0x2000028e   Data           2  lto-llvm-736de3.o(.bss)
    Page_Direct_Work_Heartbeat_Packet.show_direct_set_temp_flag 0x20000290   Data           1  lto-llvm-736de3.o(.bss)
    Page_Direct_Work_Heartbeat_Packet.show_direct_set_wind_flag 0x20000291   Data           1  lto-llvm-736de3.o(.bss)
    sdwin                                    0x20000294   Data        2060  lto-llvm-736de3.o(.bss)
    show_direct_set_wind_time                0x20000aa0   Data           2  lto-llvm-736de3.o(.bss)
    show_direct_set_temp_time                0x20000aa2   Data           2  lto-llvm-736de3.o(.bss)
    direct_handle_pid_out                    0x20000aa4   Data           4  lto-llvm-736de3.o(.bss)
    Page_General_Heartbeat_Packet.state      0x20000aa8   Data           1  lto-llvm-736de3.o(.bss)
    Page_Set_Heartbeat_Packet.state          0x20000aa9   Data           1  lto-llvm-736de3.o(.bss)
    Page_Set_Heartbeat_Packet.first_in       0x20000aaa   Data           1  lto-llvm-736de3.o(.bss)
    Page_Direct_Curve_Heartbeat_Packet.state 0x20000aab   Data           1  lto-llvm-736de3.o(.bss)
    Page_Direct_Curve_Heartbeat_Packet.first_in 0x20000aac   Data           1  lto-llvm-736de3.o(.bss)
    Page_Direct_Curve_Heartbeat_Packet.show_direct_set_wind_flag 0x20000aad   Data           1  lto-llvm-736de3.o(.bss)
    Page_Direct_Curve_Heartbeat_Packet.show_direct_set_temp_flag 0x20000aae   Data           1  lto-llvm-736de3.o(.bss)
    Page_Direct_Curve_Heartbeat_Packet.last_direct_handle_current_temp 0x20000ab0   Data           2  lto-llvm-736de3.o(.bss)
    Page_Direct_Curve_Heartbeat_Packet.last_direct_handle_current_temp_f_display 0x20000ab2   Data           2  lto-llvm-736de3.o(.bss)
    Page_Direct_Curve_Heartbeat_Packet.last_direct_handle_set_temp_f_display 0x20000ab4   Data           2  lto-llvm-736de3.o(.bss)
    Page_Direct_Curve_Heartbeat_Packet.direct_temp_refirsh_time 0x20000ab6   Data           1  lto-llvm-736de3.o(.bss)
    Page_Code_Heartbeat_Packet.state         0x20000ab7   Data           1  lto-llvm-736de3.o(.bss)
    Page_Code_Heartbeat_Packet.show_temp_time 0x20000ab8   Data           1  lto-llvm-736de3.o(.bss)
    Page_Code_Heartbeat_Packet.show_wind_time 0x20000ab9   Data           1  lto-llvm-736de3.o(.bss)
    Page_Switch.first_in                     0x20000aba   Data           1  lto-llvm-736de3.o(.bss)
    Page_Switch.time                         0x20000abc   Data           2  lto-llvm-736de3.o(.bss)
    RecvDataFromLCD.cal_temp                 0x20000abe   Data           2  lto-llvm-736de3.o(.bss)
    sFWG2_t                                  0x20000ac0   Data         292  lto-llvm-736de3.o(.bss)
    iap_flag                                 0x20000be4   Data           1  lto-llvm-736de3.o(.bss)
    tUsart3Buffer                            0x20000be8   Data          36  lto-llvm-736de3.o(.bss)
    chUsart3RxBuffer                         0x20000c0c   Data        1024  lto-llvm-736de3.o(.bss)
    tUsart2Buffer                            0x2000100c   Data          36  lto-llvm-736de3.o(.bss)
    tUsart1Buffer                            0x20001030   Data          36  lto-llvm-736de3.o(.bss)
    tUart4Buffer                             0x20001054   Data          36  lto-llvm-736de3.o(.bss)
    stdout_putchar.index                     0x20001078   Data           4  lto-llvm-736de3.o(.bss)
    stdout_putchar.buffer                    0x2000107c   Data           8  lto-llvm-736de3.o(.bss)
    EventBuffer                              0x200010c0   Data        1024  lto-llvm-736de3.o(.bss.noinit)
    [Anonymous Symbol]                       0x200010c0   Section        0  lto-llvm-736de3.o(.bss.noinit)
    EventFilter                              0x200014c0   Data         128  lto-llvm-736de3.o(.bss.noinit)
    EventStatus                              0x20001540   Data          36  lto-llvm-736de3.o(.bss.noinit)
    STACK                                    0x20001568   Section     1024  startup_at32f415.o(STACK)

    Global Symbols

    Symbol Name                              Value     Ov Type        Size  Object(Section)

    BuildAttributes$$THM_ISAv4$E$P$D$K$B$S$7EM$PE$A:L22UL41UL21$X:L11$S22US41US21$IEEE1$IW$~IW$USESV6$~STKCKD$USESV7$~SHL$OTIME$ROPI$IEEEF$EBA8$MICROLIB$REQ8$PRES8$EABIv2 0x00000000   Number         0  anon$$obj.o ABSOLUTE
    __cpp_initialize__aeabi_                  - Undefined Weak Reference
    __cxa_finalize                            - Undefined Weak Reference
    __decompress                              - Undefined Weak Reference
    _clock_init                               - Undefined Weak Reference
    _microlib_exit                            - Undefined Weak Reference
    __Vectors_Size                           0x00000170   Number         0  startup_at32f415.o ABSOLUTE
    __Vectors                                0x08004000   Data           4  startup_at32f415.o(RESET)
    __Vectors_End                            0x08004170   Data           0  startup_at32f415.o(RESET)
    __main                                   0x08004171   Thumb Code     0  entry.o(.ARM.Collect$$$$00000000)
    _main_stk                                0x08004171   Thumb Code     0  entry2.o(.ARM.Collect$$$$00000001)
    _main_scatterload                        0x08004175   Thumb Code     0  entry5.o(.ARM.Collect$$$$00000004)
    __main_after_scatterload                 0x08004179   Thumb Code     0  entry5.o(.ARM.Collect$$$$00000004)
    _main_clock                              0x08004179   Thumb Code     0  entry7b.o(.ARM.Collect$$$$00000008)
    _main_cpp_init                           0x08004179   Thumb Code     0  entry8b.o(.ARM.Collect$$$$0000000A)
    _main_init                               0x08004179   Thumb Code     0  entry9a.o(.ARM.Collect$$$$0000000B)
    __rt_final_cpp                           0x08004181   Thumb Code     0  entry10a.o(.ARM.Collect$$$$0000000D)
    __rt_final_exit                          0x08004181   Thumb Code     0  entry11a.o(.ARM.Collect$$$$0000000F)
    Reset_Handler                            0x08004185   Thumb Code     8  startup_at32f415.o(.text)
    ADC1_IRQHandler                          0x0800419f   Thumb Code     0  startup_at32f415.o(.text)
    CAN1_RX0_IRQHandler                      0x0800419f   Thumb Code     0  startup_at32f415.o(.text)
    CAN1_RX1_IRQHandler                      0x0800419f   Thumb Code     0  startup_at32f415.o(.text)
    CAN1_SE_IRQHandler                       0x0800419f   Thumb Code     0  startup_at32f415.o(.text)
    CAN1_TX_IRQHandler                       0x0800419f   Thumb Code     0  startup_at32f415.o(.text)
    CMP1_IRQHandler                          0x0800419f   Thumb Code     0  startup_at32f415.o(.text)
    CMP2_IRQHandler                          0x0800419f   Thumb Code     0  startup_at32f415.o(.text)
    CRM_IRQHandler                           0x0800419f   Thumb Code     0  startup_at32f415.o(.text)
    DMA1_Channel1_IRQHandler                 0x0800419f   Thumb Code     0  startup_at32f415.o(.text)
    DMA1_Channel2_IRQHandler                 0x0800419f   Thumb Code     0  startup_at32f415.o(.text)
    DMA1_Channel3_IRQHandler                 0x0800419f   Thumb Code     0  startup_at32f415.o(.text)
    DMA1_Channel4_IRQHandler                 0x0800419f   Thumb Code     0  startup_at32f415.o(.text)
    DMA1_Channel5_IRQHandler                 0x0800419f   Thumb Code     0  startup_at32f415.o(.text)
    DMA1_Channel6_IRQHandler                 0x0800419f   Thumb Code     0  startup_at32f415.o(.text)
    DMA1_Channel7_IRQHandler                 0x0800419f   Thumb Code     0  startup_at32f415.o(.text)
    DMA2_Channel1_IRQHandler                 0x0800419f   Thumb Code     0  startup_at32f415.o(.text)
    DMA2_Channel2_IRQHandler                 0x0800419f   Thumb Code     0  startup_at32f415.o(.text)
    DMA2_Channel3_IRQHandler                 0x0800419f   Thumb Code     0  startup_at32f415.o(.text)
    DMA2_Channel4_5_IRQHandler               0x0800419f   Thumb Code     0  startup_at32f415.o(.text)
    DMA2_Channel6_7_IRQHandler               0x0800419f   Thumb Code     0  startup_at32f415.o(.text)
    ERTCAlarm_IRQHandler                     0x0800419f   Thumb Code     0  startup_at32f415.o(.text)
    ERTC_WKUP_IRQHandler                     0x0800419f   Thumb Code     0  startup_at32f415.o(.text)
    EXINT0_IRQHandler                        0x0800419f   Thumb Code     0  startup_at32f415.o(.text)
    EXINT1_IRQHandler                        0x0800419f   Thumb Code     0  startup_at32f415.o(.text)
    EXINT2_IRQHandler                        0x0800419f   Thumb Code     0  startup_at32f415.o(.text)
    EXINT3_IRQHandler                        0x0800419f   Thumb Code     0  startup_at32f415.o(.text)
    EXINT4_IRQHandler                        0x0800419f   Thumb Code     0  startup_at32f415.o(.text)
    EXINT9_5_IRQHandler                      0x0800419f   Thumb Code     0  startup_at32f415.o(.text)
    FLASH_IRQHandler                         0x0800419f   Thumb Code     0  startup_at32f415.o(.text)
    I2C1_ERR_IRQHandler                      0x0800419f   Thumb Code     0  startup_at32f415.o(.text)
    I2C1_EVT_IRQHandler                      0x0800419f   Thumb Code     0  startup_at32f415.o(.text)
    I2C2_ERR_IRQHandler                      0x0800419f   Thumb Code     0  startup_at32f415.o(.text)
    I2C2_EVT_IRQHandler                      0x0800419f   Thumb Code     0  startup_at32f415.o(.text)
    OTGFS1_IRQHandler                        0x0800419f   Thumb Code     0  startup_at32f415.o(.text)
    OTGFS1_WKUP_IRQHandler                   0x0800419f   Thumb Code     0  startup_at32f415.o(.text)
    PVM_IRQHandler                           0x0800419f   Thumb Code     0  startup_at32f415.o(.text)
    SDIO1_IRQHandler                         0x0800419f   Thumb Code     0  startup_at32f415.o(.text)
    SPI1_IRQHandler                          0x0800419f   Thumb Code     0  startup_at32f415.o(.text)
    SPI2_IRQHandler                          0x0800419f   Thumb Code     0  startup_at32f415.o(.text)
    TAMP_STAMP_IRQHandler                    0x0800419f   Thumb Code     0  startup_at32f415.o(.text)
    TMR1_BRK_TMR9_IRQHandler                 0x0800419f   Thumb Code     0  startup_at32f415.o(.text)
    TMR1_CH_IRQHandler                       0x0800419f   Thumb Code     0  startup_at32f415.o(.text)
    TMR1_OVF_TMR10_IRQHandler                0x0800419f   Thumb Code     0  startup_at32f415.o(.text)
    TMR1_TRG_HALL_TMR11_IRQHandler           0x0800419f   Thumb Code     0  startup_at32f415.o(.text)
    TMR2_GLOBAL_IRQHandler                   0x0800419f   Thumb Code     0  startup_at32f415.o(.text)
    TMR4_GLOBAL_IRQHandler                   0x0800419f   Thumb Code     0  startup_at32f415.o(.text)
    TMR5_GLOBAL_IRQHandler                   0x0800419f   Thumb Code     0  startup_at32f415.o(.text)
    UART4_IRQHandler                         0x0800419f   Thumb Code     0  startup_at32f415.o(.text)
    UART5_IRQHandler                         0x0800419f   Thumb Code     0  startup_at32f415.o(.text)
    USART2_IRQHandler                        0x0800419f   Thumb Code     0  startup_at32f415.o(.text)
    WWDT_IRQHandler                          0x0800419f   Thumb Code     0  startup_at32f415.o(.text)
    __aeabi_uidiv                            0x080041a9   Thumb Code     0  uidiv.o(.text)
    __aeabi_uidivmod                         0x080041a9   Thumb Code    44  uidiv.o(.text)
    __aeabi_uldivmod                         0x080041d5   Thumb Code    98  uldiv.o(.text)
    __I$use$fp                               0x08004237   Thumb Code     0  iusefp.o(.text)
    __aeabi_dadd                             0x08004237   Thumb Code   322  dadd.o(.text)
    __aeabi_dsub                             0x08004379   Thumb Code     6  dadd.o(.text)
    __aeabi_drsub                            0x0800437f   Thumb Code     6  dadd.o(.text)
    __aeabi_dmul                             0x08004385   Thumb Code   228  dmul.o(.text)
    __aeabi_ddiv                             0x08004469   Thumb Code   222  ddiv.o(.text)
    __aeabi_d2ulz                            0x08004547   Thumb Code    48  dfixul.o(.text)
    __aeabi_cdrcmple                         0x08004579   Thumb Code    48  cdrcmple.o(.text)
    __scatterload                            0x080045a9   Thumb Code    28  init.o(.text)
    __scatterload_rt2                        0x080045a9   Thumb Code     0  init.o(.text)
    __aeabi_llsl                             0x080045cd   Thumb Code    30  llshl.o(.text)
    _ll_shift_l                              0x080045cd   Thumb Code     0  llshl.o(.text)
    __aeabi_llsr                             0x080045eb   Thumb Code    32  llushr.o(.text)
    _ll_ushift_r                             0x080045eb   Thumb Code     0  llushr.o(.text)
    __aeabi_lasr                             0x0800460b   Thumb Code    36  llsshr.o(.text)
    _ll_sshift_r                             0x0800460b   Thumb Code     0  llsshr.o(.text)
    _double_round                            0x0800462f   Thumb Code    30  depilogue.o(.text)
    _double_epilogue                         0x0800464d   Thumb Code   156  depilogue.o(.text)
    __aeabi_memcpy                           0x080046e9   Thumb Code    36  memcpya.o(.text)
    __aeabi_memcpy4                          0x080046e9   Thumb Code     0  memcpya.o(.text)
    __aeabi_memcpy8                          0x080046e9   Thumb Code     0  memcpya.o(.text)
    __aeabi_memset                           0x0800470d   Thumb Code    14  memseta.o(.text)
    __aeabi_memset4                          0x0800470d   Thumb Code     0  memseta.o(.text)
    __aeabi_memset8                          0x0800470d   Thumb Code     0  memseta.o(.text)
    __aeabi_memclr                           0x0800471b   Thumb Code     4  memseta.o(.text)
    __aeabi_memclr4                          0x0800471b   Thumb Code     0  memseta.o(.text)
    __aeabi_memclr8                          0x0800471b   Thumb Code     0  memseta.o(.text)
    _memset$wrapper                          0x0800471f   Thumb Code    18  memseta.o(.text)
    __aeabi_fadd                             0x08004731   Thumb Code   164  fadd.o(.text)
    __aeabi_fsub                             0x080047d5   Thumb Code     6  fadd.o(.text)
    __aeabi_frsub                            0x080047db   Thumb Code     6  fadd.o(.text)
    __aeabi_fmul                             0x080047e1   Thumb Code   100  fmul.o(.text)
    __aeabi_fdiv                             0x08004845   Thumb Code   124  fdiv.o(.text)
    __aeabi_fcmple                           0x080048c1   Thumb Code    28  fcmple.o(.text)
    __aeabi_fcmplt                           0x080048dd   Thumb Code    28  fcmplt.o(.text)
    __aeabi_fcmpge                           0x080048f9   Thumb Code    28  fcmpge.o(.text)
    __aeabi_fcmpgt                           0x08004915   Thumb Code    28  fcmpgt.o(.text)
    __aeabi_i2f                              0x08004931   Thumb Code    18  fflti.o(.text)
    __aeabi_ui2f                             0x08004943   Thumb Code    10  ffltui.o(.text)
    __aeabi_i2d                              0x0800494d   Thumb Code    34  dflti.o(.text)
    __aeabi_ui2d                             0x0800496f   Thumb Code    26  dfltui.o(.text)
    __aeabi_f2iz                             0x08004989   Thumb Code    50  ffixi.o(.text)
    __aeabi_f2uiz                            0x080049bb   Thumb Code    40  ffixui.o(.text)
    __aeabi_d2iz                             0x080049e3   Thumb Code    62  dfixi.o(.text)
    __aeabi_d2uiz                            0x08004a21   Thumb Code    50  dfixui.o(.text)
    _float_round                             0x08004a53   Thumb Code    18  fepilogue.o(.text)
    _float_epilogue                          0x08004a65   Thumb Code    92  fepilogue.o(.text)
    BusFault_Handler                         0x08004c39   Thumb Code     4  lto-llvm-736de3.o(.text.BusFault_Handler)
    DebugMon_Handler                         0x08004c3d   Thumb Code     2  lto-llvm-736de3.o(.text.DebugMon_Handler)
    EXINT15_10_IRQHandler                    0x08005af5   Thumb Code    22  lto-llvm-736de3.o(.text.EXINT15_10_IRQHandler)
    HardFault_Handler                        0x0800ba71   Thumb Code     4  lto-llvm-736de3.o(.text.HardFault_Handler)
    MemManage_Handler                        0x0800c5c1   Thumb Code     4  lto-llvm-736de3.o(.text.MemManage_Handler)
    NMI_Handler                              0x0800c5c5   Thumb Code     2  lto-llvm-736de3.o(.text.NMI_Handler)
    PendSV_Handler                           0x08010c45   Thumb Code     2  lto-llvm-736de3.o(.text.PendSV_Handler)
    SVC_Handler                              0x08012875   Thumb Code     2  lto-llvm-736de3.o(.text.SVC_Handler)
    SysTick_Handler                          0x08012879   Thumb Code    96  lto-llvm-736de3.o(.text.SysTick_Handler)
    SystemInit                               0x080128d9   Thumb Code   208  lto-llvm-736de3.o(.text.SystemInit)
    TMR3_GLOBAL_IRQHandler                   0x080129a9   Thumb Code    32  lto-llvm-736de3.o(.text.TMR3_GLOBAL_IRQHandler)
    USART1_IRQHandler                        0x080129c9   Thumb Code   128  lto-llvm-736de3.o(.text.USART1_IRQHandler)
    USART3_IRQHandler                        0x08012a49   Thumb Code   166  lto-llvm-736de3.o(.text.USART3_IRQHandler)
    UsageFault_Handler                       0x08012b81   Thumb Code     4  lto-llvm-736de3.o(.text.UsageFault_Handler)
    fputc                                    0x08015821   Thumb Code    48  lto-llvm-736de3.o(.text.fputc)
    main                                     0x08016959   Thumb Code   290  lto-llvm-736de3.o(.text.main)
    __0printf                                0x08018ffd   Thumb Code    22  printfa.o(i.__0printf)
    __1printf                                0x08018ffd   Thumb Code     0  printfa.o(i.__0printf)
    __2printf                                0x08018ffd   Thumb Code     0  printfa.o(i.__0printf)
    __c89printf                              0x08018ffd   Thumb Code     0  printfa.o(i.__0printf)
    printf                                   0x08018ffd   Thumb Code     0  printfa.o(i.__0printf)
    __scatterload_copy                       0x0801901d   Thumb Code    14  handlers.o(i.__scatterload_copy)
    __scatterload_null                       0x0801902b   Thumb Code     2  handlers.o(i.__scatterload_null)
    __scatterload_zeroinit                   0x0801902d   Thumb Code    14  handlers.o(i.__scatterload_zeroinit)
    EventRecorderInfo                        0x080198f0   Data          24  lto-llvm-736de3.o(.rodata.EventRecorderInfo)
    Region$$Table$$Base                      0x0801995c   Number         0  anon$$obj.o(Region$$Table)
    Region$$Table$$Limit                     0x0801997c   Number         0  anon$$obj.o(Region$$Table)
    __stdout                                 0x20000000   Data           4  stdout.o(.data)
    __initial_sp                             0x20001968   Data           0  startup_at32f415.o(STACK)



==============================================================================

Memory Map of the image

  Image Entry point : 0x08004171

  Load Region LR_IROM1 (Base: 0x08004000, Size: 0x00015a40, Max: 0x00020000, ABSOLUTE)

    Execution Region ER_IROM1 (Exec base: 0x08004000, Load base: 0x08004000, Size: 0x0001597c, Max: 0x00020000, ABSOLUTE)

    Exec Addr    Load Addr    Size         Type   Attr      Idx    E Section Name        Object

    0x08004000   0x08004000   0x00000170   Data   RO           29    RESET               startup_at32f415.o
    0x08004170   0x08004170   0x00000000   Code   RO           57  * .ARM.Collect$$$$00000000  mc_w.l(entry.o)
    0x08004170   0x08004170   0x00000004   Code   RO           94    .ARM.Collect$$$$00000001  mc_w.l(entry2.o)
    0x08004174   0x08004174   0x00000004   Code   RO           97    .ARM.Collect$$$$00000004  mc_w.l(entry5.o)
    0x08004178   0x08004178   0x00000000   Code   RO           99    .ARM.Collect$$$$00000008  mc_w.l(entry7b.o)
    0x08004178   0x08004178   0x00000000   Code   RO          101    .ARM.Collect$$$$0000000A  mc_w.l(entry8b.o)
    0x08004178   0x08004178   0x00000008   Code   RO          102    .ARM.Collect$$$$0000000B  mc_w.l(entry9a.o)
    0x08004180   0x08004180   0x00000000   Code   RO          104    .ARM.Collect$$$$0000000D  mc_w.l(entry10a.o)
    0x08004180   0x08004180   0x00000000   Code   RO          106    .ARM.Collect$$$$0000000F  mc_w.l(entry11a.o)
    0x08004180   0x08004180   0x00000004   Code   RO           95    .ARM.Collect$$$$00002712  mc_w.l(entry2.o)
    0x08004184   0x08004184   0x00000024   Code   RO           30    .text               startup_at32f415.o
    0x080041a8   0x080041a8   0x0000002c   Code   RO          117    .text               mc_w.l(uidiv.o)
    0x080041d4   0x080041d4   0x00000062   Code   RO          119    .text               mc_w.l(uldiv.o)
    0x08004236   0x08004236   0x00000000   Code   RO          121    .text               mc_w.l(iusefp.o)
    0x08004236   0x08004236   0x0000014e   Code   RO          122    .text               mf_w.l(dadd.o)
    0x08004384   0x08004384   0x000000e4   Code   RO          124    .text               mf_w.l(dmul.o)
    0x08004468   0x08004468   0x000000de   Code   RO          126    .text               mf_w.l(ddiv.o)
    0x08004546   0x08004546   0x00000030   Code   RO          128    .text               mf_w.l(dfixul.o)
    0x08004576   0x08004576   0x00000002   PAD
    0x08004578   0x08004578   0x00000030   Code   RO          130    .text               mf_w.l(cdrcmple.o)
    0x080045a8   0x080045a8   0x00000024   Code   RO          132    .text               mc_w.l(init.o)
    0x080045cc   0x080045cc   0x0000001e   Code   RO          134    .text               mc_w.l(llshl.o)
    0x080045ea   0x080045ea   0x00000020   Code   RO          136    .text               mc_w.l(llushr.o)
    0x0800460a   0x0800460a   0x00000024   Code   RO          138    .text               mc_w.l(llsshr.o)
    0x0800462e   0x0800462e   0x000000ba   Code   RO          140    .text               mf_w.l(depilogue.o)
    0x080046e8   0x080046e8   0x00000024   Code   RO          620    .text               mc_w.l(memcpya.o)
    0x0800470c   0x0800470c   0x00000024   Code   RO          622    .text               mc_w.l(memseta.o)
    0x08004730   0x08004730   0x000000b0   Code   RO          626    .text               mf_w.l(fadd.o)
    0x080047e0   0x080047e0   0x00000064   Code   RO          628    .text               mf_w.l(fmul.o)
    0x08004844   0x08004844   0x0000007c   Code   RO          630    .text               mf_w.l(fdiv.o)
    0x080048c0   0x080048c0   0x0000001c   Code   RO          632    .text               mf_w.l(fcmple.o)
    0x080048dc   0x080048dc   0x0000001c   Code   RO          634    .text               mf_w.l(fcmplt.o)
    0x080048f8   0x080048f8   0x0000001c   Code   RO          636    .text               mf_w.l(fcmpge.o)
    0x08004914   0x08004914   0x0000001c   Code   RO          638    .text               mf_w.l(fcmpgt.o)
    0x08004930   0x08004930   0x00000012   Code   RO          640    .text               mf_w.l(fflti.o)
    0x08004942   0x08004942   0x0000000a   Code   RO          642    .text               mf_w.l(ffltui.o)
    0x0800494c   0x0800494c   0x00000022   Code   RO          644    .text               mf_w.l(dflti.o)
    0x0800496e   0x0800496e   0x0000001a   Code   RO          646    .text               mf_w.l(dfltui.o)
    0x08004988   0x08004988   0x00000032   Code   RO          648    .text               mf_w.l(ffixi.o)
    0x080049ba   0x080049ba   0x00000028   Code   RO          650    .text               mf_w.l(ffixui.o)
    0x080049e2   0x080049e2   0x0000003e   Code   RO          652    .text               mf_w.l(dfixi.o)
    0x08004a20   0x08004a20   0x00000032   Code   RO          654    .text               mf_w.l(dfixui.o)
    0x08004a52   0x08004a52   0x0000006e   Code   RO          656    .text               mf_w.l(fepilogue.o)
    0x08004ac0   0x08004ac0   0x00000024   Code   RO          533    .text.BSP_UsartInit  lto-llvm-736de3.o
    0x08004ae4   0x08004ae4   0x00000152   Code   RO          473    .text.BeepProc      lto-llvm-736de3.o
    0x08004c36   0x08004c36   0x00000002   PAD
    0x08004c38   0x08004c38   0x00000004   Code   RO          179    .text.BusFault_Handler  lto-llvm-736de3.o
    0x08004c3c   0x08004c3c   0x00000002   Code   RO          185    .text.DebugMon_Handler  lto-llvm-736de3.o
    0x08004c3e   0x08004c3e   0x00000002   PAD
    0x08004c40   0x08004c40   0x00000a96   Code   RO          203    .text.Direct_Handle_PWM_Out  lto-llvm-736de3.o
    0x080056d6   0x080056d6   0x00000002   PAD
    0x080056d8   0x080056d8   0x000003b4   Code   RO          501    .text.Direct_handle_switch  lto-llvm-736de3.o
    0x08005a8c   0x08005a8c   0x00000068   Code   RO          515    .text.DwinInitialization  lto-llvm-736de3.o
    0x08005af4   0x08005af4   0x00000016   Code   RO          201    .text.EXINT15_10_IRQHandler  lto-llvm-736de3.o
    0x08005b0a   0x08005b0a   0x00000002   PAD
    0x08005b0c   0x08005b0c   0x0000003e   Code   RO          599    .text.EventCheckFilter  lto-llvm-736de3.o
    0x08005b4a   0x08005b4a   0x00000002   PAD
    0x08005b4c   0x08005b4c   0x00000092   Code   RO          577    .text.EventGetTS    lto-llvm-736de3.o
    0x08005bde   0x08005bde   0x00000002   PAD
    0x08005be0   0x08005be0   0x00000190   Code   RO          597    .text.EventRecordData  lto-llvm-736de3.o
    0x08005d70   0x08005d70   0x000000f0   Code   RO          579    .text.EventRecordItem  lto-llvm-736de3.o
    0x08005e60   0x08005e60   0x00000090   Code   RO          575    .text.EventRecorderEnable  lto-llvm-736de3.o
    0x08005ef0   0x08005ef0   0x000001aa   Code   RO          571    .text.EventRecorderInitialize  lto-llvm-736de3.o
    0x0800609a   0x0800609a   0x00000002   PAD
    0x0800609c   0x0800609c   0x00000044   Code   RO          581    .text.EventRecorderStart  lto-llvm-736de3.o
    0x080060e0   0x080060e0   0x0000000c   Code   RO          569    .text.EventRecorderTimerGetCount  lto-llvm-736de3.o
    0x080060ec   0x080060ec   0x0000000c   Code   RO          567    .text.EventRecorderTimerGetFreq  lto-llvm-736de3.o
    0x080060f8   0x080060f8   0x00000022   Code   RO          565    .text.EventRecorderTimerSetup  lto-llvm-736de3.o
    0x0800611a   0x0800611a   0x00000002   PAD
    0x0800611c   0x0800611c   0x0000034a   Code   RO          521    .text.FWG2_Init     lto-llvm-736de3.o
    0x08006466   0x08006466   0x00000002   PAD
    0x08006468   0x08006468   0x000055ec   Code   RO          477    .text.FlashProc     lto-llvm-736de3.o
    0x0800ba54   0x0800ba54   0x00000008   Code   RO          601    .text.GetContext    lto-llvm-736de3.o
    0x0800ba5c   0x0800ba5c   0x00000012   Code   RO          583    .text.GetRecordIndex  lto-llvm-736de3.o
    0x0800ba6e   0x0800ba6e   0x00000002   PAD
    0x0800ba70   0x0800ba70   0x00000004   Code   RO          175    .text.HardFault_Handler  lto-llvm-736de3.o
    0x0800ba74   0x0800ba74   0x00000012   Code   RO          591    .text.IncrementRecordsDumped  lto-llvm-736de3.o
    0x0800ba86   0x0800ba86   0x00000002   PAD
    0x0800ba88   0x0800ba88   0x00000012   Code   RO          589    .text.IncrementRecordsWritten  lto-llvm-736de3.o
    0x0800ba9a   0x0800ba9a   0x00000002   PAD
    0x0800ba9c   0x0800ba9c   0x00000a92   Code   RO          479    .text.KeyProc       lto-llvm-736de3.o
    0x0800c52e   0x0800c52e   0x00000002   PAD
    0x0800c530   0x0800c530   0x0000008e   Code   RO          585    .text.LockRecord    lto-llvm-736de3.o
    0x0800c5be   0x0800c5be   0x00000002   PAD
    0x0800c5c0   0x0800c5c0   0x00000004   Code   RO          177    .text.MemManage_Handler  lto-llvm-736de3.o
    0x0800c5c4   0x0800c5c4   0x00000002   Code   RO          173    .text.NMI_Handler   lto-llvm-736de3.o
    0x0800c5c6   0x0800c5c6   0x00000002   PAD
    0x0800c5c8   0x0800c5c8   0x00000064   Code   RO          169    .text.NVIC_EncodePriority  lto-llvm-736de3.o
    0x0800c62c   0x0800c62c   0x00000062   Code   RO          313    .text.NVIC_EncodePriority.101  lto-llvm-736de3.o
    0x0800c68e   0x0800c68e   0x00000002   PAD
    0x0800c690   0x0800c690   0x00000026   Code   RO          467    .text.PID_Clear     lto-llvm-736de3.o
    0x0800c6b6   0x0800c6b6   0x00000002   PAD
    0x0800c6b8   0x0800c6b8   0x0000005e   Code   RO          465    .text.PID_Init      lto-llvm-736de3.o
    0x0800c716   0x0800c716   0x00000002   PAD
    0x0800c718   0x0800c718   0x000000fe   Code   RO          463    .text.PID_Position_Calc  lto-llvm-736de3.o
    0x0800c816   0x0800c816   0x00000002   PAD
    0x0800c818   0x0800c818   0x000008b8   Code   RO          511    .text.Page_Code_Heartbeat_Packet  lto-llvm-736de3.o
    0x0800d0d0   0x0800d0d0   0x00000cf4   Code   RO          509    .text.Page_Direct_Curve_Heartbeat_Packet  lto-llvm-736de3.o
    0x0800ddc4   0x0800ddc4   0x0000126a   Code   RO          503    .text.Page_Direct_Work_Heartbeat_Packet  lto-llvm-736de3.o
    0x0800f02e   0x0800f02e   0x00000002   PAD
    0x0800f030   0x0800f030   0x0000178e   Code   RO          505    .text.Page_General_Heartbeat_Packet  lto-llvm-736de3.o
    0x080107be   0x080107be   0x00000002   PAD
    0x080107c0   0x080107c0   0x000002ec   Code   RO          507    .text.Page_Set_Heartbeat_Packet  lto-llvm-736de3.o
    0x08010aac   0x08010aac   0x00000198   Code   RO          513    .text.Page_Switch   lto-llvm-736de3.o
    0x08010c44   0x08010c44   0x00000002   Code   RO          187    .text.PendSV_Handler  lto-llvm-736de3.o
    0x08010c46   0x08010c46   0x00000002   PAD
    0x08010c48   0x08010c48   0x00001c2a   Code   RO          519    .text.RecvDataFromLCD  lto-llvm-736de3.o
    0x08012872   0x08012872   0x00000002   PAD
    0x08012874   0x08012874   0x00000002   Code   RO          183    .text.SVC_Handler   lto-llvm-736de3.o
    0x08012876   0x08012876   0x00000002   PAD
    0x08012878   0x08012878   0x00000060   Code   RO          189    .text.SysTick_Handler  lto-llvm-736de3.o
    0x080128d8   0x080128d8   0x000000d0   Code   RO          443    .text.SystemInit    lto-llvm-736de3.o
    0x080129a8   0x080129a8   0x00000020   Code   RO          197    .text.TMR3_GLOBAL_IRQHandler  lto-llvm-736de3.o
    0x080129c8   0x080129c8   0x00000080   Code   RO          199    .text.USART1_IRQHandler  lto-llvm-736de3.o
    0x08012a48   0x08012a48   0x000000a6   Code   RO          541    .text.USART3_IRQHandler  lto-llvm-736de3.o
    0x08012aee   0x08012aee   0x00000002   PAD
    0x08012af0   0x08012af0   0x0000005e   Code   RO          539    .text.USART3_TimeOutCounter  lto-llvm-736de3.o
    0x08012b4e   0x08012b4e   0x00000002   PAD
    0x08012b50   0x08012b50   0x00000030   Code   RO          587    .text.UnlockRecord  lto-llvm-736de3.o
    0x08012b80   0x08012b80   0x00000004   Code   RO          181    .text.UsageFault_Handler  lto-llvm-736de3.o
    0x08012b84   0x08012b84   0x0000006e   Code   RO          517    .text.WriteDataToLCD  lto-llvm-736de3.o
    0x08012bf2   0x08012bf2   0x00000002   PAD
    0x08012bf4   0x08012bf4   0x00000032   Code   RO          317    .text.__NVIC_EnableIRQ  lto-llvm-736de3.o
    0x08012c26   0x08012c26   0x00000002   PAD
    0x08012c28   0x08012c28   0x00000010   Code   RO          167    .text.__NVIC_GetPriorityGrouping  lto-llvm-736de3.o
    0x08012c38   0x08012c38   0x00000010   Code   RO          311    .text.__NVIC_GetPriorityGrouping.100  lto-llvm-736de3.o
    0x08012c48   0x08012c48   0x00000042   Code   RO          171    .text.__NVIC_SetPriority  lto-llvm-736de3.o
    0x08012c8a   0x08012c8a   0x00000002   PAD
    0x08012c8c   0x08012c8c   0x00000042   Code   RO          315    .text.__NVIC_SetPriority.102  lto-llvm-736de3.o
    0x08012cce   0x08012cce   0x00000002   PAD
    0x08012cd0   0x08012cd0   0x0000003c   Code   RO          321    .text.__NVIC_SetPriorityGrouping  lto-llvm-736de3.o
    0x08012d0c   0x08012d0c   0x00000026   Code   RO          307    .text.__NVIC_SystemReset  lto-llvm-736de3.o
    0x08012d32   0x08012d32   0x00000002   PAD
    0x08012d34   0x08012d34   0x0000003a   Code   RO          461    .text.abs_limit     lto-llvm-736de3.o
    0x08012d6e   0x08012d6e   0x00000002   PAD
    0x08012d70   0x08012d70   0x0000006c   Code   RO          387    .text.adc_base_config  lto-llvm-736de3.o
    0x08012ddc   0x08012ddc   0x0000001c   Code   RO          385    .text.adc_base_default_para_init  lto-llvm-736de3.o
    0x08012df8   0x08012df8   0x0000001a   Code   RO          389    .text.adc_calibration_init  lto-llvm-736de3.o
    0x08012e12   0x08012e12   0x00000002   PAD
    0x08012e14   0x08012e14   0x00000030   Code   RO          391    .text.adc_calibration_init_status_get  lto-llvm-736de3.o
    0x08012e44   0x08012e44   0x0000001a   Code   RO          393    .text.adc_calibration_start  lto-llvm-736de3.o
    0x08012e5e   0x08012e5e   0x00000002   PAD
    0x08012e60   0x08012e60   0x00000030   Code   RO          395    .text.adc_calibration_status_get  lto-llvm-736de3.o
    0x08012e90   0x08012e90   0x00000024   Code   RO          383    .text.adc_enable    lto-llvm-736de3.o
    0x08012eb4   0x08012eb4   0x0000003e   Code   RO          409    .text.adc_flag_get  lto-llvm-736de3.o
    0x08012ef2   0x08012ef2   0x00000002   PAD
    0x08012ef4   0x08012ef4   0x00000168   Code   RO          397    .text.adc_ordinary_channel_set  lto-llvm-736de3.o
    0x0801305c   0x0801305c   0x00000016   Code   RO          407    .text.adc_ordinary_conversion_data_get  lto-llvm-736de3.o
    0x08013072   0x08013072   0x00000002   PAD
    0x08013074   0x08013074   0x00000080   Code   RO          399    .text.adc_ordinary_conversion_trigger_set  lto-llvm-736de3.o
    0x080130f4   0x080130f4   0x0000002c   Code   RO          401    .text.adc_ordinary_part_mode_enable  lto-llvm-736de3.o
    0x08013120   0x08013120   0x0000002c   Code   RO          405    .text.adc_ordinary_software_trigger_enable  lto-llvm-736de3.o
    0x0801314c   0x0801314c   0x000000c2   Code   RO          149    .text.adc_task      lto-llvm-736de3.o
    0x0801320e   0x0801320e   0x00000002   PAD
    0x08013210   0x08013210   0x00000028   Code   RO          403    .text.adc_tempersensor_vintrv_enable  lto-llvm-736de3.o
    0x08013238   0x08013238   0x0000006e   Code   RO          595    .text.atomic_cmp_xch_32  lto-llvm-736de3.o
    0x080132a6   0x080132a6   0x00000002   PAD
    0x080132a8   0x080132a8   0x0000002a   Code   RO          593    .text.atomic_inc_32  lto-llvm-736de3.o
    0x080132d2   0x080132d2   0x00000002   PAD
    0x080132d4   0x080132d4   0x0000003a   Code   RO          603    .text.atomic_inc_8  lto-llvm-736de3.o
    0x0801330e   0x0801330e   0x00000002   PAD
    0x08013310   0x08013310   0x00000014   Code   RO          471    .text.beep_off      lto-llvm-736de3.o
    0x08013324   0x08013324   0x00000014   Code   RO          469    .text.beep_on       lto-llvm-736de3.o
    0x08013338   0x08013338   0x0000002e   Code   RO          151    .text.beep_task     lto-llvm-736de3.o
    0x08013366   0x08013366   0x00000002   PAD
    0x08013368   0x08013368   0x00000036   Code   RO          499    .text.check_handle_position  lto-llvm-736de3.o
    0x0801339e   0x0801339e   0x00000002   PAD
    0x080133a0   0x080133a0   0x00000a34   Code   RO          193    .text.code_mode_time  lto-llvm-736de3.o
    0x08013dd4   0x08013dd4   0x000000c4   Code   RO          195    .text.count_down    lto-llvm-736de3.o
    0x08013e98   0x08013e98   0x0000008c   Code   RO          573    .text.crc16_ccitt   lto-llvm-736de3.o
    0x08013f24   0x08013f24   0x00000038   Code   RO          265    .text.crm_adc_clock_div_set  lto-llvm-736de3.o
    0x08013f5c   0x08013f5c   0x00000028   Code   RO          259    .text.crm_ahb_div_set  lto-llvm-736de3.o
    0x08013f84   0x08013f84   0x00000028   Code   RO          261    .text.crm_apb1_div_set  lto-llvm-736de3.o
    0x08013fac   0x08013fac   0x00000028   Code   RO          263    .text.crm_apb2_div_set  lto-llvm-736de3.o
    0x08013fd4   0x08013fd4   0x00000038   Code   RO          275    .text.crm_auto_step_mode_enable  lto-llvm-736de3.o
    0x0801400c   0x0801400c   0x000000a2   Code   RO          257    .text.crm_clock_source_enable  lto-llvm-736de3.o
    0x080140ae   0x080140ae   0x00000002   PAD
    0x080140b0   0x080140b0   0x00000262   Code   RO          273    .text.crm_clocks_freq_get  lto-llvm-736de3.o
    0x08014312   0x08014312   0x00000002   PAD
    0x08014314   0x08014314   0x0000003e   Code   RO          251    .text.crm_flag_get  lto-llvm-736de3.o
    0x08014352   0x08014352   0x00000002   PAD
    0x08014354   0x08014354   0x0000005c   Code   RO          253    .text.crm_hext_stable_wait  lto-llvm-736de3.o
    0x080143b0   0x080143b0   0x00000056   Code   RO          255    .text.crm_periph_clock_enable  lto-llvm-736de3.o
    0x08014406   0x08014406   0x00000002   PAD
    0x08014408   0x08014408   0x000000cc   Code   RO          267    .text.crm_pll_config2  lto-llvm-736de3.o
    0x080144d4   0x080144d4   0x0000009a   Code   RO          249    .text.crm_reset     lto-llvm-736de3.o
    0x0801456e   0x0801456e   0x00000002   PAD
    0x08014570   0x08014570   0x00000048   Code   RO          269    .text.crm_sysclk_switch  lto-llvm-736de3.o
    0x080145b8   0x080145b8   0x00000010   Code   RO          271    .text.crm_sysclk_switch_status_get  lto-llvm-736de3.o
    0x080145c8   0x080145c8   0x0000005a   Code   RO          475    .text.data_check_len  lto-llvm-736de3.o
    0x08014622   0x08014622   0x00000002   PAD
    0x08014624   0x08014624   0x00000022   Code   RO          429    .text.dma_channel_enable  lto-llvm-736de3.o
    0x08014646   0x08014646   0x00000002   PAD
    0x08014648   0x08014648   0x00000032   Code   RO          431    .text.dma_default_para_init  lto-llvm-736de3.o
    0x0801467a   0x0801467a   0x00000002   PAD
    0x0801467c   0x0801467c   0x000000c4   Code   RO          433    .text.dma_init      lto-llvm-736de3.o
    0x08014740   0x08014740   0x000000ac   Code   RO          427    .text.dma_reset     lto-llvm-736de3.o
    0x080147ec   0x080147ec   0x0000019c   Code   RO          159    .text.dwin_task     lto-llvm-736de3.o
    0x08014988   0x08014988   0x0000009e   Code   RO          191    .text.enhance_mode_countdown  lto-llvm-736de3.o
    0x08014a26   0x08014a26   0x00000002   PAD
    0x08014a28   0x08014a28   0x0000001c   Code   RO          435    .text.exint_default_para_init  lto-llvm-736de3.o
    0x08014a44   0x08014a44   0x00000018   Code   RO          439    .text.exint_flag_clear  lto-llvm-736de3.o
    0x08014a5c   0x08014a5c   0x0000003e   Code   RO          441    .text.exint_flag_get  lto-llvm-736de3.o
    0x08014a9a   0x08014a9a   0x00000002   PAD
    0x08014a9c   0x08014a9c   0x000000ec   Code   RO          437    .text.exint_init    lto-llvm-736de3.o
    0x08014b88   0x08014b88   0x00000a94   Code   RO          493    .text.fan_control   lto-llvm-736de3.o
    0x0801561c   0x0801561c   0x00000040   Code   RO          289    .text.flash_halfword_program  lto-llvm-736de3.o
    0x0801565c   0x0801565c   0x00000012   Code   RO          283    .text.flash_lock    lto-llvm-736de3.o
    0x0801566e   0x0801566e   0x00000002   PAD
    0x08015670   0x08015670   0x00000068   Code   RO          277    .text.flash_operation_status_get  lto-llvm-736de3.o
    0x080156d8   0x080156d8   0x00000056   Code   RO          279    .text.flash_operation_wait_for  lto-llvm-736de3.o
    0x0801572e   0x0801572e   0x00000002   PAD
    0x08015730   0x08015730   0x00000048   Code   RO          285    .text.flash_sector_erase  lto-llvm-736de3.o
    0x08015778   0x08015778   0x00000008   Code   RO          155    .text.flash_task    lto-llvm-736de3.o
    0x08015780   0x08015780   0x0000001e   Code   RO          281    .text.flash_unlock  lto-llvm-736de3.o
    0x0801579e   0x0801579e   0x00000002   PAD
    0x080157a0   0x080157a0   0x0000004c   Code   RO          287    .text.flash_word_program  lto-llvm-736de3.o
    0x080157ec   0x080157ec   0x00000032   Code   RO          555    .text.flash_wred_halfword  lto-llvm-736de3.o
    0x0801581e   0x0801581e   0x00000002   PAD
    0x08015820   0x08015820   0x00000030   Code   RO          559    .text.fputc         lto-llvm-736de3.o
    0x08015850   0x08015850   0x00000028   Code   RO          543    .text.get_adcval    lto-llvm-736de3.o
    0x08015878   0x08015878   0x000000b8   Code   RO          545    .text.get_adcval_average  lto-llvm-736de3.o
    0x08015930   0x08015930   0x0000002e   Code   RO          485    .text.get_key_ch    lto-llvm-736de3.o
    0x0801595e   0x0801595e   0x00000002   PAD
    0x08015960   0x08015960   0x0000002e   Code   RO          483    .text.get_key_down  lto-llvm-736de3.o
    0x0801598e   0x0801598e   0x00000002   PAD
    0x08015990   0x08015990   0x0000002e   Code   RO          487    .text.get_key_touch  lto-llvm-736de3.o
    0x080159be   0x080159be   0x00000002   PAD
    0x080159c0   0x080159c0   0x0000002e   Code   RO          481    .text.get_key_up    lto-llvm-736de3.o
    0x080159ee   0x080159ee   0x00000002   PAD
    0x080159f0   0x080159f0   0x00000014   Code   RO          299    .text.gpio_bits_reset  lto-llvm-736de3.o
    0x08015a04   0x08015a04   0x00000014   Code   RO          297    .text.gpio_bits_set  lto-llvm-736de3.o
    0x08015a18   0x08015a18   0x00000026   Code   RO          293    .text.gpio_default_para_init  lto-llvm-736de3.o
    0x08015a3e   0x08015a3e   0x00000002   PAD
    0x08015a40   0x08015a40   0x000000dc   Code   RO          303    .text.gpio_exint_line_config  lto-llvm-736de3.o
    0x08015b1c   0x08015b1c   0x00000144   Code   RO          291    .text.gpio_init     lto-llvm-736de3.o
    0x08015c60   0x08015c60   0x00000036   Code   RO          295    .text.gpio_input_data_bit_read  lto-llvm-736de3.o
    0x08015c96   0x08015c96   0x00000002   PAD
    0x08015c98   0x08015c98   0x0000009a   Code   RO          301    .text.gpio_pin_remap_config  lto-llvm-736de3.o
    0x08015d32   0x08015d32   0x00000002   PAD
    0x08015d34   0x08015d34   0x000002dc   Code   RO          495    .text.hot_control   lto-llvm-736de3.o
    0x08016010   0x08016010   0x00000032   Code   RO          227    .text.iap_command_handle  lto-llvm-736de3.o
    0x08016042   0x08016042   0x00000002   PAD
    0x08016044   0x08016044   0x00000032   Code   RO          229    .text.iap_init      lto-llvm-736de3.o
    0x08016076   0x08016076   0x00000002   PAD
    0x08016078   0x08016078   0x00000008   Code   RO          145    .text.iap_task      lto-llvm-736de3.o
    0x08016080   0x08016080   0x000000f6   Code   RO          557    .text.key_event_check  lto-llvm-736de3.o
    0x08016176   0x08016176   0x00000002   PAD
    0x08016178   0x08016178   0x0000075e   Code   RO          491    .text.key_event_handle  lto-llvm-736de3.o
    0x080168d6   0x080168d6   0x00000002   PAD
    0x080168d8   0x080168d8   0x00000078   Code   RO          489    .text.key_handle    lto-llvm-736de3.o
    0x08016950   0x08016950   0x00000008   Code   RO          147    .text.key_task      lto-llvm-736de3.o
    0x08016958   0x08016958   0x00000122   Code   RO          143    .text.main          lto-llvm-736de3.o
    0x08016a7a   0x08016a7a   0x00000002   PAD
    0x08016a7c   0x08016a7c   0x00000034   Code   RO          309    .text.nvic_irq_enable  lto-llvm-736de3.o
    0x08016ab0   0x08016ab0   0x00000016   Code   RO          319    .text.nvic_priority_group_config  lto-llvm-736de3.o
    0x08016ac6   0x08016ac6   0x00000002   PAD
    0x08016ac8   0x08016ac8   0x00000004   Code   RO          305    .text.nvic_system_reset  lto-llvm-736de3.o
    0x08016acc   0x08016acc   0x0000002c   Code   RO          323    .text.nvic_vector_table_set  lto-llvm-736de3.o
    0x08016af8   0x08016af8   0x0000000c   Code   RO          157    .text.output_task   lto-llvm-736de3.o
    0x08016b04   0x08016b04   0x00000058   Code   RO          523    .text.queue_init    lto-llvm-736de3.o
    0x08016b5c   0x08016b5c   0x00000016   Code   RO          531    .text.queue_isEmpty  lto-llvm-736de3.o
    0x08016b72   0x08016b72   0x00000002   PAD
    0x08016b74   0x08016b74   0x00000022   Code   RO          527    .text.queue_isFull  lto-llvm-736de3.o
    0x08016b96   0x08016b96   0x00000002   PAD
    0x08016b98   0x08016b98   0x00000048   Code   RO          529    .text.queue_read    lto-llvm-736de3.o
    0x08016be0   0x08016be0   0x0000004a   Code   RO          525    .text.queue_write   lto-llvm-736de3.o
    0x08016c2a   0x08016c2a   0x00000002   PAD
    0x08016c2c   0x08016c2c   0x0000000a   Code   RO          551    .text.spi_byte_read  lto-llvm-736de3.o
    0x08016c36   0x08016c36   0x00000002   PAD
    0x08016c38   0x08016c38   0x00000044   Code   RO          549    .text.spi_byte_write  lto-llvm-736de3.o
    0x08016c7c   0x08016c7c   0x0000002c   Code   RO          411    .text.spi_default_para_init  lto-llvm-736de3.o
    0x08016ca8   0x08016ca8   0x0000002c   Code   RO          415    .text.spi_enable    lto-llvm-736de3.o
    0x08016cd4   0x08016cd4   0x00000016   Code   RO          423    .text.spi_i2s_data_receive  lto-llvm-736de3.o
    0x08016cea   0x08016cea   0x00000002   PAD
    0x08016cec   0x08016cec   0x0000001c   Code   RO          421    .text.spi_i2s_data_transmit  lto-llvm-736de3.o
    0x08016d08   0x08016d08   0x00000024   Code   RO          419    .text.spi_i2s_dma_receiver_enable  lto-llvm-736de3.o
    0x08016d2c   0x08016d2c   0x0000002c   Code   RO          417    .text.spi_i2s_dma_transmitter_enable  lto-llvm-736de3.o
    0x08016d58   0x08016d58   0x00000038   Code   RO          425    .text.spi_i2s_flag_get  lto-llvm-736de3.o
    0x08016d90   0x08016d90   0x000001be   Code   RO          413    .text.spi_init      lto-llvm-736de3.o
    0x08016f4e   0x08016f4e   0x00000002   PAD
    0x08016f50   0x08016f50   0x000000aa   Code   RO          547    .text.spiflash_init  lto-llvm-736de3.o
    0x08016ffa   0x08016ffa   0x00000002   PAD
    0x08016ffc   0x08016ffc   0x00000060   Code   RO          553    .text.spiflash_read_id  lto-llvm-736de3.o
    0x0801705c   0x0801705c   0x00000068   Code   RO          563    .text.stdout_putchar  lto-llvm-736de3.o
    0x080170c4   0x080170c4   0x00000228   Code   RO          445    .text.system_core_clock_update  lto-llvm-736de3.o
    0x080172ec   0x080172ec   0x0000003a   Code   RO          325    .text.systick_clock_source_config  lto-llvm-736de3.o
    0x08017326   0x08017326   0x00000002   PAD
    0x08017328   0x08017328   0x00000016   Code   RO          497    .text.temp_get_filter_average  lto-llvm-736de3.o
    0x0801733e   0x0801733e   0x00000002   PAD
    0x08017340   0x08017340   0x00000022   Code   RO          353    .text.tmr_base_init  lto-llvm-736de3.o
    0x08017362   0x08017362   0x00000002   PAD
    0x08017364   0x08017364   0x0000004c   Code   RO          361    .text.tmr_channel_value_set  lto-llvm-736de3.o
    0x080173b0   0x080173b0   0x00000024   Code   RO          355    .text.tmr_clock_source_div_set  lto-llvm-736de3.o
    0x080173d4   0x080173d4   0x00000022   Code   RO          357    .text.tmr_cnt_dir_set  lto-llvm-736de3.o
    0x080173f6   0x080173f6   0x00000002   PAD
    0x080173f8   0x080173f8   0x0000001a   Code   RO          351    .text.tmr_counter_enable  lto-llvm-736de3.o
    0x08017412   0x08017412   0x00000002   PAD
    0x08017414   0x08017414   0x0000001c   Code   RO          381    .text.tmr_flag_clear  lto-llvm-736de3.o
    0x08017430   0x08017430   0x0000022c   Code   RO          371    .text.tmr_input_channel_init  lto-llvm-736de3.o
    0x0801765c   0x0801765c   0x00000048   Code   RO          377    .text.tmr_interrupt_enable  lto-llvm-736de3.o
    0x080176a4   0x080176a4   0x00000046   Code   RO          379    .text.tmr_interrupt_flag_get  lto-llvm-736de3.o
    0x080176ea   0x080176ea   0x00000002   PAD
    0x080176ec   0x080176ec   0x00000028   Code   RO          369    .text.tmr_one_cycle_mode_enable  lto-llvm-736de3.o
    0x08017714   0x08017714   0x00000090   Code   RO          365    .text.tmr_output_channel_buffer_enable  lto-llvm-736de3.o
    0x080177a4   0x080177a4   0x000001f0   Code   RO          359    .text.tmr_output_channel_config  lto-llvm-736de3.o
    0x08017994   0x08017994   0x0000008e   Code   RO          367    .text.tmr_output_channel_immediately_set  lto-llvm-736de3.o
    0x08017a22   0x08017a22   0x00000002   PAD
    0x08017a24   0x08017a24   0x00000024   Code   RO          363    .text.tmr_period_buffer_enable  lto-llvm-736de3.o
    0x08017a48   0x08017a48   0x00000024   Code   RO          373    .text.tmr_primary_mode_select  lto-llvm-736de3.o
    0x08017a6c   0x08017a6c   0x00000024   Code   RO          375    .text.tmr_sub_sync_mode_set  lto-llvm-736de3.o
    0x08017a90   0x08017a90   0x00000088   Code   RO          453    .text.tmt_create    lto-llvm-736de3.o
    0x08017b18   0x08017b18   0x0000012a   Code   RO          455    .text.tmt_delete    lto-llvm-736de3.o
    0x08017c42   0x08017c42   0x00000002   PAD
    0x08017c44   0x08017c44   0x00000076   Code   RO          447    .text.tmt_init      lto-llvm-736de3.o
    0x08017cba   0x08017cba   0x00000002   PAD
    0x08017cbc   0x08017cbc   0x000000b2   Code   RO          449    .text.tmt_run       lto-llvm-736de3.o
    0x08017d6e   0x08017d6e   0x00000002   PAD
    0x08017d70   0x08017d70   0x00000086   Code   RO          459    .text.tmt_run_ctrl  lto-llvm-736de3.o
    0x08017df6   0x08017df6   0x00000002   PAD
    0x08017df8   0x08017df8   0x00000098   Code   RO          457    .text.tmt_time_ctrl  lto-llvm-736de3.o
    0x08017e90   0x08017e90   0x0000006a   Code   RO          451    .text.tmt_update_tick  lto-llvm-736de3.o
    0x08017efa   0x08017efa   0x00000002   PAD
    0x08017efc   0x08017efc   0x0000000e   Code   RO          341    .text.usart_data_receive  lto-llvm-736de3.o
    0x08017f0a   0x08017f0a   0x00000002   PAD
    0x08017f0c   0x08017f0c   0x00000018   Code   RO          339    .text.usart_data_transmit  lto-llvm-736de3.o
    0x08017f24   0x08017f24   0x00000024   Code   RO          331    .text.usart_enable  lto-llvm-736de3.o
    0x08017f48   0x08017f48   0x00000032   Code   RO          349    .text.usart_flag_clear  lto-llvm-736de3.o
    0x08017f7a   0x08017f7a   0x00000002   PAD
    0x08017f7c   0x08017f7c   0x00000032   Code   RO          345    .text.usart_flag_get  lto-llvm-736de3.o
    0x08017fae   0x08017fae   0x00000002   PAD
    0x08017fb0   0x08017fb0   0x00000092   Code   RO          343    .text.usart_hardware_flow_control_set  lto-llvm-736de3.o
    0x08018042   0x08018042   0x00000002   PAD
    0x08018044   0x08018044   0x000000d4   Code   RO          327    .text.usart_init    lto-llvm-736de3.o
    0x08018118   0x08018118   0x0000004c   Code   RO          337    .text.usart_interrupt_enable  lto-llvm-736de3.o
    0x08018164   0x08018164   0x00000128   Code   RO          347    .text.usart_interrupt_flag_get  lto-llvm-736de3.o
    0x0801828c   0x0801828c   0x00000070   Code   RO          329    .text.usart_parity_selection_config  lto-llvm-736de3.o
    0x080182fc   0x080182fc   0x000000dc   Code   RO          537    .text.usart_receiveData  lto-llvm-736de3.o
    0x080183d8   0x080183d8   0x00000024   Code   RO          335    .text.usart_receiver_enable  lto-llvm-736de3.o
    0x080183fc   0x080183fc   0x000000d4   Code   RO          535    .text.usart_sendData  lto-llvm-736de3.o
    0x080184d0   0x080184d0   0x00000024   Code   RO          333    .text.usart_transmitter_enable  lto-llvm-736de3.o
    0x080184f4   0x080184f4   0x00000086   Code   RO          239    .text.wk_adc1_init  lto-llvm-736de3.o
    0x0801857a   0x0801857a   0x00000002   PAD
    0x0801857c   0x0801857c   0x00000010   Code   RO          215    .text.wk_debug_config  lto-llvm-736de3.o
    0x0801858c   0x0801858c   0x00000038   Code   RO          209    .text.wk_delay_ms   lto-llvm-736de3.o
    0x080185c4   0x080185c4   0x0000003e   Code   RO          243    .text.wk_dma1_channel1_init  lto-llvm-736de3.o
    0x08018602   0x08018602   0x00000002   PAD
    0x08018604   0x08018604   0x0000002c   Code   RO          245    .text.wk_dma_channel_config  lto-llvm-736de3.o
    0x08018630   0x08018630   0x00000054   Code   RO          247    .text.wk_exint_config  lto-llvm-736de3.o
    0x08018684   0x08018684   0x00000116   Code   RO          231    .text.wk_gpio_config  lto-llvm-736de3.o
    0x0801879a   0x0801879a   0x00000002   PAD
    0x0801879c   0x0801879c   0x000000ac   Code   RO          165    .text.wk_nvic_config  lto-llvm-736de3.o
    0x08018848   0x08018848   0x000000a8   Code   RO          163    .text.wk_periph_clock_config  lto-llvm-736de3.o
    0x080188f0   0x080188f0   0x000000b0   Code   RO          241    .text.wk_spi1_init  lto-llvm-736de3.o
    0x080189a0   0x080189a0   0x0000009e   Code   RO          161    .text.wk_system_clock_config  lto-llvm-736de3.o
    0x08018a3e   0x08018a3e   0x00000002   PAD
    0x08018a40   0x08018a40   0x0000000c   Code   RO          207    .text.wk_timebase_get  lto-llvm-736de3.o
    0x08018a4c   0x08018a4c   0x00000008   Code   RO          213    .text.wk_timebase_handler  lto-llvm-736de3.o
    0x08018a54   0x08018a54   0x00000010   Code   RO          205    .text.wk_timebase_increase  lto-llvm-736de3.o
    0x08018a64   0x08018a64   0x00000056   Code   RO          211    .text.wk_timebase_init  lto-llvm-736de3.o
    0x08018aba   0x08018aba   0x00000002   PAD
    0x08018abc   0x08018abc   0x000000cc   Code   RO          233    .text.wk_tmr2_init  lto-llvm-736de3.o
    0x08018b88   0x08018b88   0x0000009a   Code   RO          235    .text.wk_tmr3_init  lto-llvm-736de3.o
    0x08018c22   0x08018c22   0x00000002   PAD
    0x08018c24   0x08018c24   0x000000bc   Code   RO          237    .text.wk_tmr9_init  lto-llvm-736de3.o
    0x08018ce0   0x08018ce0   0x000000a2   Code   RO          223    .text.wk_uart4_init  lto-llvm-736de3.o
    0x08018d82   0x08018d82   0x00000002   PAD
    0x08018d84   0x08018d84   0x00000094   Code   RO          225    .text.wk_uart5_init  lto-llvm-736de3.o
    0x08018e18   0x08018e18   0x0000009a   Code   RO          217    .text.wk_usart1_init  lto-llvm-736de3.o
    0x08018eb2   0x08018eb2   0x00000002   PAD
    0x08018eb4   0x08018eb4   0x00000096   Code   RO          219    .text.wk_usart2_init  lto-llvm-736de3.o
    0x08018f4a   0x08018f4a   0x00000002   PAD
    0x08018f4c   0x08018f4c   0x000000a6   Code   RO          221    .text.wk_usart3_init  lto-llvm-736de3.o
    0x08018ff2   0x08018ff2   0x00000002   PAD
    0x08018ff4   0x08018ff4   0x00000008   Code   RO          153    .text.work_task     lto-llvm-736de3.o
    0x08018ffc   0x08018ffc   0x00000020   Code   RO           67    i.__0printf         mc_w.l(printfa.o)
    0x0801901c   0x0801901c   0x0000000e   Code   RO          660    i.__scatterload_copy  mc_w.l(handlers.o)
    0x0801902a   0x0801902a   0x00000002   Code   RO          661    i.__scatterload_null  mc_w.l(handlers.o)
    0x0801902c   0x0801902c   0x0000000e   Code   RO          662    i.__scatterload_zeroinit  mc_w.l(handlers.o)
    0x0801903a   0x0801903a   0x00000002   PAD
    0x0801903c   0x0801903c   0x00000184   Code   RO           74    i._fp_digits        mc_w.l(printfa.o)
    0x080191c0   0x080191c0   0x000006dc   Code   RO           75    i._printf_core      mc_w.l(printfa.o)
    0x0801989c   0x0801989c   0x00000024   Code   RO           76    i._printf_post_padding  mc_w.l(printfa.o)
    0x080198c0   0x080198c0   0x0000002e   Code   RO           77    i._printf_pre_padding  mc_w.l(printfa.o)
    0x080198ee   0x080198ee   0x00000002   PAD
    0x080198f0   0x080198f0   0x00000018   Data   RO          612    .rodata.EventRecorderInfo  lto-llvm-736de3.o
    0x08019908   0x08019908   0x00000010   Data   RO          610    .rodata.cst16       lto-llvm-736de3.o
    0x08019918   0x08019918   0x00000010   Data   RO          609    .rodata.cst8        lto-llvm-736de3.o
    0x08019928   0x08019928   0x00000032   Data   RO          605    .rodata.str1.1      lto-llvm-736de3.o
    0x0801995a   0x0801995a   0x00000002   PAD
    0x0801995c   0x0801995c   0x00000020   Data   RO          659    Region$$Table       anon$$obj.o


    Execution Region RW_IRAM1 (Exec base: 0x20000000, Load base: 0x08019980, Size: 0x00001968, Max: 0x00008000, ABSOLUTE)

    Exec Addr    Load Addr    Size         Type   Attr      Idx    E Section Name        Object

    0x20000000   0x08019980   0x00000004   Data   RW           64    .data               mc_w.l(stdout.o)
    0x20000004   0x08019984   0x0000009c   Data   RW          608    .data               lto-llvm-736de3.o
    0x200000a0   0x08019a20   0x00000020   PAD
    0x200000c0        -       0x00000fc4   Zero   RW          606    .bss                lto-llvm-736de3.o
    0x20001084   0x08019a20   0x0000003c   PAD
    0x200010c0        -       0x000004a4   Zero   RW          611    .bss.noinit         lto-llvm-736de3.o
    0x20001564   0x08019a20   0x00000004   PAD
    0x20001568        -       0x00000400   Zero   RW           27    STACK               startup_at32f415.o


==============================================================================

Image component sizes


      Code (inc. data)   RO Data    RW Data    ZI Data      Debug   Object Name

     83056        340        106        156       5224     217638   lto-llvm-736de3.o
        36          8        368          0       1024        796   startup_at32f415.o

    ----------------------------------------------------------------------
     83296        348        508        156       6344     218434   Object Totals
         0          0         32          0          0          0   (incl. Generated)
       204          0          2          0         96          0   (incl. Padding)

    ----------------------------------------------------------------------

      Code (inc. data)   RO Data    RW Data    ZI Data      Debug   Library Member Name

         0          0          0          0          0          0   entry.o
         0          0          0          0          0          0   entry10a.o
         0          0          0          0          0          0   entry11a.o
         8          4          0          0          0          0   entry2.o
         4          0          0          0          0          0   entry5.o
         0          0          0          0          0          0   entry7b.o
         0          0          0          0          0          0   entry8b.o
         8          4          0          0          0          0   entry9a.o
        30          0          0          0          0          0   handlers.o
        36          8          0          0          0         68   init.o
         0          0          0          0          0          0   iusefp.o
        30          0          0          0          0         68   llshl.o
        36          0          0          0          0         68   llsshr.o
        32          0          0          0          0         68   llushr.o
        36          0          0          0          0         68   memcpya.o
        36          0          0          0          0        108   memseta.o
      2258         90          0          0          0        452   printfa.o
         0          0          0          4          0          0   stdout.o
        44          0          0          0          0         80   uidiv.o
        98          0          0          0          0         92   uldiv.o
        48          0          0          0          0         68   cdrcmple.o
       334          0          0          0          0        148   dadd.o
       222          0          0          0          0        100   ddiv.o
       186          0          0          0          0        176   depilogue.o
        62          0          0          0          0         80   dfixi.o
        50          0          0          0          0         76   dfixui.o
        48          0          0          0          0         68   dfixul.o
        34          0          0          0          0         76   dflti.o
        26          0          0          0          0         76   dfltui.o
       228          0          0          0          0         96   dmul.o
       176          0          0          0          0        140   fadd.o
        28          0          0          0          0         68   fcmpge.o
        28          0          0          0          0         68   fcmpgt.o
        28          0          0          0          0         68   fcmple.o
        28          0          0          0          0         68   fcmplt.o
       124          0          0          0          0         88   fdiv.o
       110          0          0          0          0        168   fepilogue.o
        50          0          0          0          0         68   ffixi.o
        40          0          0          0          0         68   ffixui.o
        18          0          0          0          0         68   fflti.o
        10          0          0          0          0         68   ffltui.o
       100          0          0          0          0         76   fmul.o

    ----------------------------------------------------------------------
      4640        106          0          4          0       3052   Library Totals
         6          0          0          0          0          0   (incl. Padding)

    ----------------------------------------------------------------------

      Code (inc. data)   RO Data    RW Data    ZI Data      Debug   Library Name

      2656        106          0          4          0       1072   mc_w.l
      1978          0          0          0          0       1980   mf_w.l

    ----------------------------------------------------------------------
      4640        106          0          4          0       3052   Library Totals

    ----------------------------------------------------------------------

==============================================================================


      Code (inc. data)   RO Data    RW Data    ZI Data      Debug   

     87936        454        508        160       6344     219974   Grand Totals
     87936        454        508        160       6344     219974   ELF Image Totals
     87936        454        508        160          0          0   ROM Totals

==============================================================================

    Total RO  Size (Code + RO Data)                88444 (  86.37kB)
    Total RW  Size (RW Data + ZI Data)              6504 (   6.35kB)
    Total ROM Size (Code + RO Data + RW Data)      88604 (  86.53kB)

==============================================================================

