<html>
<body>
<pre>
<h1>µVision Build Log</h1>
<h2>Tool Versions:</h2>
IDE-Version: ¦ÌVision V5.38.0.0
Copyright (C) 2022 ARM Ltd and ARM Germany GmbH. All rights reserved.
License Information: H Administrator, wz, LIC=EXJT4-FSWG5-MMD9I-TXPID-X4RU1-TLSPW
 
Tool Versions:
Toolchain:       MDK-ARM Plus  Version: 5.37.0.0
Toolchain Path:  D:\Work Program\Keil_v5\ARM\ARM_Compiler_5.06u7\Bin
C Compiler:      Armcc.exe V5.06 update 7 (build 960)
Assembler:       Armasm.exe V5.06 update 7 (build 960)
Linker/Locator:  ArmLink.exe V5.06 update 7 (build 960)
Library Manager: ArmAr.exe V5.06 update 7 (build 960)
Hex Converter:   FromElf.exe V5.06 update 7 (build 960)
CPU DLL:         SARMCM3.DLL V5.37.0.0
Dialog DLL:      DCM.DLL V1.17.5.0
Target DLL:      Segger\JL2CM3.dll V2.99.42.0
Dialog DLL:      TCM.DLL V1.56.1.0
 
<h2>Project:</h2>
D:\Work Area\Code For WorkBench\FWG1\bootloader\project\MDK_V5\AT32F415RBT7_WorkBench.uvprojx
Project File Date:  09/16/2025

<h2>Output:</h2>
*** Using Compiler 'V5.06 update 7 (build 960)', folder: 'D:\Work Program\Keil_v5\ARM\ARM_Compiler_5.06u7\Bin'
Rebuild target 'AT32F415RBT7_WorkBench'
compiling at32f415_debug.c...
compiling at32f415_wk_config.c...
compiling main.c...
compiling wk_system.c...
compiling iap.c...
compiling wk_crc.c...
compiling at32f415_crm.c...
compiling at32f415_int.c...
compiling at32f415_pwc.c...
compiling wk_debug.c...
compiling at32f415_crc.c...
compiling wk_usart.c...
compiling at32f415_misc.c...
compiling flash.c...
compiling at32f415_gpio.c...
assembling startup_at32f415.s...
compiling at32f415_flash.c...
compiling system_at32f415.c...
compiling at32f415_usart.c...
linking...
Program Size: Code=6128 RO-data=456 RW-data=24 ZI-data=4752  
FromELF: creating hex file...
".\objects\AT32F415RBT7_WorkBench.axf" - 0 Error(s), 0 Warning(s).

<h2>Software Packages used:</h2>

Package Vendor: ArteryTek
                
                ArteryTek.AT32F415_DFP.2.1.6
                ArteryTek AT32F415 Series Device Support,Drivers

<h2>Collection of Component include folders:</h2>
  C:/Users/Administrator/AppData/Local/Arm/Packs/ArteryTek/AT32F415_DFP/2.1.6/Device/Include

<h2>Collection of Component Files used:</h2>
Build Time Elapsed:  00:00:01
</pre>
</body>
</html>
