Component: Arm Compiler for Embedded 6.22 Tool: armlink [5ee90200]

==============================================================================

Section Cross References

    startup_at32f415.o(STACK) refers (Special) to heapauxi.o(.text) for __use_two_region_memory
    startup_at32f415.o(HEAP) refers (Special) to heapauxi.o(.text) for __use_two_region_memory
    startup_at32f415.o(RESET) refers (Special) to heapauxi.o(.text) for __use_two_region_memory
    startup_at32f415.o(RESET) refers to startup_at32f415.o(STACK) for __initial_sp
    startup_at32f415.o(RESET) refers to startup_at32f415.o(.text) for Reset_Handler
    startup_at32f415.o(RESET) refers to lto-llvm-bf01d3.o(.text.NMI_Handler) for NMI_Handler
    startup_at32f415.o(RESET) refers to lto-llvm-bf01d3.o(.text.HardFault_Handler) for HardFault_Handler
    startup_at32f415.o(RESET) refers to lto-llvm-bf01d3.o(.text.MemManage_Handler) for MemManage_Handler
    startup_at32f415.o(RESET) refers to lto-llvm-bf01d3.o(.text.BusFault_Handler) for BusFault_Handler
    startup_at32f415.o(RESET) refers to lto-llvm-bf01d3.o(.text.UsageFault_Handler) for UsageFault_Handler
    startup_at32f415.o(RESET) refers to lto-llvm-bf01d3.o(.text.SVC_Handler) for SVC_Handler
    startup_at32f415.o(RESET) refers to lto-llvm-bf01d3.o(.text.DebugMon_Handler) for DebugMon_Handler
    startup_at32f415.o(RESET) refers to lto-llvm-bf01d3.o(.text.PendSV_Handler) for PendSV_Handler
    startup_at32f415.o(RESET) refers to lto-llvm-bf01d3.o(.text.SysTick_Handler) for SysTick_Handler
    startup_at32f415.o(RESET) refers to lto-llvm-bf01d3.o(.text.USART1_IRQHandler) for USART1_IRQHandler
    startup_at32f415.o(.text) refers (Special) to heapauxi.o(.text) for __use_two_region_memory
    startup_at32f415.o(.text) refers to lto-llvm-bf01d3.o(.text.SystemInit) for SystemInit
    startup_at32f415.o(.text) refers to __main.o(!!!main) for __main
    startup_at32f415.o(.text) refers to startup_at32f415.o(HEAP) for Heap_Mem
    startup_at32f415.o(.text) refers to startup_at32f415.o(STACK) for Stack_Mem
    __main.o(!!!main) refers to __rtentry.o(.ARM.Collect$$rtentry$$00000000) for __rt_entry
    __rtentry.o(.ARM.Collect$$rtentry$$00000000) refers (Special) to __rtentry2.o(.ARM.Collect$$rtentry$$0000000A) for __rt_entry_li
    __rtentry.o(.ARM.Collect$$rtentry$$00000000) refers (Special) to __rtentry2.o(.ARM.Collect$$rtentry$$0000000D) for __rt_entry_main
    __rtentry.o(.ARM.Collect$$rtentry$$00000000) refers (Special) to __rtentry2.o(.ARM.Collect$$rtentry$$0000000C) for __rt_entry_postli_1
    __rtentry.o(.ARM.Collect$$rtentry$$00000000) refers (Special) to __rtentry2.o(.ARM.Collect$$rtentry$$00000009) for __rt_entry_postsh_1
    __rtentry.o(.ARM.Collect$$rtentry$$00000000) refers (Special) to __rtentry2.o(.ARM.Collect$$rtentry$$00000002) for __rt_entry_presh_1
    __rtentry.o(.ARM.Collect$$rtentry$$00000000) refers (Special) to __rtentry4.o(.ARM.Collect$$rtentry$$00000004) for __rt_entry_sh
    __rtentry2.o(.ARM.Collect$$rtentry$$00000008) refers to boardinit2.o(.text) for _platform_post_stackheap_init
    __rtentry2.o(.ARM.Collect$$rtentry$$0000000A) refers to libinit.o(.ARM.Collect$$libinit$$00000000) for __rt_lib_init
    __rtentry2.o(.ARM.Collect$$rtentry$$0000000B) refers to boardinit3.o(.text) for _platform_post_lib_init
    __rtentry2.o(.ARM.Collect$$rtentry$$0000000D) refers to lto-llvm-bf01d3.o(.text.main) for main
    __rtentry2.o(.ARM.Collect$$rtentry$$0000000D) refers to exit.o(.text) for exit
    __rtentry2.o(.ARM.exidx) refers to __rtentry2.o(.ARM.Collect$$rtentry$$00000001) for .ARM.Collect$$rtentry$$00000001
    __rtentry2.o(.ARM.exidx) refers to __rtentry2.o(.ARM.Collect$$rtentry$$00000008) for .ARM.Collect$$rtentry$$00000008
    __rtentry2.o(.ARM.exidx) refers to __rtentry2.o(.ARM.Collect$$rtentry$$0000000A) for .ARM.Collect$$rtentry$$0000000A
    __rtentry2.o(.ARM.exidx) refers to __rtentry2.o(.ARM.Collect$$rtentry$$0000000B) for .ARM.Collect$$rtentry$$0000000B
    __rtentry2.o(.ARM.exidx) refers to __rtentry2.o(.ARM.Collect$$rtentry$$0000000D) for .ARM.Collect$$rtentry$$0000000D
    __rtentry4.o(.ARM.Collect$$rtentry$$00000004) refers to sys_stackheap_outer.o(.text) for __user_setup_stackheap
    __rtentry4.o(.ARM.exidx) refers to __rtentry4.o(.ARM.Collect$$rtentry$$00000004) for .ARM.Collect$$rtentry$$00000004
    sys_stackheap_outer.o(.text) refers to libspace.o(.text) for __user_perproc_libspace
    sys_stackheap_outer.o(.text) refers to startup_at32f415.o(.text) for __user_initial_stackheap
    exit.o(.text) refers to rtexit.o(.ARM.Collect$$rtexit$$00000000) for __rt_exit
    libinit.o(.ARM.Collect$$libinit$$00000000) refers (Special) to libinit2.o(.ARM.Collect$$libinit$$00000030) for __rt_lib_init_alloca_1
    libinit.o(.ARM.Collect$$libinit$$00000000) refers (Special) to libinit2.o(.ARM.Collect$$libinit$$0000002E) for __rt_lib_init_argv_1
[...]
    lto-llvm-bf01d3.o(.ARM.exidx.text.crc_data_reset) refers to lto-llvm-bf01d3.o(.text.crc_data_reset) for [Anonymous Symbol]
    lto-llvm-bf01d3.o(.text.crc_block_calculate) refers to lto-llvm-bf01d3.o(.bss.usart1_crc_buff) for usart1_crc_buff
    lto-llvm-bf01d3.o(.ARM.exidx.text.crc_block_calculate) refers to lto-llvm-bf01d3.o(.text.crc_block_calculate) for [Anonymous Symbol]
    lto-llvm-bf01d3.o(.ARM.exidx.text.crc_init_data_set) refers to lto-llvm-bf01d3.o(.text.crc_init_data_set) for [Anonymous Symbol]
    lto-llvm-bf01d3.o(.ARM.exidx.text.crc_reverse_input_data_set) refers to lto-llvm-bf01d3.o(.text.crc_reverse_input_data_set) for [Anonymous Symbol]
    lto-llvm-bf01d3.o(.ARM.exidx.text.crc_reverse_output_data_set) refers to lto-llvm-bf01d3.o(.text.crc_reverse_output_data_set) for [Anonymous Symbol]
    lto-llvm-bf01d3.o(.ARM.exidx.text.crc_poly_value_set) refers to lto-llvm-bf01d3.o(.text.crc_poly_value_set) for [Anonymous Symbol]
    lto-llvm-bf01d3.o(.ARM.exidx.text.crc_poly_size_set) refers to lto-llvm-bf01d3.o(.text.crc_poly_size_set) for [Anonymous Symbol]
    lto-llvm-bf01d3.o(.ARM.exidx.text.crm_reset) refers to lto-llvm-bf01d3.o(.text.crm_reset) for [Anonymous Symbol]
    lto-llvm-bf01d3.o(.ARM.exidx.text.crm_flag_get) refers to lto-llvm-bf01d3.o(.text.crm_flag_get) for [Anonymous Symbol]
    lto-llvm-bf01d3.o(.text.crm_hext_stable_wait) refers to lto-llvm-bf01d3.o(.text.crm_flag_get) for crm_flag_get
    lto-llvm-bf01d3.o(.ARM.exidx.text.crm_hext_stable_wait) refers to lto-llvm-bf01d3.o(.text.crm_hext_stable_wait) for [Anonymous Symbol]
    lto-llvm-bf01d3.o(.ARM.exidx.text.crm_periph_clock_enable) refers to lto-llvm-bf01d3.o(.text.crm_periph_clock_enable) for [Anonymous Symbol]
    lto-llvm-bf01d3.o(.ARM.exidx.text.crm_clock_source_enable) refers to lto-llvm-bf01d3.o(.text.crm_clock_source_enable) for [Anonymous Symbol]
    lto-llvm-bf01d3.o(.ARM.exidx.text.crm_ahb_div_set) refers to lto-llvm-bf01d3.o(.text.crm_ahb_div_set) for [Anonymous Symbol]
    lto-llvm-bf01d3.o(.ARM.exidx.text.crm_apb1_div_set) refers to lto-llvm-bf01d3.o(.text.crm_apb1_div_set) for [Anonymous Symbol]
    lto-llvm-bf01d3.o(.ARM.exidx.text.crm_apb2_div_set) refers to lto-llvm-bf01d3.o(.text.crm_apb2_div_set) for [Anonymous Symbol]
    lto-llvm-bf01d3.o(.ARM.exidx.text.crm_pll_config) refers to lto-llvm-bf01d3.o(.text.crm_pll_config) for [Anonymous Symbol]
    lto-llvm-bf01d3.o(.ARM.exidx.text.crm_sysclk_switch) refers to lto-llvm-bf01d3.o(.text.crm_sysclk_switch) for [Anonymous Symbol]
    lto-llvm-bf01d3.o(.ARM.exidx.text.crm_sysclk_switch_status_get) refers to lto-llvm-bf01d3.o(.text.crm_sysclk_switch_status_get) for [Anonymous Symbol]
    lto-llvm-bf01d3.o(.text.crm_clocks_freq_get) refers to lto-llvm-bf01d3.o(.text.crm_sysclk_switch_status_get) for crm_sysclk_switch_status_get
    lto-llvm-bf01d3.o(.text.crm_clocks_freq_get) refers to lludivv7m.o(.text) for __aeabi_uldivmod
    lto-llvm-bf01d3.o(.text.crm_clocks_freq_get) refers to lto-llvm-bf01d3.o(.rodata.cst16) for system_core_clock_update.sys_ahb_div_table
    lto-llvm-bf01d3.o(.text.crm_clocks_freq_get) refers to lto-llvm-bf01d3.o(.rodata.cst8) for crm_clocks_freq_get.ahb_apb2_div_table
    lto-llvm-bf01d3.o(.ARM.exidx.text.crm_clocks_freq_get) refers to lto-llvm-bf01d3.o(.text.crm_clocks_freq_get) for [Anonymous Symbol]
    lto-llvm-bf01d3.o(.ARM.exidx.text.crm_auto_step_mode_enable) refers to lto-llvm-bf01d3.o(.text.crm_auto_step_mode_enable) for [Anonymous Symbol]
    lto-llvm-bf01d3.o(.ARM.exidx.text.flash_operation_status_get) refers to lto-llvm-bf01d3.o(.text.flash_operation_status_get) for [Anonymous Symbol]
    lto-llvm-bf01d3.o(.text.flash_operation_wait_for) refers to lto-llvm-bf01d3.o(.text.flash_operation_status_get) for flash_operation_status_get
    lto-llvm-bf01d3.o(.ARM.exidx.text.flash_operation_wait_for) refers to lto-llvm-bf01d3.o(.text.flash_operation_wait_for) for [Anonymous Symbol]
    lto-llvm-bf01d3.o(.ARM.exidx.text.flash_unlock) refers to lto-llvm-bf01d3.o(.text.flash_unlock) for [Anonymous Symbol]
    lto-llvm-bf01d3.o(.ARM.exidx.text.flash_lock) refers to lto-llvm-bf01d3.o(.text.flash_lock) for [Anonymous Symbol]
    lto-llvm-bf01d3.o(.text.flash_sector_erase) refers to lto-llvm-bf01d3.o(.text.flash_operation_wait_for) for flash_operation_wait_for
    lto-llvm-bf01d3.o(.ARM.exidx.text.flash_sector_erase) refers to lto-llvm-bf01d3.o(.text.flash_sector_erase) for [Anonymous Symbol]
    lto-llvm-bf01d3.o(.text.flash_halfword_program) refers to lto-llvm-bf01d3.o(.text.flash_operation_wait_for) for flash_operation_wait_for
    lto-llvm-bf01d3.o(.ARM.exidx.text.flash_halfword_program) refers to lto-llvm-bf01d3.o(.text.flash_halfword_program) for [Anonymous Symbol]
    lto-llvm-bf01d3.o(.ARM.exidx.text.gpio_init) refers to lto-llvm-bf01d3.o(.text.gpio_init) for [Anonymous Symbol]
    lto-llvm-bf01d3.o(.ARM.exidx.text.gpio_default_para_init) refers to lto-llvm-bf01d3.o(.text.gpio_default_para_init) for [Anonymous Symbol]
    lto-llvm-bf01d3.o(.ARM.exidx.text.gpio_pin_remap_config) refers to lto-llvm-bf01d3.o(.text.gpio_pin_remap_config) for [Anonymous Symbol]
    lto-llvm-bf01d3.o(.text.nvic_irq_enable) refers to lto-llvm-bf01d3.o(.text.__NVIC_GetPriorityGrouping.83) for __NVIC_GetPriorityGrouping.83
    lto-llvm-bf01d3.o(.text.nvic_irq_enable) refers to lto-llvm-bf01d3.o(.text.NVIC_EncodePriority.84) for NVIC_EncodePriority.84
    lto-llvm-bf01d3.o(.text.nvic_irq_enable) refers to lto-llvm-bf01d3.o(.text.__NVIC_SetPriority.85) for __NVIC_SetPriority.85
    lto-llvm-bf01d3.o(.text.nvic_irq_enable) refers to lto-llvm-bf01d3.o(.text.__NVIC_EnableIRQ) for __NVIC_EnableIRQ
    lto-llvm-bf01d3.o(.ARM.exidx.text.nvic_irq_enable) refers to lto-llvm-bf01d3.o(.text.nvic_irq_enable) for [Anonymous Symbol]
    lto-llvm-bf01d3.o(.ARM.exidx.text.__NVIC_GetPriorityGrouping.83) refers to lto-llvm-bf01d3.o(.text.__NVIC_GetPriorityGrouping.83) for [Anonymous Symbol]
    lto-llvm-bf01d3.o(.ARM.exidx.text.NVIC_EncodePriority.84) refers to lto-llvm-bf01d3.o(.text.NVIC_EncodePriority.84) for [Anonymous Symbol]
    lto-llvm-bf01d3.o(.ARM.exidx.text.__NVIC_SetPriority.85) refers to lto-llvm-bf01d3.o(.text.__NVIC_SetPriority.85) for [Anonymous Symbol]
    lto-llvm-bf01d3.o(.ARM.exidx.text.__NVIC_EnableIRQ) refers to lto-llvm-bf01d3.o(.text.__NVIC_EnableIRQ) for [Anonymous Symbol]
    lto-llvm-bf01d3.o(.text.nvic_irq_disable) refers to lto-llvm-bf01d3.o(.text.__NVIC_DisableIRQ) for __NVIC_DisableIRQ
    lto-llvm-bf01d3.o(.ARM.exidx.text.nvic_irq_disable) refers to lto-llvm-bf01d3.o(.text.nvic_irq_disable) for [Anonymous Symbol]
    lto-llvm-bf01d3.o(.ARM.exidx.text.__NVIC_DisableIRQ) refers to lto-llvm-bf01d3.o(.text.__NVIC_DisableIRQ) for [Anonymous Symbol]
    lto-llvm-bf01d3.o(.text.nvic_priority_group_config) refers to lto-llvm-bf01d3.o(.text.__NVIC_SetPriorityGrouping) for __NVIC_SetPriorityGrouping
    lto-llvm-bf01d3.o(.ARM.exidx.text.nvic_priority_group_config) refers to lto-llvm-bf01d3.o(.text.nvic_priority_group_config) for [Anonymous Symbol]
    lto-llvm-bf01d3.o(.ARM.exidx.text.__NVIC_SetPriorityGrouping) refers to lto-llvm-bf01d3.o(.text.__NVIC_SetPriorityGrouping) for [Anonymous Symbol]
    lto-llvm-bf01d3.o(.ARM.exidx.text.systick_clock_source_config) refers to lto-llvm-bf01d3.o(.text.systick_clock_source_config) for [Anonymous Symbol]
    lto-llvm-bf01d3.o(.text.usart_init) refers to lto-llvm-bf01d3.o(.text.crm_clocks_freq_get) for crm_clocks_freq_get
    lto-llvm-bf01d3.o(.ARM.exidx.text.usart_init) refers to lto-llvm-bf01d3.o(.text.usart_init) for [Anonymous Symbol]
    lto-llvm-bf01d3.o(.ARM.exidx.text.usart_parity_selection_config) refers to lto-llvm-bf01d3.o(.text.usart_parity_selection_config) for [Anonymous Symbol]
    lto-llvm-bf01d3.o(.ARM.exidx.text.usart_enable) refers to lto-llvm-bf01d3.o(.text.usart_enable) for [Anonymous Symbol]
    lto-llvm-bf01d3.o(.ARM.exidx.text.usart_transmitter_enable) refers to lto-llvm-bf01d3.o(.text.usart_transmitter_enable) for [Anonymous Symbol]
    lto-llvm-bf01d3.o(.ARM.exidx.text.usart_receiver_enable) refers to lto-llvm-bf01d3.o(.text.usart_receiver_enable) for [Anonymous Symbol]
    lto-llvm-bf01d3.o(.ARM.exidx.text.usart_interrupt_enable) refers to lto-llvm-bf01d3.o(.text.usart_interrupt_enable) for [Anonymous Symbol]
    lto-llvm-bf01d3.o(.ARM.exidx.text.usart_data_transmit) refers to lto-llvm-bf01d3.o(.text.usart_data_transmit) for [Anonymous Symbol]
    lto-llvm-bf01d3.o(.ARM.exidx.text.usart_data_receive) refers to lto-llvm-bf01d3.o(.text.usart_data_receive) for [Anonymous Symbol]
    lto-llvm-bf01d3.o(.ARM.exidx.text.usart_hardware_flow_control_set) refers to lto-llvm-bf01d3.o(.text.usart_hardware_flow_control_set) for [Anonymous Symbol]
    lto-llvm-bf01d3.o(.ARM.exidx.text.usart_flag_get) refers to lto-llvm-bf01d3.o(.text.usart_flag_get) for [Anonymous Symbol]
    lto-llvm-bf01d3.o(.ARM.exidx.text.usart_interrupt_flag_get) refers to lto-llvm-bf01d3.o(.text.usart_interrupt_flag_get) for [Anonymous Symbol]
    lto-llvm-bf01d3.o(.ARM.exidx.text.SystemInit) refers to lto-llvm-bf01d3.o(.text.SystemInit) for [Anonymous Symbol]
    lto-llvm-bf01d3.o(.text.system_core_clock_update) refers to lto-llvm-bf01d3.o(.text.crm_sysclk_switch_status_get) for crm_sysclk_switch_status_get
    lto-llvm-bf01d3.o(.text.system_core_clock_update) refers to lto-llvm-bf01d3.o(.data.system_core_clock) for system_core_clock
    lto-llvm-bf01d3.o(.text.system_core_clock_update) refers to lludivv7m.o(.text) for __aeabi_uldivmod
    lto-llvm-bf01d3.o(.text.system_core_clock_update) refers to lto-llvm-bf01d3.o(.rodata.cst16) for system_core_clock_update.sys_ahb_div_table
    lto-llvm-bf01d3.o(.ARM.exidx.text.system_core_clock_update) refers to lto-llvm-bf01d3.o(.text.system_core_clock_update) for [Anonymous Symbol]
    aeabi_ldiv0_sigfpe.o(.text) refers to rt_div0.o(.text) for __rt_div0
    rt_div0.o(.text) refers to defsig_fpe_outer.o(.text) for __rt_SIGFPE
    defsig_fpe_outer.o(.text) refers to defsig_fpe_inner.o(.text) for __rt_SIGFPE_inner
    defsig_fpe_outer.o(.text) refers to defsig_exit.o(.text) for __sig_exit
    defsig_fpe_formal.o(.text) refers to rt_raise.o(.text) for __rt_raise


==============================================================================

Removing Unused input sections from the image.

    Removing lto-llvm-bf01d3.o(.text), (0 bytes).
    Removing lto-llvm-bf01d3.o(.ARM.exidx.text.main), (8 bytes).
    Removing lto-llvm-bf01d3.o(.ARM.exidx.text.wk_system_clock_config), (8 bytes).
    Removing lto-llvm-bf01d3.o(.ARM.exidx.text.wk_periph_clock_config), (8 bytes).
    Removing lto-llvm-bf01d3.o(.ARM.exidx.text.wk_nvic_config), (8 bytes).
    Removing lto-llvm-bf01d3.o(.ARM.exidx.text.__NVIC_GetPriorityGrouping), (8 bytes).
    Removing lto-llvm-bf01d3.o(.ARM.exidx.text.NVIC_EncodePriority), (8 bytes).
    Removing lto-llvm-bf01d3.o(.ARM.exidx.text.__NVIC_SetPriority), (8 bytes).
    Removing lto-llvm-bf01d3.o(.ARM.exidx.text.NMI_Handler), (8 bytes).
    Removing lto-llvm-bf01d3.o(.ARM.exidx.text.HardFault_Handler), (8 bytes).
    Removing lto-llvm-bf01d3.o(.ARM.exidx.text.MemManage_Handler), (8 bytes).
    Removing lto-llvm-bf01d3.o(.ARM.exidx.text.BusFault_Handler), (8 bytes).
    Removing lto-llvm-bf01d3.o(.ARM.exidx.text.UsageFault_Handler), (8 bytes).
    Removing lto-llvm-bf01d3.o(.ARM.exidx.text.SVC_Handler), (8 bytes).
    Removing lto-llvm-bf01d3.o(.ARM.exidx.text.DebugMon_Handler), (8 bytes).
    Removing lto-llvm-bf01d3.o(.ARM.exidx.text.PendSV_Handler), (8 bytes).
    Removing lto-llvm-bf01d3.o(.ARM.exidx.text.SysTick_Handler), (8 bytes).
    Removing lto-llvm-bf01d3.o(.ARM.exidx.text.USART1_IRQHandler), (8 bytes).
    Removing lto-llvm-bf01d3.o(.ARM.exidx.text.convert_data), (8 bytes).
    Removing lto-llvm-bf01d3.o(.ARM.exidx.text.usart1_connet_pc), (8 bytes).
    Removing lto-llvm-bf01d3.o(.ARM.exidx.text.usart1_send_ok), (8 bytes).
    Removing lto-llvm-bf01d3.o(.ARM.exidx.text.copy_uint8_array), (8 bytes).
    Removing lto-llvm-bf01d3.o(.ARM.exidx.text.usart1_send_error), (8 bytes).
    Removing lto-llvm-bf01d3.o(.ARM.exidx.text.wk_timebase_increase), (8 bytes).
    Removing lto-llvm-bf01d3.o(.ARM.exidx.text.wk_timebase_init), (8 bytes).
    Removing lto-llvm-bf01d3.o(.ARM.exidx.text.wk_timebase_handler), (8 bytes).
    Removing lto-llvm-bf01d3.o(.ARM.exidx.text.wk_crc_init), (8 bytes).
    Removing lto-llvm-bf01d3.o(.ARM.exidx.text.wk_debug_config), (8 bytes).
    Removing lto-llvm-bf01d3.o(.ARM.exidx.text.wk_usart1_init), (8 bytes).
    Removing lto-llvm-bf01d3.o(.ARM.exidx.text.app_load), (8 bytes).
    Removing lto-llvm-bf01d3.o(.ARM.exidx.text.__NVIC_ClearPendingIRQ), (8 bytes).
    Removing lto-llvm-bf01d3.o(.ARM.exidx.text.flash_2kb_write), (8 bytes).
    Removing lto-llvm-bf01d3.o(.ARM.exidx.text.flash_upgrade_flag_read), (8 bytes).
    Removing lto-llvm-bf01d3.o(.ARM.exidx.text.crc_data_reset), (8 bytes).
    Removing lto-llvm-bf01d3.o(.ARM.exidx.text.crc_block_calculate), (8 bytes).
    Removing lto-llvm-bf01d3.o(.ARM.exidx.text.crc_init_data_set), (8 bytes).
    Removing lto-llvm-bf01d3.o(.ARM.exidx.text.crc_reverse_input_data_set), (8 bytes).
    Removing lto-llvm-bf01d3.o(.ARM.exidx.text.crc_reverse_output_data_set), (8 bytes).
    Removing lto-llvm-bf01d3.o(.ARM.exidx.text.crc_poly_value_set), (8 bytes).
    Removing lto-llvm-bf01d3.o(.ARM.exidx.text.crc_poly_size_set), (8 bytes).
    Removing lto-llvm-bf01d3.o(.ARM.exidx.text.crm_reset), (8 bytes).
    Removing lto-llvm-bf01d3.o(.ARM.exidx.text.crm_flag_get), (8 bytes).
    Removing lto-llvm-bf01d3.o(.ARM.exidx.text.crm_hext_stable_wait), (8 bytes).
    Removing lto-llvm-bf01d3.o(.ARM.exidx.text.crm_periph_clock_enable), (8 bytes).
    Removing lto-llvm-bf01d3.o(.ARM.exidx.text.crm_clock_source_enable), (8 bytes).
    Removing lto-llvm-bf01d3.o(.ARM.exidx.text.crm_ahb_div_set), (8 bytes).
    Removing lto-llvm-bf01d3.o(.ARM.exidx.text.crm_apb1_div_set), (8 bytes).
    Removing lto-llvm-bf01d3.o(.ARM.exidx.text.crm_apb2_div_set), (8 bytes).
    Removing lto-llvm-bf01d3.o(.ARM.exidx.text.crm_pll_config), (8 bytes).
    Removing lto-llvm-bf01d3.o(.ARM.exidx.text.crm_sysclk_switch), (8 bytes).
    Removing lto-llvm-bf01d3.o(.ARM.exidx.text.crm_sysclk_switch_status_get), (8 bytes).
    Removing lto-llvm-bf01d3.o(.ARM.exidx.text.crm_clocks_freq_get), (8 bytes).
    Removing lto-llvm-bf01d3.o(.ARM.exidx.text.crm_auto_step_mode_enable), (8 bytes).
    Removing lto-llvm-bf01d3.o(.ARM.exidx.text.flash_operation_status_get), (8 bytes).
    Removing lto-llvm-bf01d3.o(.ARM.exidx.text.flash_operation_wait_for), (8 bytes).
    Removing lto-llvm-bf01d3.o(.ARM.exidx.text.flash_unlock), (8 bytes).
    Removing lto-llvm-bf01d3.o(.ARM.exidx.text.flash_lock), (8 bytes).
    Removing lto-llvm-bf01d3.o(.ARM.exidx.text.flash_sector_erase), (8 bytes).
    Removing lto-llvm-bf01d3.o(.ARM.exidx.text.flash_halfword_program), (8 bytes).
    Removing lto-llvm-bf01d3.o(.ARM.exidx.text.gpio_init), (8 bytes).
    Removing lto-llvm-bf01d3.o(.ARM.exidx.text.gpio_default_para_init), (8 bytes).
    Removing lto-llvm-bf01d3.o(.ARM.exidx.text.gpio_pin_remap_config), (8 bytes).
    Removing lto-llvm-bf01d3.o(.ARM.exidx.text.nvic_irq_enable), (8 bytes).
    Removing lto-llvm-bf01d3.o(.ARM.exidx.text.__NVIC_GetPriorityGrouping.83), (8 bytes).
    Removing lto-llvm-bf01d3.o(.ARM.exidx.text.NVIC_EncodePriority.84), (8 bytes).
    Removing lto-llvm-bf01d3.o(.ARM.exidx.text.__NVIC_SetPriority.85), (8 bytes).
    Removing lto-llvm-bf01d3.o(.ARM.exidx.text.__NVIC_EnableIRQ), (8 bytes).
    Removing lto-llvm-bf01d3.o(.ARM.exidx.text.nvic_irq_disable), (8 bytes).
    Removing lto-llvm-bf01d3.o(.ARM.exidx.text.__NVIC_DisableIRQ), (8 bytes).
    Removing lto-llvm-bf01d3.o(.ARM.exidx.text.nvic_priority_group_config), (8 bytes).
    Removing lto-llvm-bf01d3.o(.ARM.exidx.text.__NVIC_SetPriorityGrouping), (8 bytes).
    Removing lto-llvm-bf01d3.o(.ARM.exidx.text.systick_clock_source_config), (8 bytes).
    Removing lto-llvm-bf01d3.o(.ARM.exidx.text.usart_init), (8 bytes).
    Removing lto-llvm-bf01d3.o(.ARM.exidx.text.usart_parity_selection_config), (8 bytes).
    Removing lto-llvm-bf01d3.o(.ARM.exidx.text.usart_enable), (8 bytes).
    Removing lto-llvm-bf01d3.o(.ARM.exidx.text.usart_transmitter_enable), (8 bytes).
    Removing lto-llvm-bf01d3.o(.ARM.exidx.text.usart_receiver_enable), (8 bytes).
    Removing lto-llvm-bf01d3.o(.ARM.exidx.text.usart_interrupt_enable), (8 bytes).
    Removing lto-llvm-bf01d3.o(.ARM.exidx.text.usart_data_transmit), (8 bytes).
    Removing lto-llvm-bf01d3.o(.ARM.exidx.text.usart_data_receive), (8 bytes).
    Removing lto-llvm-bf01d3.o(.ARM.exidx.text.usart_hardware_flow_control_set), (8 bytes).
    Removing lto-llvm-bf01d3.o(.ARM.exidx.text.usart_flag_get), (8 bytes).
    Removing lto-llvm-bf01d3.o(.ARM.exidx.text.usart_interrupt_flag_get), (8 bytes).
    Removing lto-llvm-bf01d3.o(.ARM.exidx.text.SystemInit), (8 bytes).
    Removing lto-llvm-bf01d3.o(.ARM.exidx.text.system_core_clock_update), (8 bytes).
    Removing lto-llvm-bf01d3.o(.ARM.use_no_argv), (4 bytes).

86 unused section(s) (total 676 bytes) removed from the image.

==============================================================================

Image Symbol Table

    Local Symbols

    Symbol Name                              Value     Ov Type        Size  Object(Section)

    ../clib/angel/boardlib.s                 0x00000000   Number         0  boardinit1.o ABSOLUTE
    ../clib/angel/boardlib.s                 0x00000000   Number         0  boardinit2.o ABSOLUTE
    ../clib/angel/boardlib.s                 0x00000000   Number         0  boardinit3.o ABSOLUTE
    ../clib/angel/boardlib.s                 0x00000000   Number         0  boardshut.o ABSOLUTE
    ../clib/angel/handlers.s                 0x00000000   Number         0  __scatter_copy.o ABSOLUTE
    ../clib/angel/handlers.s                 0x00000000   Number         0  __scatter_zi.o ABSOLUTE
    ../clib/angel/kernel.s                   0x00000000   Number         0  __rtentry.o ABSOLUTE
    ../clib/angel/kernel.s                   0x00000000   Number         0  __rtentry2.o ABSOLUTE
    ../clib/angel/kernel.s                   0x00000000   Number         0  __rtentry4.o ABSOLUTE
    ../clib/angel/kernel.s                   0x00000000   Number         0  rtexit.o ABSOLUTE
    ../clib/angel/kernel.s                   0x00000000   Number         0  rtexit2.o ABSOLUTE
    ../clib/angel/rt.s                       0x00000000   Number         0  rt_raise.o ABSOLUTE
    ../clib/angel/rt.s                       0x00000000   Number         0  aeabi_ldiv0.o ABSOLUTE
    ../clib/angel/rt.s                       0x00000000   Number         0  aeabi_ldiv0_sigfpe.o ABSOLUTE
    ../clib/angel/rt.s                       0x00000000   Number         0  rt_div0.o ABSOLUTE
    ../clib/angel/scatter.s                  0x00000000   Number         0  __scatter.o ABSOLUTE
    ../clib/angel/startup.s                  0x00000000   Number         0  __main.o ABSOLUTE
    ../clib/angel/sys.s                      0x00000000   Number         0  sys_stackheap_outer.o ABSOLUTE
    ../clib/angel/sys.s                      0x00000000   Number         0  libspace.o ABSOLUTE
    ../clib/angel/sys.s                      0x00000000   Number         0  use_no_semi.o ABSOLUTE
    ../clib/angel/sys.s                      0x00000000   Number         0  indicate_semi.o ABSOLUTE
    ../clib/angel/sysapp.c                   0x00000000   Number         0  sys_exit.o ABSOLUTE
    ../clib/angel/sysapp.c                   0x00000000   Number         0  sys_exit_hlt.o ABSOLUTE
    ../clib/angel/sysapp.c                   0x00000000   Number         0  sys_command.o ABSOLUTE
    ../clib/angel/sysapp.c                   0x00000000   Number         0  sys_command_hlt.o ABSOLUTE
    ../clib/angel/sysapp.c                   0x00000000   Number         0  sys_wrch.o ABSOLUTE
    ../clib/angel/sysapp.c                   0x00000000   Number         0  sys_wrch_hlt.o ABSOLUTE
    ../clib/armsys.c                         0x00000000   Number         0  argv_veneer.o ABSOLUTE
    ../clib/armsys.c                         0x00000000   Number         0  argv_veneer.o ABSOLUTE
    ../clib/armsys.c                         0x00000000   Number         0  _get_argv_nomalloc.o ABSOLUTE
    ../clib/armsys.c                         0x00000000   Number         0  no_argv.o ABSOLUTE
    ../clib/heapalloc.c                      0x00000000   Number         0  hrguard.o ABSOLUTE
    ../clib/heapaux.c                        0x00000000   Number         0  heapauxi.o ABSOLUTE
    ../clib/libinit.s                        0x00000000   Number         0  libinit.o ABSOLUTE
    ../clib/libinit.s                        0x00000000   Number         0  libinit2.o ABSOLUTE
    ../clib/libinit.s                        0x00000000   Number         0  libshutdown.o ABSOLUTE
    ../clib/libinit.s                        0x00000000   Number         0  libshutdown2.o ABSOLUTE
    ../clib/longlong.s                       0x00000000   Number         0  lludivv7m.o ABSOLUTE
    ../clib/signal.c                         0x00000000   Number         0  defsig_rtmem_outer.o ABSOLUTE
    ../clib/signal.c                         0x00000000   Number         0  defsig_rtmem_formal.o ABSOLUTE
    ../clib/signal.c                         0x00000000   Number         0  defsig_exit.o ABSOLUTE
    ../clib/signal.c                         0x00000000   Number         0  defsig_rtmem_inner.o ABSOLUTE
    ../clib/signal.c                         0x00000000   Number         0  __raise.o ABSOLUTE
    ../clib/signal.c                         0x00000000   Number         0  defsig_general.o ABSOLUTE
    ../clib/signal.c                         0x00000000   Number         0  defsig_abrt_inner.o ABSOLUTE
    ../clib/signal.c                         0x00000000   Number         0  defsig_fpe_inner.o ABSOLUTE
    ../clib/signal.c                         0x00000000   Number         0  defsig_rtred_inner.o ABSOLUTE
    ../clib/signal.c                         0x00000000   Number         0  defsig_stak_inner.o ABSOLUTE
    ../clib/signal.c                         0x00000000   Number         0  defsig_pvfn_inner.o ABSOLUTE
    ../clib/signal.c                         0x00000000   Number         0  defsig_cppl_inner.o ABSOLUTE
    ../clib/signal.c                         0x00000000   Number         0  defsig_segv_inner.o ABSOLUTE
    ../clib/signal.c                         0x00000000   Number         0  defsig_other.o ABSOLUTE
    ../clib/signal.c                         0x00000000   Number         0  defsig_fpe_outer.o ABSOLUTE
    ../clib/signal.c                         0x00000000   Number         0  defsig_fpe_formal.o ABSOLUTE
    ../clib/signal.s                         0x00000000   Number         0  defsig.o ABSOLUTE
    ../clib/stdlib.c                         0x00000000   Number         0  exit.o ABSOLUTE
    ../fplib/fpinit.s                        0x00000000   Number         0  fpinit.o ABSOLUTE
    ../fplib/fpinit_empty.s                  0x00000000   Number         0  fpinit_empty.o ABSOLUTE
    dc.s                                     0x00000000   Number         0  dc.o ABSOLUTE
    ld-temp.o                                0x00000000   Number         0  lto-llvm-bf01d3.o ABSOLUTE
    startup_at32f415.s                       0x00000000   Number         0  startup_at32f415.o ABSOLUTE
    RESET                                    0x08000000   Section      368  startup_at32f415.o(RESET)
    !!!main                                  0x08000170   Section        8  __main.o(!!!main)
    !!!scatter                               0x08000178   Section       92  __scatter.o(!!!scatter)
    !!handler_copy                           0x080001d4   Section       26  __scatter_copy.o(!!handler_copy)
    !!handler_null                           0x080001f0   Section        2  __scatter.o(!!handler_null)
    !!handler_zi                             0x080001f4   Section       28  __scatter_zi.o(!!handler_zi)
    .ARM.Collect$$libinit$$00000000          0x08000210   Section        2  libinit.o(.ARM.Collect$$libinit$$00000000)
    .ARM.Collect$$libinit$$00000002          0x08000212   Section        0  libinit2.o(.ARM.Collect$$libinit$$00000002)
    .ARM.Collect$$libinit$$00000004          0x08000212   Section        0  libinit2.o(.ARM.Collect$$libinit$$00000004)
    .ARM.Collect$$libinit$$00000006          0x08000212   Section        0  libinit2.o(.ARM.Collect$$libinit$$00000006)
    .ARM.Collect$$libinit$$0000000C          0x08000212   Section        0  libinit2.o(.ARM.Collect$$libinit$$0000000C)
    .ARM.Collect$$libinit$$0000000E          0x08000212   Section        0  libinit2.o(.ARM.Collect$$libinit$$0000000E)
    .ARM.Collect$$libinit$$00000010          0x08000212   Section        0  libinit2.o(.ARM.Collect$$libinit$$00000010)
    .ARM.Collect$$libinit$$00000013          0x08000212   Section        0  libinit2.o(.ARM.Collect$$libinit$$00000013)
    .ARM.Collect$$libinit$$00000015          0x08000212   Section        0  libinit2.o(.ARM.Collect$$libinit$$00000015)
    .ARM.Collect$$libinit$$00000017          0x08000212   Section        0  libinit2.o(.ARM.Collect$$libinit$$00000017)
    .ARM.Collect$$libinit$$00000019          0x08000212   Section        0  libinit2.o(.ARM.Collect$$libinit$$00000019)
    .ARM.Collect$$libinit$$0000001B          0x08000212   Section        0  libinit2.o(.ARM.Collect$$libinit$$0000001B)
    .ARM.Collect$$libinit$$0000001D          0x08000212   Section        0  libinit2.o(.ARM.Collect$$libinit$$0000001D)
    .ARM.Collect$$libinit$$0000001F          0x08000212   Section        0  libinit2.o(.ARM.Collect$$libinit$$0000001F)
    .ARM.Collect$$libinit$$00000021          0x08000212   Section        0  libinit2.o(.ARM.Collect$$libinit$$00000021)
    .ARM.Collect$$libinit$$00000023          0x08000212   Section        0  libinit2.o(.ARM.Collect$$libinit$$00000023)
    .ARM.Collect$$libinit$$00000025          0x08000212   Section        0  libinit2.o(.ARM.Collect$$libinit$$00000025)
    .ARM.Collect$$libinit$$00000027          0x08000212   Section        0  libinit2.o(.ARM.Collect$$libinit$$00000027)
    .ARM.Collect$$libinit$$0000002E          0x08000212   Section        0  libinit2.o(.ARM.Collect$$libinit$$0000002E)
    .ARM.Collect$$libinit$$00000030          0x08000212   Section        0  libinit2.o(.ARM.Collect$$libinit$$00000030)
    .ARM.Collect$$libinit$$00000032          0x08000212   Section        0  libinit2.o(.ARM.Collect$$libinit$$00000032)
    .ARM.Collect$$libinit$$00000034          0x08000212   Section        0  libinit2.o(.ARM.Collect$$libinit$$00000034)
    .ARM.Collect$$libinit$$00000035          0x08000212   Section        2  libinit2.o(.ARM.Collect$$libinit$$00000035)
    .ARM.Collect$$libshutdown$$00000000      0x08000214   Section        2  libshutdown.o(.ARM.Collect$$libshutdown$$00000000)
    .ARM.Collect$$libshutdown$$00000002      0x08000216   Section        0  libshutdown2.o(.ARM.Collect$$libshutdown$$00000002)
    .ARM.Collect$$libshutdown$$00000004      0x08000216   Section        0  libshutdown2.o(.ARM.Collect$$libshutdown$$00000004)
    .ARM.Collect$$libshutdown$$00000007      0x08000216   Section        0  libshutdown2.o(.ARM.Collect$$libshutdown$$00000007)
    .ARM.Collect$$libshutdown$$0000000A      0x08000216   Section        0  libshutdown2.o(.ARM.Collect$$libshutdown$$0000000A)
    .ARM.Collect$$libshutdown$$0000000C      0x08000216   Section        0  libshutdown2.o(.ARM.Collect$$libshutdown$$0000000C)
    .ARM.Collect$$libshutdown$$0000000F      0x08000216   Section        0  libshutdown2.o(.ARM.Collect$$libshutdown$$0000000F)
    .ARM.Collect$$libshutdown$$00000010      0x08000216   Section        2  libshutdown2.o(.ARM.Collect$$libshutdown$$00000010)
    .ARM.Collect$$rtentry$$00000000          0x08000218   Section        0  __rtentry.o(.ARM.Collect$$rtentry$$00000000)
    .ARM.Collect$$rtentry$$00000002          0x08000218   Section        0  __rtentry2.o(.ARM.Collect$$rtentry$$00000002)
    .ARM.Collect$$rtentry$$00000004          0x08000218   Section        6  __rtentry4.o(.ARM.Collect$$rtentry$$00000004)
    .ARM.Collect$$rtentry$$00000009          0x0800021e   Section        0  __rtentry2.o(.ARM.Collect$$rtentry$$00000009)
    .ARM.Collect$$rtentry$$0000000A          0x0800021e   Section        4  __rtentry2.o(.ARM.Collect$$rtentry$$0000000A)
    .ARM.Collect$$rtentry$$0000000C          0x08000222   Section        0  __rtentry2.o(.ARM.Collect$$rtentry$$0000000C)
    .ARM.Collect$$rtentry$$0000000D          0x08000222   Section        8  __rtentry2.o(.ARM.Collect$$rtentry$$0000000D)
    .ARM.Collect$$rtexit$$00000000           0x0800022a   Section        2  rtexit.o(.ARM.Collect$$rtexit$$00000000)
    .ARM.Collect$$rtexit$$00000002           0x0800022c   Section        0  rtexit2.o(.ARM.Collect$$rtexit$$00000002)
    .ARM.Collect$$rtexit$$00000003           0x0800022c   Section        4  rtexit2.o(.ARM.Collect$$rtexit$$00000003)
    .ARM.Collect$$rtexit$$00000004           0x08000230   Section        6  rtexit2.o(.ARM.Collect$$rtexit$$00000004)
    .text                                    0x08000238   Section       64  startup_at32f415.o(.text)
    .text                                    0x08000278   Section        0  heapauxi.o(.text)
    .text                                    0x0800027e   Section       74  sys_stackheap_outer.o(.text)
    .text                                    0x080002c8   Section        0  exit.o(.text)
    .text                                    0x080002dc   Section        8  libspace.o(.text)
    .text                                    0x080002e4   Section        0  sys_exit.o(.text)
    .text                                    0x080002f0   Section        2  use_no_semi.o(.text)
    .text                                    0x080002f2   Section        0  indicate_semi.o(.text)
    .text                                    0x080002f2   Section      240  lludivv7m.o(.text)
    [Anonymous Symbol]                       0x080003e4   Section        0  lto-llvm-bf01d3.o(.text.BusFault_Handler)
    [Anonymous Symbol]                       0x080003e8   Section        0  lto-llvm-bf01d3.o(.text.DebugMon_Handler)
    [Anonymous Symbol]                       0x080003ec   Section        0  lto-llvm-bf01d3.o(.text.HardFault_Handler)
    [Anonymous Symbol]                       0x080003f0   Section        0  lto-llvm-bf01d3.o(.text.MemManage_Handler)
    [Anonymous Symbol]                       0x080003f4   Section        0  lto-llvm-bf01d3.o(.text.NMI_Handler)
    NVIC_EncodePriority                      0x080003f9   Thumb Code   100  lto-llvm-bf01d3.o(.text.NVIC_EncodePriority)
    [Anonymous Symbol]                       0x080003f8   Section        0  lto-llvm-bf01d3.o(.text.NVIC_EncodePriority)
    NVIC_EncodePriority.84                   0x0800045d   Thumb Code    98  lto-llvm-bf01d3.o(.text.NVIC_EncodePriority.84)
    [Anonymous Symbol]                       0x0800045c   Section        0  lto-llvm-bf01d3.o(.text.NVIC_EncodePriority.84)
    [Anonymous Symbol]                       0x080004c0   Section        0  lto-llvm-bf01d3.o(.text.PendSV_Handler)
    [Anonymous Symbol]                       0x080004c4   Section        0  lto-llvm-bf01d3.o(.text.SVC_Handler)
    [Anonymous Symbol]                       0x080004c8   Section        0  lto-llvm-bf01d3.o(.text.SysTick_Handler)
    [Anonymous Symbol]                       0x080004d0   Section        0  lto-llvm-bf01d3.o(.text.SystemInit)
    [Anonymous Symbol]                       0x080005a4   Section        0  lto-llvm-bf01d3.o(.text.USART1_IRQHandler)
    [Anonymous Symbol]                       0x080007e4   Section        0  lto-llvm-bf01d3.o(.text.UsageFault_Handler)
    __NVIC_ClearPendingIRQ                   0x080007e9   Thumb Code    50  lto-llvm-bf01d3.o(.text.__NVIC_ClearPendingIRQ)
    [Anonymous Symbol]                       0x080007e8   Section        0  lto-llvm-bf01d3.o(.text.__NVIC_ClearPendingIRQ)
    __NVIC_DisableIRQ                        0x0800081d   Thumb Code    58  lto-llvm-bf01d3.o(.text.__NVIC_DisableIRQ)
    [Anonymous Symbol]                       0x0800081c   Section        0  lto-llvm-bf01d3.o(.text.__NVIC_DisableIRQ)
    __NVIC_EnableIRQ                         0x08000859   Thumb Code    50  lto-llvm-bf01d3.o(.text.__NVIC_EnableIRQ)
    [Anonymous Symbol]                       0x08000858   Section        0  lto-llvm-bf01d3.o(.text.__NVIC_EnableIRQ)
    __NVIC_GetPriorityGrouping               0x0800088d   Thumb Code    16  lto-llvm-bf01d3.o(.text.__NVIC_GetPriorityGrouping)
    [Anonymous Symbol]                       0x0800088c   Section        0  lto-llvm-bf01d3.o(.text.__NVIC_GetPriorityGrouping)
    __NVIC_GetPriorityGrouping.83            0x0800089d   Thumb Code    16  lto-llvm-bf01d3.o(.text.__NVIC_GetPriorityGrouping.83)
    [Anonymous Symbol]                       0x0800089c   Section        0  lto-llvm-bf01d3.o(.text.__NVIC_GetPriorityGrouping.83)
    __NVIC_SetPriority                       0x080008ad   Thumb Code    66  lto-llvm-bf01d3.o(.text.__NVIC_SetPriority)
    [Anonymous Symbol]                       0x080008ac   Section        0  lto-llvm-bf01d3.o(.text.__NVIC_SetPriority)
    __NVIC_SetPriority.85                    0x080008f1   Thumb Code    66  lto-llvm-bf01d3.o(.text.__NVIC_SetPriority.85)
    [Anonymous Symbol]                       0x080008f0   Section        0  lto-llvm-bf01d3.o(.text.__NVIC_SetPriority.85)
    __NVIC_SetPriorityGrouping               0x08000935   Thumb Code    60  lto-llvm-bf01d3.o(.text.__NVIC_SetPriorityGrouping)
    [Anonymous Symbol]                       0x08000934   Section        0  lto-llvm-bf01d3.o(.text.__NVIC_SetPriorityGrouping)
    app_load                                 0x08000971   Thumb Code   332  lto-llvm-bf01d3.o(.text.app_load)
    [Anonymous Symbol]                       0x08000970   Section        0  lto-llvm-bf01d3.o(.text.app_load)
    convert_data                             0x08000abd   Thumb Code   232  lto-llvm-bf01d3.o(.text.convert_data)
    [Anonymous Symbol]                       0x08000abc   Section        0  lto-llvm-bf01d3.o(.text.convert_data)
    copy_uint8_array                         0x08000ba5   Thumb Code   222  lto-llvm-bf01d3.o(.text.copy_uint8_array)
    [Anonymous Symbol]                       0x08000ba4   Section        0  lto-llvm-bf01d3.o(.text.copy_uint8_array)
    crc_block_calculate                      0x08000c85   Thumb Code    74  lto-llvm-bf01d3.o(.text.crc_block_calculate)
    [Anonymous Symbol]                       0x08000c84   Section        0  lto-llvm-bf01d3.o(.text.crc_block_calculate)
    crc_data_reset                           0x08000cd1   Thumb Code    18  lto-llvm-bf01d3.o(.text.crc_data_reset)
    [Anonymous Symbol]                       0x08000cd0   Section        0  lto-llvm-bf01d3.o(.text.crc_data_reset)
    crc_init_data_set                        0x08000ce5   Thumb Code    24  lto-llvm-bf01d3.o(.text.crc_init_data_set)
    [Anonymous Symbol]                       0x08000ce4   Section        0  lto-llvm-bf01d3.o(.text.crc_init_data_set)
    crc_poly_size_set                        0x08000cfd   Thumb Code    40  lto-llvm-bf01d3.o(.text.crc_poly_size_set)
    [Anonymous Symbol]                       0x08000cfc   Section        0  lto-llvm-bf01d3.o(.text.crc_poly_size_set)
    crc_poly_value_set                       0x08000d25   Thumb Code    28  lto-llvm-bf01d3.o(.text.crc_poly_value_set)
    [Anonymous Symbol]                       0x08000d24   Section        0  lto-llvm-bf01d3.o(.text.crc_poly_value_set)
    crc_reverse_input_data_set               0x08000d41   Thumb Code    40  lto-llvm-bf01d3.o(.text.crc_reverse_input_data_set)
    [Anonymous Symbol]                       0x08000d40   Section        0  lto-llvm-bf01d3.o(.text.crc_reverse_input_data_set)
    crc_reverse_output_data_set              0x08000d69   Thumb Code    40  lto-llvm-bf01d3.o(.text.crc_reverse_output_data_set)
    [Anonymous Symbol]                       0x08000d68   Section        0  lto-llvm-bf01d3.o(.text.crc_reverse_output_data_set)
    crm_ahb_div_set                          0x08000d91   Thumb Code    40  lto-llvm-bf01d3.o(.text.crm_ahb_div_set)
    [Anonymous Symbol]                       0x08000d90   Section        0  lto-llvm-bf01d3.o(.text.crm_ahb_div_set)
    crm_apb1_div_set                         0x08000db9   Thumb Code    40  lto-llvm-bf01d3.o(.text.crm_apb1_div_set)
    [Anonymous Symbol]                       0x08000db8   Section        0  lto-llvm-bf01d3.o(.text.crm_apb1_div_set)
    crm_apb2_div_set                         0x08000de1   Thumb Code    40  lto-llvm-bf01d3.o(.text.crm_apb2_div_set)
    [Anonymous Symbol]                       0x08000de0   Section        0  lto-llvm-bf01d3.o(.text.crm_apb2_div_set)
    crm_auto_step_mode_enable                0x08000e09   Thumb Code    56  lto-llvm-bf01d3.o(.text.crm_auto_step_mode_enable)
    [Anonymous Symbol]                       0x08000e08   Section        0  lto-llvm-bf01d3.o(.text.crm_auto_step_mode_enable)
    crm_clock_source_enable                  0x08000e41   Thumb Code   162  lto-llvm-bf01d3.o(.text.crm_clock_source_enable)
    [Anonymous Symbol]                       0x08000e40   Section        0  lto-llvm-bf01d3.o(.text.crm_clock_source_enable)
    crm_clocks_freq_get                      0x08000ee5   Thumb Code   610  lto-llvm-bf01d3.o(.text.crm_clocks_freq_get)
    [Anonymous Symbol]                       0x08000ee4   Section        0  lto-llvm-bf01d3.o(.text.crm_clocks_freq_get)
    crm_flag_get                             0x08001149   Thumb Code    62  lto-llvm-bf01d3.o(.text.crm_flag_get)
    [Anonymous Symbol]                       0x08001148   Section        0  lto-llvm-bf01d3.o(.text.crm_flag_get)
    crm_hext_stable_wait                     0x08001189   Thumb Code    92  lto-llvm-bf01d3.o(.text.crm_hext_stable_wait)
    [Anonymous Symbol]                       0x08001188   Section        0  lto-llvm-bf01d3.o(.text.crm_hext_stable_wait)
    crm_periph_clock_enable                  0x080011e5   Thumb Code    84  lto-llvm-bf01d3.o(.text.crm_periph_clock_enable)
    [Anonymous Symbol]                       0x080011e4   Section        0  lto-llvm-bf01d3.o(.text.crm_periph_clock_enable)
    crm_pll_config                           0x08001239   Thumb Code   486  lto-llvm-bf01d3.o(.text.crm_pll_config)
    [Anonymous Symbol]                       0x08001238   Section        0  lto-llvm-bf01d3.o(.text.crm_pll_config)
    crm_reset                                0x08001421   Thumb Code   156  lto-llvm-bf01d3.o(.text.crm_reset)
    [Anonymous Symbol]                       0x08001420   Section        0  lto-llvm-bf01d3.o(.text.crm_reset)
    crm_sysclk_switch                        0x080014bd   Thumb Code    72  lto-llvm-bf01d3.o(.text.crm_sysclk_switch)
    [Anonymous Symbol]                       0x080014bc   Section        0  lto-llvm-bf01d3.o(.text.crm_sysclk_switch)
    crm_sysclk_switch_status_get             0x08001505   Thumb Code    16  lto-llvm-bf01d3.o(.text.crm_sysclk_switch_status_get)
    [Anonymous Symbol]                       0x08001504   Section        0  lto-llvm-bf01d3.o(.text.crm_sysclk_switch_status_get)
    flash_2kb_write                          0x08001515   Thumb Code   132  lto-llvm-bf01d3.o(.text.flash_2kb_write)
    [Anonymous Symbol]                       0x08001514   Section        0  lto-llvm-bf01d3.o(.text.flash_2kb_write)
    flash_halfword_program                   0x08001599   Thumb Code    64  lto-llvm-bf01d3.o(.text.flash_halfword_program)
    [Anonymous Symbol]                       0x08001598   Section        0  lto-llvm-bf01d3.o(.text.flash_halfword_program)
    flash_lock                               0x080015d9   Thumb Code    18  lto-llvm-bf01d3.o(.text.flash_lock)
    [Anonymous Symbol]                       0x080015d8   Section        0  lto-llvm-bf01d3.o(.text.flash_lock)
    flash_operation_status_get               0x080015ed   Thumb Code   104  lto-llvm-bf01d3.o(.text.flash_operation_status_get)
    [Anonymous Symbol]                       0x080015ec   Section        0  lto-llvm-bf01d3.o(.text.flash_operation_status_get)
    flash_operation_wait_for                 0x08001655   Thumb Code    86  lto-llvm-bf01d3.o(.text.flash_operation_wait_for)
    [Anonymous Symbol]                       0x08001654   Section        0  lto-llvm-bf01d3.o(.text.flash_operation_wait_for)
    flash_sector_erase                       0x080016ad   Thumb Code    72  lto-llvm-bf01d3.o(.text.flash_sector_erase)
    [Anonymous Symbol]                       0x080016ac   Section        0  lto-llvm-bf01d3.o(.text.flash_sector_erase)
    flash_unlock                             0x080016f5   Thumb Code    30  lto-llvm-bf01d3.o(.text.flash_unlock)
    [Anonymous Symbol]                       0x080016f4   Section        0  lto-llvm-bf01d3.o(.text.flash_unlock)
    flash_upgrade_flag_read                  0x08001715   Thumb Code    50  lto-llvm-bf01d3.o(.text.flash_upgrade_flag_read)
    [Anonymous Symbol]                       0x08001714   Section        0  lto-llvm-bf01d3.o(.text.flash_upgrade_flag_read)
    gpio_default_para_init                   0x08001749   Thumb Code    38  lto-llvm-bf01d3.o(.text.gpio_default_para_init)
    [Anonymous Symbol]                       0x08001748   Section        0  lto-llvm-bf01d3.o(.text.gpio_default_para_init)
    gpio_init                                0x08001771   Thumb Code   332  lto-llvm-bf01d3.o(.text.gpio_init)
    [Anonymous Symbol]                       0x08001770   Section        0  lto-llvm-bf01d3.o(.text.gpio_init)
    gpio_pin_remap_config                    0x080018bd   Thumb Code   162  lto-llvm-bf01d3.o(.text.gpio_pin_remap_config)
    [Anonymous Symbol]                       0x080018bc   Section        0  lto-llvm-bf01d3.o(.text.gpio_pin_remap_config)
    [Anonymous Symbol]                       0x08001960   Section        0  lto-llvm-bf01d3.o(.text.main)
    nvic_irq_disable                         0x080019fd   Thumb Code    20  lto-llvm-bf01d3.o(.text.nvic_irq_disable)
    [Anonymous Symbol]                       0x080019fc   Section        0  lto-llvm-bf01d3.o(.text.nvic_irq_disable)
    nvic_irq_enable                          0x08001a11   Thumb Code    54  lto-llvm-bf01d3.o(.text.nvic_irq_enable)
    [Anonymous Symbol]                       0x08001a10   Section        0  lto-llvm-bf01d3.o(.text.nvic_irq_enable)
    nvic_priority_group_config               0x08001a49   Thumb Code    22  lto-llvm-bf01d3.o(.text.nvic_priority_group_config)
    [Anonymous Symbol]                       0x08001a48   Section        0  lto-llvm-bf01d3.o(.text.nvic_priority_group_config)
    system_core_clock_update                 0x08001a61   Thumb Code   552  lto-llvm-bf01d3.o(.text.system_core_clock_update)
    [Anonymous Symbol]                       0x08001a60   Section        0  lto-llvm-bf01d3.o(.text.system_core_clock_update)
    systick_clock_source_config              0x08001c89   Thumb Code    58  lto-llvm-bf01d3.o(.text.systick_clock_source_config)
    [Anonymous Symbol]                       0x08001c88   Section        0  lto-llvm-bf01d3.o(.text.systick_clock_source_config)
    usart1_connet_pc                         0x08001cc5   Thumb Code   168  lto-llvm-bf01d3.o(.text.usart1_connet_pc)
    [Anonymous Symbol]                       0x08001cc4   Section        0  lto-llvm-bf01d3.o(.text.usart1_connet_pc)
    usart1_send_error                        0x08001d6d   Thumb Code   168  lto-llvm-bf01d3.o(.text.usart1_send_error)
    [Anonymous Symbol]                       0x08001d6c   Section        0  lto-llvm-bf01d3.o(.text.usart1_send_error)
    usart1_send_ok                           0x08001e15   Thumb Code   170  lto-llvm-bf01d3.o(.text.usart1_send_ok)
    [Anonymous Symbol]                       0x08001e14   Section        0  lto-llvm-bf01d3.o(.text.usart1_send_ok)
    usart_data_receive                       0x08001ec1   Thumb Code    22  lto-llvm-bf01d3.o(.text.usart_data_receive)
    [Anonymous Symbol]                       0x08001ec0   Section        0  lto-llvm-bf01d3.o(.text.usart_data_receive)
    usart_data_transmit                      0x08001ed9   Thumb Code    32  lto-llvm-bf01d3.o(.text.usart_data_transmit)
    [Anonymous Symbol]                       0x08001ed8   Section        0  lto-llvm-bf01d3.o(.text.usart_data_transmit)
    usart_enable                             0x08001ef9   Thumb Code    44  lto-llvm-bf01d3.o(.text.usart_enable)
    [Anonymous Symbol]                       0x08001ef8   Section        0  lto-llvm-bf01d3.o(.text.usart_enable)
    usart_flag_get                           0x08001f25   Thumb Code    52  lto-llvm-bf01d3.o(.text.usart_flag_get)
    [Anonymous Symbol]                       0x08001f24   Section        0  lto-llvm-bf01d3.o(.text.usart_flag_get)
    usart_hardware_flow_control_set          0x08001f59   Thumb Code   154  lto-llvm-bf01d3.o(.text.usart_hardware_flow_control_set)
    [Anonymous Symbol]                       0x08001f58   Section        0  lto-llvm-bf01d3.o(.text.usart_hardware_flow_control_set)
    usart_init                               0x08001ff5   Thumb Code   212  lto-llvm-bf01d3.o(.text.usart_init)
    [Anonymous Symbol]                       0x08001ff4   Section        0  lto-llvm-bf01d3.o(.text.usart_init)
    usart_interrupt_enable                   0x080020c9   Thumb Code    90  lto-llvm-bf01d3.o(.text.usart_interrupt_enable)
    [Anonymous Symbol]                       0x080020c8   Section        0  lto-llvm-bf01d3.o(.text.usart_interrupt_enable)
    usart_interrupt_flag_get                 0x08002125   Thumb Code   296  lto-llvm-bf01d3.o(.text.usart_interrupt_flag_get)
    [Anonymous Symbol]                       0x08002124   Section        0  lto-llvm-bf01d3.o(.text.usart_interrupt_flag_get)
    usart_parity_selection_config            0x0800224d   Thumb Code   120  lto-llvm-bf01d3.o(.text.usart_parity_selection_config)
    [Anonymous Symbol]                       0x0800224c   Section        0  lto-llvm-bf01d3.o(.text.usart_parity_selection_config)
    usart_receiver_enable                    0x080022c5   Thumb Code    44  lto-llvm-bf01d3.o(.text.usart_receiver_enable)
    [Anonymous Symbol]                       0x080022c4   Section        0  lto-llvm-bf01d3.o(.text.usart_receiver_enable)
    usart_transmitter_enable                 0x080022f1   Thumb Code    44  lto-llvm-bf01d3.o(.text.usart_transmitter_enable)
    [Anonymous Symbol]                       0x080022f0   Section        0  lto-llvm-bf01d3.o(.text.usart_transmitter_enable)
    wk_crc_init                              0x0800231d   Thumb Code    28  lto-llvm-bf01d3.o(.text.wk_crc_init)
    [Anonymous Symbol]                       0x0800231c   Section        0  lto-llvm-bf01d3.o(.text.wk_crc_init)
    wk_debug_config                          0x08002339   Thumb Code     8  lto-llvm-bf01d3.o(.text.wk_debug_config)
    [Anonymous Symbol]                       0x08002338   Section        0  lto-llvm-bf01d3.o(.text.wk_debug_config)
    wk_nvic_config                           0x08002341   Thumb Code   152  lto-llvm-bf01d3.o(.text.wk_nvic_config)
    [Anonymous Symbol]                       0x08002340   Section        0  lto-llvm-bf01d3.o(.text.wk_nvic_config)
    wk_periph_clock_config                   0x080023d9   Thumb Code    62  lto-llvm-bf01d3.o(.text.wk_periph_clock_config)
    [Anonymous Symbol]                       0x080023d8   Section        0  lto-llvm-bf01d3.o(.text.wk_periph_clock_config)
    wk_system_clock_config                   0x08002419   Thumb Code   158  lto-llvm-bf01d3.o(.text.wk_system_clock_config)
    [Anonymous Symbol]                       0x08002418   Section        0  lto-llvm-bf01d3.o(.text.wk_system_clock_config)
    wk_timebase_handler                      0x080024b9   Thumb Code     8  lto-llvm-bf01d3.o(.text.wk_timebase_handler)
    [Anonymous Symbol]                       0x080024b8   Section        0  lto-llvm-bf01d3.o(.text.wk_timebase_handler)
    wk_timebase_increase                     0x080024c1   Thumb Code    16  lto-llvm-bf01d3.o(.text.wk_timebase_increase)
    [Anonymous Symbol]                       0x080024c0   Section        0  lto-llvm-bf01d3.o(.text.wk_timebase_increase)
    wk_timebase_init                         0x080024d1   Thumb Code    86  lto-llvm-bf01d3.o(.text.wk_timebase_init)
    [Anonymous Symbol]                       0x080024d0   Section        0  lto-llvm-bf01d3.o(.text.wk_timebase_init)
    wk_usart1_init                           0x08002529   Thumb Code   108  lto-llvm-bf01d3.o(.text.wk_usart1_init)
    [Anonymous Symbol]                       0x08002528   Section        0  lto-llvm-bf01d3.o(.text.wk_usart1_init)
    system_core_clock_update.sys_ahb_div_table 0x08002594   Data          16  lto-llvm-bf01d3.o(.rodata.cst16)
    [Anonymous Symbol]                       0x08002594   Section        0  lto-llvm-bf01d3.o(.rodata.cst16)
    crm_clocks_freq_get.ahb_apb2_div_table   0x080025a4   Data           8  lto-llvm-bf01d3.o(.rodata.cst8)
    [Anonymous Symbol]                       0x080025a4   Section        0  lto-llvm-bf01d3.o(.rodata.cst8)
    crm_clocks_freq_get.adc_div_table        0x080025ac   Data           8  lto-llvm-bf01d3.o(.rodata.cst8)
    flash_add                                0x20000000   Data           4  lto-llvm-bf01d3.o(.data.flash_add)
    [Anonymous Symbol]                       0x20000000   Section        0  lto-llvm-bf01d3.o(.data.flash_add)
    system_core_clock                        0x20000004   Data           4  lto-llvm-bf01d3.o(.data.system_core_clock)
    [Anonymous Symbol]                       0x20000004   Section        0  lto-llvm-bf01d3.o(.data.system_core_clock)
    .bss                                     0x20000008   Section       96  libspace.o(.bss)
    USART1_IRQHandler.count                  0x20000068   Data           2  lto-llvm-bf01d3.o(.bss.USART1_IRQHandler.count)
    [Anonymous Symbol]                       0x20000068   Section        0  lto-llvm-bf01d3.o(.bss.USART1_IRQHandler.count)
    USART1_IRQHandler.reval                  0x2000006a   Data           2  lto-llvm-bf01d3.o(.bss.USART1_IRQHandler.reval)
    [Anonymous Symbol]                       0x2000006a   Section        0  lto-llvm-bf01d3.o(.bss.USART1_IRQHandler.reval)
    iap_done                                 0x2000006c   Data           1  lto-llvm-bf01d3.o(.bss.iap_done)
    [Anonymous Symbol]                       0x2000006c   Section        0  lto-llvm-bf01d3.o(.bss.iap_done)
    jump_to_app                              0x20000070   Data           4  lto-llvm-bf01d3.o(.bss.jump_to_app)
    [Anonymous Symbol]                       0x20000070   Section        0  lto-llvm-bf01d3.o(.bss.jump_to_app)
    pro_buff                                 0x20000074   Data        1024  lto-llvm-bf01d3.o(.bss.pro_buff)
    [Anonymous Symbol]                       0x20000074   Section        0  lto-llvm-bf01d3.o(.bss.pro_buff)
    timebase_ticks                           0x20000474   Data           4  lto-llvm-bf01d3.o(.bss.timebase_ticks)
    [Anonymous Symbol]                       0x20000474   Section        0  lto-llvm-bf01d3.o(.bss.timebase_ticks)
    usart1_crc_buff                          0x20000478   Data        1032  lto-llvm-bf01d3.o(.bss.usart1_crc_buff)
    [Anonymous Symbol]                       0x20000478   Section        0  lto-llvm-bf01d3.o(.bss.usart1_crc_buff)
    usart1_rx_buff                           0x20000880   Data        1036  lto-llvm-bf01d3.o(.bss.usart1_rx_buff)
    [Anonymous Symbol]                       0x20000880   Section        0  lto-llvm-bf01d3.o(.bss.usart1_rx_buff)
    usart1_tx_buff                           0x20000c8c   Data          22  lto-llvm-bf01d3.o(.bss.usart1_tx_buff)
    [Anonymous Symbol]                       0x20000c8c   Section        0  lto-llvm-bf01d3.o(.bss.usart1_tx_buff)
    Heap_Mem                                 0x20000ca8   Data         512  startup_at32f415.o(HEAP)
    HEAP                                     0x20000ca8   Section      512  startup_at32f415.o(HEAP)
    Stack_Mem                                0x20000ea8   Data        1024  startup_at32f415.o(STACK)
    STACK                                    0x20000ea8   Section     1024  startup_at32f415.o(STACK)
    __initial_sp                             0x200012a8   Data           0  startup_at32f415.o(STACK)

    Global Symbols

    Symbol Name                              Value     Ov Type        Size  Object(Section)

    BuildAttributes$$THM_ISAv4$E$P$D$K$B$S$7EM$PE$A:L22UL41UL21$X:L11$S22US41US21$IEEE1$IW$~IW$USESV6$~STKCKD$USESV7$~SHL$OSPACE$ROPI$IEEEF$EBA8$UX$STANDARDLIB$REQ8$PRES8$EABIv2 0x00000000   Number         0  anon$$obj.o ABSOLUTE
    __fp_init_empty                          0x00000000   Number         0  fpinit_empty.o ABSOLUTE
    __ARM_exceptions_init                     - Undefined Weak Reference
    __alloca_initialize                       - Undefined Weak Reference
    __arm_preinit_                            - Undefined Weak Reference
    __arm_relocate_pie_                       - Undefined Weak Reference
    __cpp_initialize__aeabi_                  - Undefined Weak Reference
    __cxa_finalize                            - Undefined Weak Reference
    __rt_locale                               - Undefined Weak Reference
    __sigvec_lookup                           - Undefined Weak Reference
    _atexit_init                              - Undefined Weak Reference
    _call_atexit_fns                          - Undefined Weak Reference
    _clock_init                               - Undefined Weak Reference
    _fp_trap_init                             - Undefined Weak Reference
    _fp_trap_shutdown                         - Undefined Weak Reference
    _get_lc_collate                           - Undefined Weak Reference
    _get_lc_ctype                             - Undefined Weak Reference
    _get_lc_monetary                          - Undefined Weak Reference
    _get_lc_numeric                           - Undefined Weak Reference
    _get_lc_time                              - Undefined Weak Reference
    _getenv_init                              - Undefined Weak Reference
    _handle_redirection                       - Undefined Weak Reference
    _init_alloc                               - Undefined Weak Reference
    _init_user_alloc                          - Undefined Weak Reference
    _initio                                   - Undefined Weak Reference
    _rand_init                                - Undefined Weak Reference
    _signal_finish                            - Undefined Weak Reference
    _signal_init                              - Undefined Weak Reference
    _terminate_alloc                          - Undefined Weak Reference
    _terminate_user_alloc                     - Undefined Weak Reference
    _terminateio                              - Undefined Weak Reference
    __Vectors_Size                           0x00000170   Number         0  startup_at32f415.o ABSOLUTE
    __Vectors                                0x08000000   Data           4  startup_at32f415.o(RESET)
    __Vectors_End                            0x08000170   Data           0  startup_at32f415.o(RESET)
    __main                                   0x08000171   Thumb Code     8  __main.o(!!!main)
    __scatterload                            0x08000179   Thumb Code     0  __scatter.o(!!!scatter)
    __scatterload_rt2                        0x08000179   Thumb Code    84  __scatter.o(!!!scatter)
    __scatterload_rt2_thumb_only             0x08000179   Thumb Code     0  __scatter.o(!!!scatter)
    __scatterload_loop                       0x08000183   Thumb Code     0  __scatter.o(!!!scatter)
    __scatterload_copy                       0x080001d5   Thumb Code    26  __scatter_copy.o(!!handler_copy)
    __scatterload_null                       0x080001f1   Thumb Code     2  __scatter.o(!!handler_null)
    __scatterload_zeroinit                   0x080001f5   Thumb Code    28  __scatter_zi.o(!!handler_zi)
    __rt_lib_init                            0x08000211   Thumb Code     0  libinit.o(.ARM.Collect$$libinit$$00000000)
    __rt_lib_init_alloca_1                   0x08000213   Thumb Code     0  libinit2.o(.ARM.Collect$$libinit$$00000030)
    __rt_lib_init_argv_1                     0x08000213   Thumb Code     0  libinit2.o(.ARM.Collect$$libinit$$0000002E)
    __rt_lib_init_atexit_1                   0x08000213   Thumb Code     0  libinit2.o(.ARM.Collect$$libinit$$0000001D)
    __rt_lib_init_clock_1                    0x08000213   Thumb Code     0  libinit2.o(.ARM.Collect$$libinit$$00000023)
    __rt_lib_init_cpp_1                      0x08000213   Thumb Code     0  libinit2.o(.ARM.Collect$$libinit$$00000034)
    __rt_lib_init_exceptions_1               0x08000213   Thumb Code     0  libinit2.o(.ARM.Collect$$libinit$$00000032)
    __rt_lib_init_fp_1                       0x08000213   Thumb Code     0  libinit2.o(.ARM.Collect$$libinit$$00000002)
    __rt_lib_init_fp_trap_1                  0x08000213   Thumb Code     0  libinit2.o(.ARM.Collect$$libinit$$00000021)
    __rt_lib_init_getenv_1                   0x08000213   Thumb Code     0  libinit2.o(.ARM.Collect$$libinit$$00000025)
    __rt_lib_init_heap_1                     0x08000213   Thumb Code     0  libinit2.o(.ARM.Collect$$libinit$$0000000C)
    __rt_lib_init_lc_collate_1               0x08000213   Thumb Code     0  libinit2.o(.ARM.Collect$$libinit$$00000013)
    __rt_lib_init_lc_ctype_1                 0x08000213   Thumb Code     0  libinit2.o(.ARM.Collect$$libinit$$00000015)
    __rt_lib_init_lc_monetary_1              0x08000213   Thumb Code     0  libinit2.o(.ARM.Collect$$libinit$$00000017)
    __rt_lib_init_lc_numeric_1               0x08000213   Thumb Code     0  libinit2.o(.ARM.Collect$$libinit$$00000019)
    __rt_lib_init_lc_time_1                  0x08000213   Thumb Code     0  libinit2.o(.ARM.Collect$$libinit$$0000001B)
    __rt_lib_init_preinit_1                  0x08000213   Thumb Code     0  libinit2.o(.ARM.Collect$$libinit$$00000006)
    __rt_lib_init_rand_1                     0x08000213   Thumb Code     0  libinit2.o(.ARM.Collect$$libinit$$00000010)
    __rt_lib_init_relocate_pie_1             0x08000213   Thumb Code     0  libinit2.o(.ARM.Collect$$libinit$$00000004)
    __rt_lib_init_return                     0x08000213   Thumb Code     0  libinit2.o(.ARM.Collect$$libinit$$00000035)
    __rt_lib_init_signal_1                   0x08000213   Thumb Code     0  libinit2.o(.ARM.Collect$$libinit$$0000001F)
    __rt_lib_init_stdio_1                    0x08000213   Thumb Code     0  libinit2.o(.ARM.Collect$$libinit$$00000027)
    __rt_lib_init_user_alloc_1               0x08000213   Thumb Code     0  libinit2.o(.ARM.Collect$$libinit$$0000000E)
    __rt_lib_shutdown                        0x08000215   Thumb Code     0  libshutdown.o(.ARM.Collect$$libshutdown$$00000000)
    __rt_lib_shutdown_cpp_1                  0x08000217   Thumb Code     0  libshutdown2.o(.ARM.Collect$$libshutdown$$00000002)
    __rt_lib_shutdown_fp_trap_1              0x08000217   Thumb Code     0  libshutdown2.o(.ARM.Collect$$libshutdown$$00000007)
    __rt_lib_shutdown_heap_1                 0x08000217   Thumb Code     0  libshutdown2.o(.ARM.Collect$$libshutdown$$0000000F)
    __rt_lib_shutdown_return                 0x08000217   Thumb Code     0  libshutdown2.o(.ARM.Collect$$libshutdown$$00000010)
    __rt_lib_shutdown_signal_1               0x08000217   Thumb Code     0  libshutdown2.o(.ARM.Collect$$libshutdown$$0000000A)
    __rt_lib_shutdown_stdio_1                0x08000217   Thumb Code     0  libshutdown2.o(.ARM.Collect$$libshutdown$$00000004)
    __rt_lib_shutdown_user_alloc_1           0x08000217   Thumb Code     0  libshutdown2.o(.ARM.Collect$$libshutdown$$0000000C)
    __rt_entry                               0x08000219   Thumb Code     0  __rtentry.o(.ARM.Collect$$rtentry$$00000000)
    __rt_entry_presh_1                       0x08000219   Thumb Code     0  __rtentry2.o(.ARM.Collect$$rtentry$$00000002)
    __rt_entry_sh                            0x08000219   Thumb Code     0  __rtentry4.o(.ARM.Collect$$rtentry$$00000004)
    __rt_entry_li                            0x0800021f   Thumb Code     0  __rtentry2.o(.ARM.Collect$$rtentry$$0000000A)
    __rt_entry_postsh_1                      0x0800021f   Thumb Code     0  __rtentry2.o(.ARM.Collect$$rtentry$$00000009)
    __rt_entry_main                          0x08000223   Thumb Code     0  __rtentry2.o(.ARM.Collect$$rtentry$$0000000D)
    __rt_entry_postli_1                      0x08000223   Thumb Code     0  __rtentry2.o(.ARM.Collect$$rtentry$$0000000C)
    __rt_exit                                0x0800022b   Thumb Code     0  rtexit.o(.ARM.Collect$$rtexit$$00000000)
    __rt_exit_ls                             0x0800022d   Thumb Code     0  rtexit2.o(.ARM.Collect$$rtexit$$00000003)
    __rt_exit_prels_1                        0x0800022d   Thumb Code     0  rtexit2.o(.ARM.Collect$$rtexit$$00000002)
    __rt_exit_exit                           0x08000231   Thumb Code     0  rtexit2.o(.ARM.Collect$$rtexit$$00000004)
    Reset_Handler                            0x08000239   Thumb Code     8  startup_at32f415.o(.text)
    ADC1_IRQHandler                          0x08000253   Thumb Code     0  startup_at32f415.o(.text)
    CAN1_RX0_IRQHandler                      0x08000253   Thumb Code     0  startup_at32f415.o(.text)
    CAN1_RX1_IRQHandler                      0x08000253   Thumb Code     0  startup_at32f415.o(.text)
    CAN1_SE_IRQHandler                       0x08000253   Thumb Code     0  startup_at32f415.o(.text)
    CAN1_TX_IRQHandler                       0x08000253   Thumb Code     0  startup_at32f415.o(.text)
    CMP1_IRQHandler                          0x08000253   Thumb Code     0  startup_at32f415.o(.text)
    CMP2_IRQHandler                          0x08000253   Thumb Code     0  startup_at32f415.o(.text)
    CRM_IRQHandler                           0x08000253   Thumb Code     0  startup_at32f415.o(.text)
    DMA1_Channel1_IRQHandler                 0x08000253   Thumb Code     0  startup_at32f415.o(.text)
    DMA1_Channel2_IRQHandler                 0x08000253   Thumb Code     0  startup_at32f415.o(.text)
    DMA1_Channel3_IRQHandler                 0x08000253   Thumb Code     0  startup_at32f415.o(.text)
    DMA1_Channel4_IRQHandler                 0x08000253   Thumb Code     0  startup_at32f415.o(.text)
    DMA1_Channel5_IRQHandler                 0x08000253   Thumb Code     0  startup_at32f415.o(.text)
    DMA1_Channel6_IRQHandler                 0x08000253   Thumb Code     0  startup_at32f415.o(.text)
    DMA1_Channel7_IRQHandler                 0x08000253   Thumb Code     0  startup_at32f415.o(.text)
    DMA2_Channel1_IRQHandler                 0x08000253   Thumb Code     0  startup_at32f415.o(.text)
    DMA2_Channel2_IRQHandler                 0x08000253   Thumb Code     0  startup_at32f415.o(.text)
    DMA2_Channel3_IRQHandler                 0x08000253   Thumb Code     0  startup_at32f415.o(.text)
    DMA2_Channel4_5_IRQHandler               0x08000253   Thumb Code     0  startup_at32f415.o(.text)
    DMA2_Channel6_7_IRQHandler               0x08000253   Thumb Code     0  startup_at32f415.o(.text)
    ERTCAlarm_IRQHandler                     0x08000253   Thumb Code     0  startup_at32f415.o(.text)
    ERTC_WKUP_IRQHandler                     0x08000253   Thumb Code     0  startup_at32f415.o(.text)
    EXINT0_IRQHandler                        0x08000253   Thumb Code     0  startup_at32f415.o(.text)
    EXINT15_10_IRQHandler                    0x08000253   Thumb Code     0  startup_at32f415.o(.text)
    EXINT1_IRQHandler                        0x08000253   Thumb Code     0  startup_at32f415.o(.text)
    EXINT2_IRQHandler                        0x08000253   Thumb Code     0  startup_at32f415.o(.text)
    EXINT3_IRQHandler                        0x08000253   Thumb Code     0  startup_at32f415.o(.text)
    EXINT4_IRQHandler                        0x08000253   Thumb Code     0  startup_at32f415.o(.text)
    EXINT9_5_IRQHandler                      0x08000253   Thumb Code     0  startup_at32f415.o(.text)
    FLASH_IRQHandler                         0x08000253   Thumb Code     0  startup_at32f415.o(.text)
    I2C1_ERR_IRQHandler                      0x08000253   Thumb Code     0  startup_at32f415.o(.text)
    I2C1_EVT_IRQHandler                      0x08000253   Thumb Code     0  startup_at32f415.o(.text)
    I2C2_ERR_IRQHandler                      0x08000253   Thumb Code     0  startup_at32f415.o(.text)
    I2C2_EVT_IRQHandler                      0x08000253   Thumb Code     0  startup_at32f415.o(.text)
    OTGFS1_IRQHandler                        0x08000253   Thumb Code     0  startup_at32f415.o(.text)
    OTGFS1_WKUP_IRQHandler                   0x08000253   Thumb Code     0  startup_at32f415.o(.text)
    PVM_IRQHandler                           0x08000253   Thumb Code     0  startup_at32f415.o(.text)
    SDIO1_IRQHandler                         0x08000253   Thumb Code     0  startup_at32f415.o(.text)
    SPI1_IRQHandler                          0x08000253   Thumb Code     0  startup_at32f415.o(.text)
    SPI2_IRQHandler                          0x08000253   Thumb Code     0  startup_at32f415.o(.text)
    TAMP_STAMP_IRQHandler                    0x08000253   Thumb Code     0  startup_at32f415.o(.text)
    TMR1_BRK_TMR9_IRQHandler                 0x08000253   Thumb Code     0  startup_at32f415.o(.text)
    TMR1_CH_IRQHandler                       0x08000253   Thumb Code     0  startup_at32f415.o(.text)
    TMR1_OVF_TMR10_IRQHandler                0x08000253   Thumb Code     0  startup_at32f415.o(.text)
    TMR1_TRG_HALL_TMR11_IRQHandler           0x08000253   Thumb Code     0  startup_at32f415.o(.text)
    TMR2_GLOBAL_IRQHandler                   0x08000253   Thumb Code     0  startup_at32f415.o(.text)
    TMR3_GLOBAL_IRQHandler                   0x08000253   Thumb Code     0  startup_at32f415.o(.text)
    TMR4_GLOBAL_IRQHandler                   0x08000253   Thumb Code     0  startup_at32f415.o(.text)
    TMR5_GLOBAL_IRQHandler                   0x08000253   Thumb Code     0  startup_at32f415.o(.text)
    UART4_IRQHandler                         0x08000253   Thumb Code     0  startup_at32f415.o(.text)
    UART5_IRQHandler                         0x08000253   Thumb Code     0  startup_at32f415.o(.text)
    USART2_IRQHandler                        0x08000253   Thumb Code     0  startup_at32f415.o(.text)
    USART3_IRQHandler                        0x08000253   Thumb Code     0  startup_at32f415.o(.text)
    WWDT_IRQHandler                          0x08000253   Thumb Code     0  startup_at32f415.o(.text)
    __user_initial_stackheap                 0x08000255   Thumb Code     0  startup_at32f415.o(.text)
    __use_two_region_memory                  0x08000279   Thumb Code     2  heapauxi.o(.text)
    __rt_heap_escrow$2region                 0x0800027b   Thumb Code     2  heapauxi.o(.text)
    __rt_heap_expand$2region                 0x0800027d   Thumb Code     2  heapauxi.o(.text)
    __user_setup_stackheap                   0x0800027f   Thumb Code    74  sys_stackheap_outer.o(.text)
    exit                                     0x080002c9   Thumb Code    18  exit.o(.text)
    __user_libspace                          0x080002dd   Thumb Code     8  libspace.o(.text)
    __user_perproc_libspace                  0x080002dd   Thumb Code     0  libspace.o(.text)
    __user_perthread_libspace                0x080002dd   Thumb Code     0  libspace.o(.text)
    _sys_exit                                0x080002e5   Thumb Code     8  sys_exit.o(.text)
    __I$use$semihosting                      0x080002f1   Thumb Code     0  use_no_semi.o(.text)
    __use_no_semihosting_swi                 0x080002f1   Thumb Code     2  use_no_semi.o(.text)
    __aeabi_uldivmod                         0x080002f3   Thumb Code     0  lludivv7m.o(.text)
    __semihosting_library_function           0x080002f3   Thumb Code     0  indicate_semi.o(.text)
    _ll_udiv                                 0x080002f3   Thumb Code   240  lludivv7m.o(.text)
    BusFault_Handler                         0x080003e5   Thumb Code     4  lto-llvm-bf01d3.o(.text.BusFault_Handler)
    DebugMon_Handler                         0x080003e9   Thumb Code     2  lto-llvm-bf01d3.o(.text.DebugMon_Handler)
    HardFault_Handler                        0x080003ed   Thumb Code     4  lto-llvm-bf01d3.o(.text.HardFault_Handler)
    MemManage_Handler                        0x080003f1   Thumb Code     4  lto-llvm-bf01d3.o(.text.MemManage_Handler)
    NMI_Handler                              0x080003f5   Thumb Code     2  lto-llvm-bf01d3.o(.text.NMI_Handler)
    PendSV_Handler                           0x080004c1   Thumb Code     2  lto-llvm-bf01d3.o(.text.PendSV_Handler)
    SVC_Handler                              0x080004c5   Thumb Code     2  lto-llvm-bf01d3.o(.text.SVC_Handler)
    SysTick_Handler                          0x080004c9   Thumb Code     8  lto-llvm-bf01d3.o(.text.SysTick_Handler)
    SystemInit                               0x080004d1   Thumb Code   210  lto-llvm-bf01d3.o(.text.SystemInit)
    USART1_IRQHandler                        0x080005a5   Thumb Code   576  lto-llvm-bf01d3.o(.text.USART1_IRQHandler)
    UsageFault_Handler                       0x080007e5   Thumb Code     4  lto-llvm-bf01d3.o(.text.UsageFault_Handler)
    main                                     0x08001961   Thumb Code   154  lto-llvm-bf01d3.o(.text.main)
    Region$$Table$$Base                      0x080025b4   Number         0  anon$$obj.o(Region$$Table)
    Region$$Table$$Limit                     0x080025d4   Number         0  anon$$obj.o(Region$$Table)
    __libspace_start                         0x20000008   Data          96  libspace.o(.bss)
    __temporary_stack_top$libspace           0x20000068   Data           0  libspace.o(.bss)



==============================================================================

Memory Map of the image

  Image Entry point : 0x08000171

  Load Region LR_IROM1 (Base: 0x08000000, Size: 0x000025e0, Max: 0x00004000, ABSOLUTE)

    Execution Region ER_IROM1 (Exec base: 0x08000000, Load base: 0x08000000, Size: 0x000025d4, Max: 0x00004000, ABSOLUTE)

    Exec Addr    Load Addr    Size         Type   Attr      Idx    E Section Name        Object

    0x08000000   0x08000000   0x00000170   Data   RO           21    RESET               startup_at32f415.o
    0x08000170   0x08000170   0x00000008   Code   RO           32  * !!!main             c_w.l(__main.o)
    0x08000178   0x08000178   0x0000005c   Code   RO          398    !!!scatter          c_w.l(__scatter.o)
    0x080001d4   0x080001d4   0x0000001a   Code   RO          402    !!handler_copy      c_w.l(__scatter_copy.o)
    0x080001ee   0x080001ee   0x00000002   PAD
    0x080001f0   0x080001f0   0x00000002   Code   RO          399    !!handler_null      c_w.l(__scatter.o)
    0x080001f2   0x080001f2   0x00000002   PAD
    0x080001f4   0x080001f4   0x0000001c   Code   RO          404    !!handler_zi        c_w.l(__scatter_zi.o)
    0x08000210   0x08000210   0x00000002   Code   RO           59    .ARM.Collect$$libinit$$00000000  c_w.l(libinit.o)
    0x08000212   0x08000212   0x00000000   Code   RO           66    .ARM.Collect$$libinit$$00000002  c_w.l(libinit2.o)
    0x08000212   0x08000212   0x00000000   Code   RO           68    .ARM.Collect$$libinit$$00000004  c_w.l(libinit2.o)
    0x08000212   0x08000212   0x00000000   Code   RO           70    .ARM.Collect$$libinit$$00000006  c_w.l(libinit2.o)
    0x08000212   0x08000212   0x00000000   Code   RO           73    .ARM.Collect$$libinit$$0000000C  c_w.l(libinit2.o)
    0x08000212   0x08000212   0x00000000   Code   RO           75    .ARM.Collect$$libinit$$0000000E  c_w.l(libinit2.o)
    0x08000212   0x08000212   0x00000000   Code   RO           77    .ARM.Collect$$libinit$$00000010  c_w.l(libinit2.o)
    0x08000212   0x08000212   0x00000000   Code   RO           80    .ARM.Collect$$libinit$$00000013  c_w.l(libinit2.o)
    0x08000212   0x08000212   0x00000000   Code   RO           82    .ARM.Collect$$libinit$$00000015  c_w.l(libinit2.o)
    0x08000212   0x08000212   0x00000000   Code   RO           84    .ARM.Collect$$libinit$$00000017  c_w.l(libinit2.o)
    0x08000212   0x08000212   0x00000000   Code   RO           86    .ARM.Collect$$libinit$$00000019  c_w.l(libinit2.o)
    0x08000212   0x08000212   0x00000000   Code   RO           88    .ARM.Collect$$libinit$$0000001B  c_w.l(libinit2.o)
    0x08000212   0x08000212   0x00000000   Code   RO           90    .ARM.Collect$$libinit$$0000001D  c_w.l(libinit2.o)
    0x08000212   0x08000212   0x00000000   Code   RO           92    .ARM.Collect$$libinit$$0000001F  c_w.l(libinit2.o)
    0x08000212   0x08000212   0x00000000   Code   RO           94    .ARM.Collect$$libinit$$00000021  c_w.l(libinit2.o)
    0x08000212   0x08000212   0x00000000   Code   RO           96    .ARM.Collect$$libinit$$00000023  c_w.l(libinit2.o)
    0x08000212   0x08000212   0x00000000   Code   RO           98    .ARM.Collect$$libinit$$00000025  c_w.l(libinit2.o)
    0x08000212   0x08000212   0x00000000   Code   RO          100    .ARM.Collect$$libinit$$00000027  c_w.l(libinit2.o)
    0x08000212   0x08000212   0x00000000   Code   RO          104    .ARM.Collect$$libinit$$0000002E  c_w.l(libinit2.o)
    0x08000212   0x08000212   0x00000000   Code   RO          106    .ARM.Collect$$libinit$$00000030  c_w.l(libinit2.o)
    0x08000212   0x08000212   0x00000000   Code   RO          108    .ARM.Collect$$libinit$$00000032  c_w.l(libinit2.o)
    0x08000212   0x08000212   0x00000000   Code   RO          110    .ARM.Collect$$libinit$$00000034  c_w.l(libinit2.o)
    0x08000212   0x08000212   0x00000002   Code   RO          111    .ARM.Collect$$libinit$$00000035  c_w.l(libinit2.o)
    0x08000214   0x08000214   0x00000002   Code   RO          133    .ARM.Collect$$libshutdown$$00000000  c_w.l(libshutdown.o)
    0x08000216   0x08000216   0x00000000   Code   RO          148    .ARM.Collect$$libshutdown$$00000002  c_w.l(libshutdown2.o)
    0x08000216   0x08000216   0x00000000   Code   RO          150    .ARM.Collect$$libshutdown$$00000004  c_w.l(libshutdown2.o)
    0x08000216   0x08000216   0x00000000   Code   RO          153    .ARM.Collect$$libshutdown$$00000007  c_w.l(libshutdown2.o)
    0x08000216   0x08000216   0x00000000   Code   RO          156    .ARM.Collect$$libshutdown$$0000000A  c_w.l(libshutdown2.o)
    0x08000216   0x08000216   0x00000000   Code   RO          158    .ARM.Collect$$libshutdown$$0000000C  c_w.l(libshutdown2.o)
    0x08000216   0x08000216   0x00000000   Code   RO          161    .ARM.Collect$$libshutdown$$0000000F  c_w.l(libshutdown2.o)
    0x08000216   0x08000216   0x00000002   Code   RO          162    .ARM.Collect$$libshutdown$$00000010  c_w.l(libshutdown2.o)
    0x08000218   0x08000218   0x00000000   Code   RO           34    .ARM.Collect$$rtentry$$00000000  c_w.l(__rtentry.o)
    0x08000218   0x08000218   0x00000000   Code   RO           36    .ARM.Collect$$rtentry$$00000002  c_w.l(__rtentry2.o)
    0x08000218   0x08000218   0x00000006   Code   RO           48    .ARM.Collect$$rtentry$$00000004  c_w.l(__rtentry4.o)
    0x0800021e   0x0800021e   0x00000000   Code   RO           38    .ARM.Collect$$rtentry$$00000009  c_w.l(__rtentry2.o)
    0x0800021e   0x0800021e   0x00000004   Code   RO           39    .ARM.Collect$$rtentry$$0000000A  c_w.l(__rtentry2.o)
    0x08000222   0x08000222   0x00000000   Code   RO           41    .ARM.Collect$$rtentry$$0000000C  c_w.l(__rtentry2.o)
    0x08000222   0x08000222   0x00000008   Code   RO           42    .ARM.Collect$$rtentry$$0000000D  c_w.l(__rtentry2.o)
    0x0800022a   0x0800022a   0x00000002   Code   RO           63    .ARM.Collect$$rtexit$$00000000  c_w.l(rtexit.o)
    0x0800022c   0x0800022c   0x00000000   Code   RO          113    .ARM.Collect$$rtexit$$00000002  c_w.l(rtexit2.o)
    0x0800022c   0x0800022c   0x00000004   Code   RO          114    .ARM.Collect$$rtexit$$00000003  c_w.l(rtexit2.o)
    0x08000230   0x08000230   0x00000006   Code   RO          115    .ARM.Collect$$rtexit$$00000004  c_w.l(rtexit2.o)
    0x08000236   0x08000236   0x00000002   PAD
    0x08000238   0x08000238   0x00000040   Code   RO           22    .text               startup_at32f415.o
    0x08000278   0x08000278   0x00000006   Code   RO           30    .text               c_w.l(heapauxi.o)
    0x0800027e   0x0800027e   0x0000004a   Code   RO           50    .text               c_w.l(sys_stackheap_outer.o)
    0x080002c8   0x080002c8   0x00000012   Code   RO           52    .text               c_w.l(exit.o)
    0x080002da   0x080002da   0x00000002   PAD
    0x080002dc   0x080002dc   0x00000008   Code   RO           60    .text               c_w.l(libspace.o)
    0x080002e4   0x080002e4   0x0000000c   Code   RO          123    .text               c_w.l(sys_exit.o)
    0x080002f0   0x080002f0   0x00000002   Code   RO          138    .text               c_w.l(use_no_semi.o)
    0x080002f2   0x080002f2   0x00000000   Code   RO          140    .text               c_w.l(indicate_semi.o)
    0x080002f2   0x080002f2   0x000000f0   Code   RO          384    .text               c_w.l(lludivv7m.o)
    0x080003e2   0x080003e2   0x00000002   PAD
    0x080003e4   0x080003e4   0x00000004   Code   RO          216    .text.BusFault_Handler  lto-llvm-bf01d3.o
    0x080003e8   0x080003e8   0x00000002   Code   RO          222    .text.DebugMon_Handler  lto-llvm-bf01d3.o
    0x080003ea   0x080003ea   0x00000002   PAD
    0x080003ec   0x080003ec   0x00000004   Code   RO          212    .text.HardFault_Handler  lto-llvm-bf01d3.o
    0x080003f0   0x080003f0   0x00000004   Code   RO          214    .text.MemManage_Handler  lto-llvm-bf01d3.o
    0x080003f4   0x080003f4   0x00000002   Code   RO          210    .text.NMI_Handler   lto-llvm-bf01d3.o
    0x080003f6   0x080003f6   0x00000002   PAD
    0x080003f8   0x080003f8   0x00000064   Code   RO          206    .text.NVIC_EncodePriority  lto-llvm-bf01d3.o
    0x0800045c   0x0800045c   0x00000062   Code   RO          322    .text.NVIC_EncodePriority.84  lto-llvm-bf01d3.o
    0x080004be   0x080004be   0x00000002   PAD
    0x080004c0   0x080004c0   0x00000002   Code   RO          224    .text.PendSV_Handler  lto-llvm-bf01d3.o
    0x080004c2   0x080004c2   0x00000002   PAD
    0x080004c4   0x080004c4   0x00000002   Code   RO          220    .text.SVC_Handler   lto-llvm-bf01d3.o
    0x080004c6   0x080004c6   0x00000002   PAD
    0x080004c8   0x080004c8   0x00000008   Code   RO          226    .text.SysTick_Handler  lto-llvm-bf01d3.o
    0x080004d0   0x080004d0   0x000000d2   Code   RO          360    .text.SystemInit    lto-llvm-bf01d3.o
    0x080005a2   0x080005a2   0x00000002   PAD
    0x080005a4   0x080005a4   0x00000240   Code   RO          228    .text.USART1_IRQHandler  lto-llvm-bf01d3.o
    0x080007e4   0x080007e4   0x00000004   Code   RO          218    .text.UsageFault_Handler  lto-llvm-bf01d3.o
    0x080007e8   0x080007e8   0x00000032   Code   RO          254    .text.__NVIC_ClearPendingIRQ  lto-llvm-bf01d3.o
    0x0800081a   0x0800081a   0x00000002   PAD
    0x0800081c   0x0800081c   0x0000003a   Code   RO          330    .text.__NVIC_DisableIRQ  lto-llvm-bf01d3.o
    0x08000856   0x08000856   0x00000002   PAD
    0x08000858   0x08000858   0x00000032   Code   RO          326    .text.__NVIC_EnableIRQ  lto-llvm-bf01d3.o
    0x0800088a   0x0800088a   0x00000002   PAD
    0x0800088c   0x0800088c   0x00000010   Code   RO          204    .text.__NVIC_GetPriorityGrouping  lto-llvm-bf01d3.o
    0x0800089c   0x0800089c   0x00000010   Code   RO          320    .text.__NVIC_GetPriorityGrouping.83  lto-llvm-bf01d3.o
    0x080008ac   0x080008ac   0x00000042   Code   RO          208    .text.__NVIC_SetPriority  lto-llvm-bf01d3.o
    0x080008ee   0x080008ee   0x00000002   PAD
    0x080008f0   0x080008f0   0x00000042   Code   RO          324    .text.__NVIC_SetPriority.85  lto-llvm-bf01d3.o
    0x08000932   0x08000932   0x00000002   PAD
    0x08000934   0x08000934   0x0000003c   Code   RO          334    .text.__NVIC_SetPriorityGrouping  lto-llvm-bf01d3.o
    0x08000970   0x08000970   0x0000014c   Code   RO          252    .text.app_load      lto-llvm-bf01d3.o
    0x08000abc   0x08000abc   0x000000e8   Code   RO          230    .text.convert_data  lto-llvm-bf01d3.o
    0x08000ba4   0x08000ba4   0x000000de   Code   RO          236    .text.copy_uint8_array  lto-llvm-bf01d3.o
    0x08000c82   0x08000c82   0x00000002   PAD
    0x08000c84   0x08000c84   0x0000004a   Code   RO          262    .text.crc_block_calculate  lto-llvm-bf01d3.o
    0x08000cce   0x08000cce   0x00000002   PAD
    0x08000cd0   0x08000cd0   0x00000012   Code   RO          260    .text.crc_data_reset  lto-llvm-bf01d3.o
    0x08000ce2   0x08000ce2   0x00000002   PAD
    0x08000ce4   0x08000ce4   0x00000018   Code   RO          264    .text.crc_init_data_set  lto-llvm-bf01d3.o
    0x08000cfc   0x08000cfc   0x00000028   Code   RO          272    .text.crc_poly_size_set  lto-llvm-bf01d3.o
    0x08000d24   0x08000d24   0x0000001c   Code   RO          270    .text.crc_poly_value_set  lto-llvm-bf01d3.o
    0x08000d40   0x08000d40   0x00000028   Code   RO          266    .text.crc_reverse_input_data_set  lto-llvm-bf01d3.o
    0x08000d68   0x08000d68   0x00000028   Code   RO          268    .text.crc_reverse_output_data_set  lto-llvm-bf01d3.o
    0x08000d90   0x08000d90   0x00000028   Code   RO          284    .text.crm_ahb_div_set  lto-llvm-bf01d3.o
    0x08000db8   0x08000db8   0x00000028   Code   RO          286    .text.crm_apb1_div_set  lto-llvm-bf01d3.o
    0x08000de0   0x08000de0   0x00000028   Code   RO          288    .text.crm_apb2_div_set  lto-llvm-bf01d3.o
    0x08000e08   0x08000e08   0x00000038   Code   RO          298    .text.crm_auto_step_mode_enable  lto-llvm-bf01d3.o
    0x08000e40   0x08000e40   0x000000a2   Code   RO          282    .text.crm_clock_source_enable  lto-llvm-bf01d3.o
    0x08000ee2   0x08000ee2   0x00000002   PAD
    0x08000ee4   0x08000ee4   0x00000262   Code   RO          296    .text.crm_clocks_freq_get  lto-llvm-bf01d3.o
    0x08001146   0x08001146   0x00000002   PAD
    0x08001148   0x08001148   0x0000003e   Code   RO          276    .text.crm_flag_get  lto-llvm-bf01d3.o
    0x08001186   0x08001186   0x00000002   PAD
    0x08001188   0x08001188   0x0000005c   Code   RO          278    .text.crm_hext_stable_wait  lto-llvm-bf01d3.o
    0x080011e4   0x080011e4   0x00000054   Code   RO          280    .text.crm_periph_clock_enable  lto-llvm-bf01d3.o
    0x08001238   0x08001238   0x000001e6   Code   RO          290    .text.crm_pll_config  lto-llvm-bf01d3.o
    0x0800141e   0x0800141e   0x00000002   PAD
    0x08001420   0x08001420   0x0000009c   Code   RO          274    .text.crm_reset     lto-llvm-bf01d3.o
    0x080014bc   0x080014bc   0x00000048   Code   RO          292    .text.crm_sysclk_switch  lto-llvm-bf01d3.o
    0x08001504   0x08001504   0x00000010   Code   RO          294    .text.crm_sysclk_switch_status_get  lto-llvm-bf01d3.o
    0x08001514   0x08001514   0x00000084   Code   RO          256    .text.flash_2kb_write  lto-llvm-bf01d3.o
    0x08001598   0x08001598   0x00000040   Code   RO          310    .text.flash_halfword_program  lto-llvm-bf01d3.o
    0x080015d8   0x080015d8   0x00000012   Code   RO          306    .text.flash_lock    lto-llvm-bf01d3.o
    0x080015ea   0x080015ea   0x00000002   PAD
    0x080015ec   0x080015ec   0x00000068   Code   RO          300    .text.flash_operation_status_get  lto-llvm-bf01d3.o
    0x08001654   0x08001654   0x00000056   Code   RO          302    .text.flash_operation_wait_for  lto-llvm-bf01d3.o
    0x080016aa   0x080016aa   0x00000002   PAD
    0x080016ac   0x080016ac   0x00000048   Code   RO          308    .text.flash_sector_erase  lto-llvm-bf01d3.o
    0x080016f4   0x080016f4   0x0000001e   Code   RO          304    .text.flash_unlock  lto-llvm-bf01d3.o
    0x08001712   0x08001712   0x00000002   PAD
    0x08001714   0x08001714   0x00000032   Code   RO          258    .text.flash_upgrade_flag_read  lto-llvm-bf01d3.o
    0x08001746   0x08001746   0x00000002   PAD
    0x08001748   0x08001748   0x00000026   Code   RO          314    .text.gpio_default_para_init  lto-llvm-bf01d3.o
    0x0800176e   0x0800176e   0x00000002   PAD
    0x08001770   0x08001770   0x0000014c   Code   RO          312    .text.gpio_init     lto-llvm-bf01d3.o
    0x080018bc   0x080018bc   0x000000a2   Code   RO          316    .text.gpio_pin_remap_config  lto-llvm-bf01d3.o
    0x0800195e   0x0800195e   0x00000002   PAD
    0x08001960   0x08001960   0x0000009a   Code   RO          196    .text.main          lto-llvm-bf01d3.o
    0x080019fa   0x080019fa   0x00000002   PAD
    0x080019fc   0x080019fc   0x00000014   Code   RO          328    .text.nvic_irq_disable  lto-llvm-bf01d3.o
    0x08001a10   0x08001a10   0x00000036   Code   RO          318    .text.nvic_irq_enable  lto-llvm-bf01d3.o
    0x08001a46   0x08001a46   0x00000002   PAD
    0x08001a48   0x08001a48   0x00000016   Code   RO          332    .text.nvic_priority_group_config  lto-llvm-bf01d3.o
    0x08001a5e   0x08001a5e   0x00000002   PAD
    0x08001a60   0x08001a60   0x00000228   Code   RO          362    .text.system_core_clock_update  lto-llvm-bf01d3.o
    0x08001c88   0x08001c88   0x0000003a   Code   RO          336    .text.systick_clock_source_config  lto-llvm-bf01d3.o
    0x08001cc2   0x08001cc2   0x00000002   PAD
    0x08001cc4   0x08001cc4   0x000000a8   Code   RO          232    .text.usart1_connet_pc  lto-llvm-bf01d3.o
    0x08001d6c   0x08001d6c   0x000000a8   Code   RO          238    .text.usart1_send_error  lto-llvm-bf01d3.o
    0x08001e14   0x08001e14   0x000000aa   Code   RO          234    .text.usart1_send_ok  lto-llvm-bf01d3.o
    0x08001ebe   0x08001ebe   0x00000002   PAD
    0x08001ec0   0x08001ec0   0x00000016   Code   RO          352    .text.usart_data_receive  lto-llvm-bf01d3.o
    0x08001ed6   0x08001ed6   0x00000002   PAD
    0x08001ed8   0x08001ed8   0x00000020   Code   RO          350    .text.usart_data_transmit  lto-llvm-bf01d3.o
    0x08001ef8   0x08001ef8   0x0000002c   Code   RO          342    .text.usart_enable  lto-llvm-bf01d3.o
    0x08001f24   0x08001f24   0x00000034   Code   RO          356    .text.usart_flag_get  lto-llvm-bf01d3.o
    0x08001f58   0x08001f58   0x0000009a   Code   RO          354    .text.usart_hardware_flow_control_set  lto-llvm-bf01d3.o
    0x08001ff2   0x08001ff2   0x00000002   PAD
    0x08001ff4   0x08001ff4   0x000000d4   Code   RO          338    .text.usart_init    lto-llvm-bf01d3.o
    0x080020c8   0x080020c8   0x0000005a   Code   RO          348    .text.usart_interrupt_enable  lto-llvm-bf01d3.o
    0x08002122   0x08002122   0x00000002   PAD
    0x08002124   0x08002124   0x00000128   Code   RO          358    .text.usart_interrupt_flag_get  lto-llvm-bf01d3.o
    0x0800224c   0x0800224c   0x00000078   Code   RO          340    .text.usart_parity_selection_config  lto-llvm-bf01d3.o
    0x080022c4   0x080022c4   0x0000002c   Code   RO          346    .text.usart_receiver_enable  lto-llvm-bf01d3.o
    0x080022f0   0x080022f0   0x0000002c   Code   RO          344    .text.usart_transmitter_enable  lto-llvm-bf01d3.o
    0x0800231c   0x0800231c   0x0000001c   Code   RO          246    .text.wk_crc_init   lto-llvm-bf01d3.o
    0x08002338   0x08002338   0x00000008   Code   RO          248    .text.wk_debug_config  lto-llvm-bf01d3.o
    0x08002340   0x08002340   0x00000098   Code   RO          202    .text.wk_nvic_config  lto-llvm-bf01d3.o
    0x080023d8   0x080023d8   0x0000003e   Code   RO          200    .text.wk_periph_clock_config  lto-llvm-bf01d3.o
    0x08002416   0x08002416   0x00000002   PAD
    0x08002418   0x08002418   0x0000009e   Code   RO          198    .text.wk_system_clock_config  lto-llvm-bf01d3.o
    0x080024b6   0x080024b6   0x00000002   PAD
    0x080024b8   0x080024b8   0x00000008   Code   RO          244    .text.wk_timebase_handler  lto-llvm-bf01d3.o
    0x080024c0   0x080024c0   0x00000010   Code   RO          240    .text.wk_timebase_increase  lto-llvm-bf01d3.o
    0x080024d0   0x080024d0   0x00000056   Code   RO          242    .text.wk_timebase_init  lto-llvm-bf01d3.o
    0x08002526   0x08002526   0x00000002   PAD
    0x08002528   0x08002528   0x0000006c   Code   RO          250    .text.wk_usart1_init  lto-llvm-bf01d3.o
    0x08002594   0x08002594   0x00000010   Data   RO          377    .rodata.cst16       lto-llvm-bf01d3.o
    0x080025a4   0x080025a4   0x00000010   Data   RO          375    .rodata.cst8        lto-llvm-bf01d3.o
    0x080025b4   0x080025b4   0x00000020   Data   RO          397    Region$$Table       anon$$obj.o


    Execution Region RW_IRAM1 (Exec base: 0x20000000, Load base: 0x080025d8, Size: 0x000012a8, Max: 0x00008000, ABSOLUTE)

    Exec Addr    Load Addr    Size         Type   Attr      Idx    E Section Name        Object

    0x20000000   0x080025d8   0x00000004   Data   RW          365    .data.flash_add     lto-llvm-bf01d3.o
    0x20000004   0x080025dc   0x00000004   Data   RW          376    .data.system_core_clock  lto-llvm-bf01d3.o
    0x20000008        -       0x00000060   Zero   RW           61    .bss                c_w.l(libspace.o)
    0x20000068        -       0x00000002   Zero   RW          367    .bss.USART1_IRQHandler.count  lto-llvm-bf01d3.o
    0x2000006a        -       0x00000002   Zero   RW          366    .bss.USART1_IRQHandler.reval  lto-llvm-bf01d3.o
    0x2000006c        -       0x00000001   Zero   RW          371    .bss.iap_done       lto-llvm-bf01d3.o
    0x2000006d   0x080025e0   0x00000003   PAD
    0x20000070        -       0x00000004   Zero   RW          374    .bss.jump_to_app    lto-llvm-bf01d3.o
    0x20000074        -       0x00000400   Zero   RW          370    .bss.pro_buff       lto-llvm-bf01d3.o
    0x20000474        -       0x00000004   Zero   RW          373    .bss.timebase_ticks  lto-llvm-bf01d3.o
    0x20000478        -       0x00000408   Zero   RW          369    .bss.usart1_crc_buff  lto-llvm-bf01d3.o
    0x20000880        -       0x0000040c   Zero   RW          368    .bss.usart1_rx_buff  lto-llvm-bf01d3.o
    0x20000c8c        -       0x00000016   Zero   RW          372    .bss.usart1_tx_buff  lto-llvm-bf01d3.o
    0x20000ca2   0x080025e0   0x00000006   PAD
    0x20000ca8        -       0x00000200   Zero   RW           20    HEAP                startup_at32f415.o
    0x20000ea8        -       0x00000400   Zero   RW           19    STACK               startup_at32f415.o


==============================================================================

Image component sizes


      Code (inc. data)   RO Data    RW Data    ZI Data      Debug   Object Name

      8554          6         32          8       3127      62958   lto-llvm-bf01d3.o
        64         26        368          0       1536        808   startup_at32f415.o

    ----------------------------------------------------------------------
      8688         32        432          8       4672      63766   Object Totals
         0          0         32          0          0          0   (incl. Generated)
        70          0          0          0          9          0   (incl. Padding)

    ----------------------------------------------------------------------

      Code (inc. data)   RO Data    RW Data    ZI Data      Debug   Library Member Name

         8          0          0          0          0         68   __main.o
         0          0          0          0          0          0   __rtentry.o
        12          0          0          0          0          0   __rtentry2.o
         6          0          0          0          0          0   __rtentry4.o
        94          8          0          0          0          0   __scatter.o
        26          0          0          0          0          0   __scatter_copy.o
        28          0          0          0          0          0   __scatter_zi.o
        18          0          0          0          0         80   exit.o
         6          0          0          0          0        152   heapauxi.o
         0          0          0          0          0          0   indicate_semi.o
         2          0          0          0          0          0   libinit.o
         2          0          0          0          0          0   libinit2.o
         2          0          0          0          0          0   libshutdown.o
         2          0          0          0          0          0   libshutdown2.o
         8          4          0          0         96         68   libspace.o
       240          0          0          0          0        100   lludivv7m.o
         2          0          0          0          0          0   rtexit.o
        10          0          0          0          0          0   rtexit2.o
        12          4          0          0          0         68   sys_exit.o
        74          0          0          0          0         80   sys_stackheap_outer.o
         2          0          0          0          0         68   use_no_semi.o

    ----------------------------------------------------------------------
       564         16          0          0         96        684   Library Totals
        10          0          0          0          0          0   (incl. Padding)

    ----------------------------------------------------------------------

      Code (inc. data)   RO Data    RW Data    ZI Data      Debug   Library Name

       554         16          0          0         96        684   c_w.l

    ----------------------------------------------------------------------
       564         16          0          0         96        684   Library Totals

    ----------------------------------------------------------------------

==============================================================================


      Code (inc. data)   RO Data    RW Data    ZI Data      Debug   

      9252         48        432          8       4768      64358   Grand Totals
      9252         48        432          8       4768      64358   ELF Image Totals
      9252         48        432          8          0          0   ROM Totals

==============================================================================

    Total RO  Size (Code + RO Data)                 9684 (   9.46kB)
    Total RW  Size (RW Data + ZI Data)              4776 (   4.66kB)
    Total ROM Size (Code + RO Data + RW Data)       9692 (   9.46kB)

==============================================================================

