<html>
<body>
<pre>
<h1>µVision Build Log</h1>
<h2>Tool Versions:</h2>
IDE-Version: ¦ÌVision V5.38.0.0
Copyright (C) 2022 ARM Ltd and ARM Germany GmbH. All rights reserved.
License Information: H Administrator, wz, LIC=EXJT4-FSWG5-MMD9I-TXPID-X4RU1-TLSPW
 
Tool Versions:
Toolchain:       MDK-ARM Plus  Version: 5.37.0.0
Toolchain Path:  D:\Work Program\Keil_v5\ARM\ARMCLANG\Bin
C Compiler:      ArmClang.exe V6.18
Assembler:       Armasm.exe V6.18
Linker/Locator:  ArmLink.exe V6.18
Library Manager: ArmAr.exe V6.18
Hex Converter:   FromElf.exe V6.18
CPU DLL:         SARMCM3.DLL V5.37.0.0
Dialog DLL:      DCM.DLL V1.17.5.0
Target DLL:      Segger\JL2CM3.dll V2.99.42.0
Dialog DLL:      TCM.DLL V1.56.1.0
 
<h2>Project:</h2>
D:\Work Area\Code For WorkBench\BF05_Direct\app\project\MDK_V5\AT32F415RBT7_WorkBench.uvprojx
Project File Date:  06/30/2025

<h2>Output:</h2>
*** Using Compiler 'V6.18', folder: 'D:\Work Program\Keil_v5\ARM\ARMCLANG\Bin'
Build target 'AT32F415RBT7_WorkBench'
compiling dwin_handle.c.c...
linking...
Program Size: Code=87616 RO-data=508 RW-data=160 ZI-data=6280  
FromELF: creating hex file...
After Build - User command #1: fromelf.exe --bin --output .\Listings\AT32F415RBT7_WorkBench.bin .\objects\AT32F415RBT7_WorkBench.axf
After Build - User command #2: "D:\Work Area\Code For WorkBench\FWG2\app\project\MDK_V5\keil5_disp_size_bar.exe"
ram:
  RW_IRAM1 :0x20000000
   32.00 KB :|¡ö¡ö¡ö_________________|   19.65 % (    6.29 KB /    32.00 KB) [26328 B]
flash:
  ER_IROM1 :0x8004000
  128.00 KB :|¡ö¡ö¡ö¡ö¡ö¡ö¡ö¡ö¡ö¡ö¡ö¡ö¡ö_______|   67.23 % (   86.06 KB /   128.00 KB) [42948 B]
".\objects\AT32F415RBT7_WorkBench.axf" - 0 Error(s), 0 Warning(s).

<h2>Software Packages used:</h2>

Package Vendor: ARM
                https://www.keil.com/pack/ARM.CMSIS.6.1.0.pack
                ARM.CMSIS.6.1.0
                CMSIS (Common Microcontroller Software Interface Standard)
   * Component: CORE Version: 6.1.0

Package Vendor: ARM
                https://www.keil.com/pack/ARM.CMSIS-Compiler.2.1.0.pack
                ARM.CMSIS-Compiler.2.1.0
                CMSIS Compiler extensions for Arm Compiler, GCC, Clang, and IAR Compiler
   * Component: STDOUT Version: 1.1.0
   * Component: CORE Version: 1.1.0
   * Component: Event Recorder Version: 1.1.0

Package Vendor: ARM
                https://www.keil.com/pack/ARM.CMSIS-View.1.2.0.pack
                ARM.CMSIS-View.1.2.0
                Debugger visualization of software events and statistics
   * Component: Event Recorder Variant: DAP Version: 1.6.0

Package Vendor: ArteryTek
                
                ArteryTek.AT32F415_DFP.2.1.6
                ArteryTek AT32F415 Series Device Support,Drivers

<h2>Collection of Component include folders:</h2>
  ./RTE/CMSIS-View
  ./RTE/_AT32F415RBT7_WorkBench
  C:/Users/Administrator/AppData/Local/Arm/Packs/ARM/CMSIS-Compiler/2.1.0/include
  C:/Users/Administrator/AppData/Local/Arm/Packs/ARM/CMSIS-View/1.2.0/EventRecorder/Include
  C:/Users/Administrator/AppData/Local/Arm/Packs/ARM/CMSIS/6.1.0/CMSIS/Core/Include
  C:/Users/Administrator/AppData/Local/Arm/Packs/ArteryTek/AT32F415_DFP/2.1.6/Device/Include

<h2>Collection of Component Files used:</h2>

   * Component: ::CMSIS-Compiler:STDOUT:1.1.0 (API)
      Include file:  include/retarget_stdout.h

   * Component: ARM::CMSIS-Compiler:CORE:1.1.0
      Source file:   source/armcc/retarget_io.c

   * Component: ARM::CMSIS-Compiler:STDOUT:Event Recorder:1.1.0
      Source file:   source/stdout_evr.c

   * Component: ARM::CMSIS-View:Event Recorder:DAP:1.6.0
      Source file:   EventRecorder/Source/EventRecorder.c
      Include file:  EventRecorder/Config/EventRecorderConf.h
      Include file:  EventRecorder/Include/EventRecorder.h

   * Component: ARM::CMSIS:CORE:6.1.0
Build Time Elapsed:  00:00:01
</pre>
</body>
</html>
